rank= 4 Lx=Ly=12 pg= 0.500 ids=   4 TEE=0
rank=18 Lx=Ly=12 pg= 0.500 ids=  18 TEE=0
rank=16 Lx=Ly=12 pg= 0.500 ids=  16 TEE=0
rank= 0 Lx=Ly=12 pg= 0.500 ids=   0 TEE=0
rank=17 Lx=Ly=12 pg= 0.500 ids=  17 TEE=0
rank=13 Lx=Ly=12 pg= 0.500 ids=  13 TEE=0
rank= 8 Lx=Ly=12 pg= 0.500 ids=   8 TEE=0
rank= 7 Lx=Ly=12 pg= 0.500 ids=   7 TEE=0
rank=10 Lx=Ly=12 pg= 0.500 ids=  10 TEE=0
rank=12 Lx=Ly=12 pg= 0.500 ids=  12 TEE=0
rank=19 Lx=Ly=12 pg= 0.500 ids=  19 TEE=0
rank= 6 Lx=Ly=12 pg= 0.500 ids=   6 TEE=0
rank= 3 Lx=Ly=12 pg= 0.500 ids=   3 TEE=0
rank= 9 Lx=Ly=12 pg= 0.500 ids=   9 TEE=0
rank= 4 Lx=Ly=12 pg= 0.500 ids=  24 TEE=0
rank=18 Lx=Ly=12 pg= 0.500 ids=  38 TEE=0
rank= 0 Lx=Ly=12 pg= 0.500 ids=  20 TEE=0
rank=16 Lx=Ly=12 pg= 0.500 ids=  36 TEE=0
rank=17 Lx=Ly=12 pg= 0.500 ids=  37 TEE=0
rank= 7 Lx=Ly=12 pg= 0.500 ids=  27 TEE=0
rank=11 Lx=Ly=12 pg= 0.500 ids=  11 TEE=0
rank=12 Lx=Ly=12 pg= 0.500 ids=  32 TEE=0
rank= 8 Lx=Ly=12 pg= 0.500 ids=  28 TEE=0
rank= 5 Lx=Ly=12 pg= 0.500 ids=   5 TEE=0
rank=10 Lx=Ly=12 pg= 0.500 ids=  30 TEE=0
rank= 1 Lx=Ly=12 pg= 0.500 ids=   1 TEE=0
rank= 6 Lx=Ly=12 pg= 0.500 ids=  26 TEE=0
rank=14 Lx=Ly=12 pg= 0.500 ids=  14 TEE=0
rank=15 Lx=Ly=12 pg= 0.500 ids=  15 TEE=0
rank= 2 Lx=Ly=12 pg= 0.500 ids=   2 TEE=0
rank=13 Lx=Ly=12 pg= 0.500 ids=  33 TEE=0
rank=19 Lx=Ly=12 pg= 0.500 ids=  39 TEE=0
rank= 4 Lx=Ly=12 pg= 0.500 ids=  44 TEE=0
rank=18 Lx=Ly=12 pg= 0.500 ids=  58 TEE=0
rank= 0 Lx=Ly=12 pg= 0.500 ids=  40 TEE=0
rank=16 Lx=Ly=12 pg= 0.500 ids=  56 TEE=0
rank=17 Lx=Ly=12 pg= 0.500 ids=  57 TEE=0
rank= 8 Lx=Ly=12 pg= 0.500 ids=  48 TEE=0
rank=10 Lx=Ly=12 pg= 0.500 ids=  50 TEE=0
rank= 6 Lx=Ly=12 pg= 0.500 ids=  46 TEE=0
rank=12 Lx=Ly=12 pg= 0.500 ids=  52 TEE=0
rank= 7 Lx=Ly=12 pg= 0.500 ids=  47 TEE=0
rank=19 Lx=Ly=12 pg= 0.500 ids=  59 TEE=0
rank=13 Lx=Ly=12 pg= 0.500 ids=  53 TEE=0
rank= 3 Lx=Ly=12 pg= 0.500 ids=  23 TEE=0
rank=11 Lx=Ly=12 pg= 0.500 ids=  31 TEE=0
rank= 4 Lx=Ly=12 pg= 0.500 ids=  64 TEE=0
rank=18 Lx=Ly=12 pg= 0.500 ids=  78 TEE=0
rank= 0 Lx=Ly=12 pg= 0.500 ids=  60 TEE=0
rank=16 Lx=Ly=12 pg= 0.500 ids=  76 TEE=0
rank=17 Lx=Ly=12 pg= 0.500 ids=  77 TEE=0
rank= 1 Lx=Ly=12 pg= 0.500 ids=  21 TEE=0
rank=12 Lx=Ly=12 pg= 0.500 ids=  72 TEE=0
rank= 8 Lx=Ly=12 pg= 0.500 ids=  68 TEE=0
rank= 5 Lx=Ly=12 pg= 0.500 ids=  25 TEE=0
rank=10 Lx=Ly=12 pg= 0.500 ids=  70 TEE=0
rank= 6 Lx=Ly=12 pg= 0.500 ids=  66 TEE=0
rank= 9 Lx=Ly=12 pg= 0.500 ids=  29 TEE=0
rank=19 Lx=Ly=12 pg= 0.500 ids=  79 TEE=0
rank= 7 Lx=Ly=12 pg= 0.500 ids=  67 TEE=0
rank=15 Lx=Ly=12 pg= 0.500 ids=  35 TEE=0
rank= 2 Lx=Ly=12 pg= 0.500 ids=  22 TEE=0
rank=13 Lx=Ly=12 pg= 0.500 ids=  73 TEE=0
rank=14 Lx=Ly=12 pg= 0.500 ids=  34 TEE=0
rank= 4 Lx=Ly=12 pg= 0.500 ids=  84 TEE=0
rank=18 Lx=Ly=12 pg= 0.500 ids=  98 TEE=0
rank= 0 Lx=Ly=12 pg= 0.500 ids=  80 TEE=0
rank=16 Lx=Ly=12 pg= 0.500 ids=  96 TEE=0
rank=17 Lx=Ly=12 pg= 0.500 ids=  97 TEE=0
rank=12 Lx=Ly=12 pg= 0.500 ids=  92 TEE=0
rank=10 Lx=Ly=12 pg= 0.500 ids=  90 TEE=0
rank= 8 Lx=Ly=12 pg= 0.500 ids=  88 TEE=0
rank= 7 Lx=Ly=12 pg= 0.500 ids=  87 TEE=0
rank=19 Lx=Ly=12 pg= 0.500 ids=  99 TEE=0
rank=13 Lx=Ly=12 pg= 0.500 ids=  93 TEE=0
rank= 6 Lx=Ly=12 pg= 0.500 ids=  86 TEE=0
rank= 1 Lx=Ly=12 pg= 0.500 ids=  41 TEE=0
rank= 3 Lx=Ly=12 pg= 0.500 ids=  43 TEE=0
rank=11 Lx=Ly=12 pg= 0.500 ids=  51 TEE=0
rank= 0 Lx=Ly=12 pg= 0.500 ids= 100 TEE=0
rank= 4 Lx=Ly=12 pg= 0.500 ids= 104 TEE=0
rank= 2 Lx=Ly=12 pg= 0.500 ids=  42 TEE=0
rank=18 Lx=Ly=12 pg= 0.500 ids= 118 TEE=0
rank=16 Lx=Ly=12 pg= 0.500 ids= 116 TEE=0
rank= 5 Lx=Ly=12 pg= 0.500 ids=  45 TEE=0
rank=17 Lx=Ly=12 pg= 0.500 ids= 117 TEE=0
rank=12 Lx=Ly=12 pg= 0.500 ids= 112 TEE=0
rank=14 Lx=Ly=12 pg= 0.500 ids=  54 TEE=0
rank=15 Lx=Ly=12 pg= 0.500 ids=  55 TEE=0
rank= 9 Lx=Ly=12 pg= 0.500 ids=  49 TEE=0
rank=10 Lx=Ly=12 pg= 0.500 ids= 110 TEE=0
rank=19 Lx=Ly=12 pg= 0.500 ids= 119 TEE=0
rank=13 Lx=Ly=12 pg= 0.500 ids= 113 TEE=0
rank= 6 Lx=Ly=12 pg= 0.500 ids= 106 TEE=0
rank= 7 Lx=Ly=12 pg= 0.500 ids= 107 TEE=0
rank= 8 Lx=Ly=12 pg= 0.500 ids= 108 TEE=0
rank=16 Lx=Ly=12 pg= 0.500 ids= 136 TEE=0
rank=17 Lx=Ly=12 pg= 0.500 ids= 137 TEE=0
rank= 3 Lx=Ly=12 pg= 0.500 ids=  63 TEE=0
rank= 0 Lx=Ly=12 pg= 0.500 ids= 120 TEE=0
rank= 4 Lx=Ly=12 pg= 0.500 ids= 124 TEE=0
rank=12 Lx=Ly=12 pg= 0.500 ids= 132 TEE=0
rank=18 Lx=Ly=12 pg= 0.500 ids= 138 TEE=0
rank= 1 Lx=Ly=12 pg= 0.500 ids=  61 TEE=0
rank= 9 Lx=Ly=12 pg= 0.500 ids=  69 TEE=0
rank=13 Lx=Ly=12 pg= 0.500 ids= 133 TEE=0
rank= 6 Lx=Ly=12 pg= 0.500 ids= 126 TEE=0
rank= 7 Lx=Ly=12 pg= 0.500 ids= 127 TEE=0
rank=10 Lx=Ly=12 pg= 0.500 ids= 130 TEE=0
rank=19 Lx=Ly=12 pg= 0.500 ids= 139 TEE=0
rank= 8 Lx=Ly=12 pg= 0.500 ids= 128 TEE=0
rank=11 Lx=Ly=12 pg= 0.500 ids=  71 TEE=0
rank= 2 Lx=Ly=12 pg= 0.500 ids=  62 TEE=0
rank=14 Lx=Ly=12 pg= 0.500 ids=  74 TEE=0
rank=15 Lx=Ly=12 pg= 0.500 ids=  75 TEE=0
rank=17 Lx=Ly=12 pg= 0.500 ids= 157 TEE=0
rank= 5 Lx=Ly=12 pg= 0.500 ids=  65 TEE=0
rank= 3 Lx=Ly=12 pg= 0.500 ids=  83 TEE=0
rank= 4 Lx=Ly=12 pg= 0.500 ids= 144 TEE=0
rank= 0 Lx=Ly=12 pg= 0.500 ids= 140 TEE=0
rank= 9 Lx=Ly=12 pg= 0.500 ids=  89 TEE=0
rank= 6 Lx=Ly=12 pg= 0.500 ids= 146 TEE=0
rank= 7 Lx=Ly=12 pg= 0.500 ids= 147 TEE=0
rank=19 Lx=Ly=12 pg= 0.500 ids= 159 TEE=0
rank=10 Lx=Ly=12 pg= 0.500 ids= 150 TEE=0
rank=13 Lx=Ly=12 pg= 0.500 ids= 153 TEE=0
rank= 8 Lx=Ly=12 pg= 0.500 ids= 148 TEE=0
rank=12 Lx=Ly=12 pg= 0.500 ids= 152 TEE=0
rank=17 Lx=Ly=12 pg= 0.500 ids= 177 TEE=0
rank= 0 Lx=Ly=12 pg= 0.500 ids= 160 TEE=0
rank= 4 Lx=Ly=12 pg= 0.500 ids= 164 TEE=0
rank=16 Lx=Ly=12 pg= 0.500 ids= 156 TEE=0
rank= 3 Lx=Ly=12 pg= 0.500 ids= 103 TEE=0
rank= 1 Lx=Ly=12 pg= 0.500 ids=  81 TEE=0
rank= 9 Lx=Ly=12 pg= 0.500 ids= 109 TEE=0
rank=18 Lx=Ly=12 pg= 0.500 ids= 158 TEE=0
rank= 2 Lx=Ly=12 pg= 0.500 ids=  82 TEE=0
rank= 7 Lx=Ly=12 pg= 0.500 ids= 167 TEE=0
rank=11 Lx=Ly=12 pg= 0.500 ids=  91 TEE=0
rank= 6 Lx=Ly=12 pg= 0.500 ids= 166 TEE=0
rank=19 Lx=Ly=12 pg= 0.500 ids= 179 TEE=0
rank= 8 Lx=Ly=12 pg= 0.500 ids= 168 TEE=0
rank=13 Lx=Ly=12 pg= 0.500 ids= 173 TEE=0
rank=10 Lx=Ly=12 pg= 0.500 ids= 170 TEE=0
rank=15 Lx=Ly=12 pg= 0.500 ids=  95 TEE=0
rank=14 Lx=Ly=12 pg= 0.500 ids=  94 TEE=0
rank= 5 Lx=Ly=12 pg= 0.500 ids=  85 TEE=0
rank=17 Lx=Ly=12 pg= 0.500 ids= 197 TEE=0
rank= 4 Lx=Ly=12 pg= 0.500 ids= 184 TEE=0
rank= 3 Lx=Ly=12 pg= 0.500 ids= 123 TEE=0
rank= 0 Lx=Ly=12 pg= 0.500 ids= 180 TEE=0
rank=12 Lx=Ly=12 pg= 0.500 ids= 172 TEE=0
rank= 9 Lx=Ly=12 pg= 0.500 ids= 129 TEE=0
rank= 1 Lx=Ly=12 pg= 0.500 ids= 101 TEE=0
rank=16 Lx=Ly=12 pg= 0.500 ids= 176 TEE=0
rank= 6 Lx=Ly=12 pg= 0.500 ids= 186 TEE=0
rank=19 Lx=Ly=12 pg= 0.500 ids= 199 TEE=0
rank=18 Lx=Ly=12 pg= 0.500 ids= 178 TEE=0
rank= 7 Lx=Ly=12 pg= 0.500 ids= 187 TEE=0
rank= 2 Lx=Ly=12 pg= 0.500 ids= 102 TEE=0
rank=10 Lx=Ly=12 pg= 0.500 ids= 190 TEE=0
rank= 8 Lx=Ly=12 pg= 0.500 ids= 188 TEE=0
rank=13 Lx=Ly=12 pg= 0.500 ids= 193 TEE=0
rank=15 Lx=Ly=12 pg= 0.500 ids= 115 TEE=0
rank=11 Lx=Ly=12 pg= 0.500 ids= 111 TEE=0
rank=14 Lx=Ly=12 pg= 0.500 ids= 114 TEE=0
rank= 5 Lx=Ly=12 pg= 0.500 ids= 105 TEE=0
rank=17 Lx=Ly=12 pg= 0.500 ids= 217 TEE=0
rank= 0 Lx=Ly=12 pg= 0.500 ids= 200 TEE=0
rank= 4 Lx=Ly=12 pg= 0.500 ids= 204 TEE=0
rank= 3 Lx=Ly=12 pg= 0.500 ids= 143 TEE=0

===================================================================================
=   BAD TERMINATION OF ONE OF YOUR APPLICATION PROCESSES
=   PID 141344 RUNNING AT moja
=   EXIT CODE: 9
=   CLEANING UP REMAINING PROCESSES
=   YOU CAN IGNORE THE BELOW CLEANUP MESSAGES
===================================================================================
YOUR APPLICATION TERMINATED WITH THE EXIT STRING: Killed (signal 9)
This typically refers to a problem with your application.
Please see the FAQ page for debugging suggestions
