0.0	0.0	0.0	0.0
0.1	0.1825	0.19919374999999997	0.015789357721946434
0.2	0.5775	0.4639937499999999	0.024098092976548642
0.3	0.90625	0.7974609375	0.031592305456868766
0.4	0.94375	0.6030859374999998	0.027473640512840406
0.5	1.34375	1.1255859375	0.03753322995778314
0.6	2.5525	1.6422437499999998	0.045336231701378765
0.7	3.34625	1.6463609375	0.04539302623105245
0.8	4.39375	1.0712109375	0.036615427538023375
0.9	4.69375	0.6499609375000002	0.028521360537036175
1.0	5.005	0.144975	0.013470172862520462
0.0	0.0	0.0	0.0
0.0	0.0	0.0	0.0
0.0	0.0	0.0	0.0
0.0	0.0	0.0	0.0
0.0	0.0	0.0	0.0
0.0	0.0	0.0	0.0
0.0	0.0	0.0	0.0
0.0	0.0	0.0	0.0
0.1	0.18	0.19760000000000003	0.015726065509863732
0.0	0.0	0.0	0.0
0.0	0.0	0.0	0.0
0.1	0.17875	0.1967984375	0.015694136780549872
0.0	0.0	0.0	0.0
0.0	0.0	0.0	0.0
0.0	0.0	0.0	0.0
0.0	0.0	0.0	0.0
0.0	0.0	0.0	0.0
0.0	0.0	0.0	0.0
0.0	0.0	0.0	0.0
0.0	0.0	0.0	0.0
0.1	0.18	0.19760000000000003	0.015726065509863732
0.1	0.185	0.20077499999999998	0.015851903783677172
0.1	0.1775	0.19599375	0.015662018101565558
0.1	0.17625	0.19518593750000002	0.01562970830188467
0.0	0.0	0.0	0.0
0.1	0.17875	0.1967984375	0.015694136780549872
0.0	0.0	0.0	0.0
0.1	0.18	0.19760000000000003	0.015726065509863732
0.2	0.5775	0.4639937499999999	0.024098092976548642
0.1	0.17625	0.19518593750000002	0.01562970830188467
0.2	0.5775	0.4639937499999999	0.024098092976548642
0.1	0.18125	0.1983984375	0.015757805444144797
0.1	0.18	0.19760000000000003	0.015726065509863732
0.1	0.18	0.19760000000000003	0.015726065509863732
0.1	0.18125	0.1983984375	0.015757805444144797
0.1	0.1775	0.19599375	0.015662018101565558
0.1	0.18375	0.1999859375	0.01582072346603454
0.1	0.17625	0.19518593750000002	0.01562970830188467
0.1	0.1775	0.19599375	0.015662018101565558
0.1	0.17875	0.1967984375	0.015694136780549872
0.2	0.5925	0.48144374999999995	0.024547054504686912
0.2	0.58125	0.4683984375	0.024212204266015808
0.2	0.585	0.47277499999999995	0.024325056741595737
0.2	0.585	0.47277499999999995	0.024325056741595737
0.2	0.6	0.49	0.024764219818702873
0.1	0.18125	0.1983984375	0.015757805444144797
0.1	0.1825	0.19919374999999995	0.015789357721946434
0.2	0.58125	0.4683984375	0.024212204266015808
0.3	0.9075	0.79894375	0.03162166345243991
0.2	0.585	0.47277499999999995	0.024325056741595737
0.3	0.9075	0.79894375	0.03162166345243991
0.2	0.58875	0.47712343749999997	0.024436667843511676
0.2	0.5775	0.4639937499999999	0.024098092976548642
0.2	0.58125	0.4683984375	0.024212204266015808
0.2	0.58875	0.47712343749999986	0.024436667843511676
0.2	0.58875	0.47712343749999986	0.024436667843511676
0.2	0.6	0.49	0.024764219818702873
0.2	0.6	0.49	0.024764219818702873
0.2	0.6	0.49	0.024764219818702873
0.3	0.90375	0.7944859374999999	0.031533321420757134
0.2	0.585	0.47277500000000006	0.02432505674159574
0.3	0.90125	0.7914984375	0.031473978315646196
0.3	0.9	0.79	0.03144417147739585
0.3	0.905	0.795975	0.03156285819633422
0.3	0.90375	0.7944859374999999	0.031533321420757134
0.2	0.585	0.47277499999999995	0.024325056741595737
0.2	0.585	0.47277499999999995	0.024325056741595737
0.4	0.95625	0.6118359375	0.027672226365347236
0.3	0.905	0.795975	0.03156285819633422
0.3	0.9	0.79	0.03144417147739585
0.3	0.9025	0.7929937500000002	0.03150369487835889
0.3	0.90125	0.7914984375	0.031473978315646196
0.3	0.9	0.79	0.03144417147739585
0.3	0.90125	0.7914984375	0.031473978315646196
0.3	0.90375	0.7944859374999999	0.031533321420757134
0.3	0.90375	0.7944859374999999	0.031533321420757134
0.4	0.9625	0.61609375	0.027768345986005326
0.3	0.9	0.79	0.03144417147739585
0.4	0.9625	0.61609375	0.027768345986005326
0.4	0.9625	0.61609375	0.027768345986005326
0.3	0.90625	0.7974609375	0.031592305456868766
0.3	0.905	0.795975	0.03156285819633422
0.4	0.95625	0.6118359375	0.027672226365347236
0.4	0.94375	0.6030859375	0.02747364051284041
0.4	0.94375	0.6030859375	0.02747364051284041
0.5	1.3325	1.0919437499999998	0.036968067098256924
0.3	0.91125	0.8033734375	0.03170920432498511
0.3	0.90625	0.7974609375	0.031592305456868766
0.4	0.95625	0.6118359375000001	0.02767222636534724
0.4	0.95625	0.6118359375	0.027672226365347236
0.4	0.95625	0.6118359375	0.027672226365347236
0.4	0.9375	0.59859375	0.0273711282344377
0.4	0.96875	0.6202734375	0.027862379422958227
0.4	0.94375	0.6030859374999998	0.027473640512840406
0.4	0.9625	0.61609375	0.027768345986005326
0.4	0.94375	0.6030859375	0.02747364051284041
0.4	0.95	0.6075	0.027573998744441258
0.5	1.34	1.1144	0.037346263926751874
0.5	1.3325	1.0919437499999998	0.036968067098256924
0.5	1.33625	1.1031859375000002	0.03715788351425675
0.4	0.9625	0.61609375	0.027768345986005326
0.4	0.9375	0.59859375	0.0273711282344377
0.5	1.34	1.1144	0.037346263926751874
0.5	1.34	1.1144	0.037346263926751874
0.5	1.33625	1.1031859375000002	0.03715788351425675
0.6	2.57125	1.6024234375	0.044783213564308144
0.4	0.95625	0.6118359375	0.027672226365347236
0.5	1.325	1.069375	0.03658403667823704
0.4	0.96875	0.6202734375	0.027862379422958227
0.5	1.33625	1.1031859375000002	0.03715788351425675
0.5	1.35125	1.1478734375	0.037903002438689916
0.5	1.3325	1.0919437499999998	0.036968067098256924
0.5	1.33625	1.1031859375000002	0.03715788351425675
0.5	1.33625	1.1031859375000002	0.03715788351425675
0.5	1.34375	1.1255859375	0.03753322995778314
0.6	2.56	1.6264	0.04511700821794562
0.5	1.34	1.1144	0.037346263926751874
0.5	1.3325	1.0919437499999998	0.036968067098256924
0.6	2.56375	1.6184359375	0.04500640946566654
0.6	2.56375	1.6184359375	0.04500640946566654
0.5	1.32875	1.0806734375	0.03677679244378262
0.5	1.33625	1.1031859375000002	0.03715788351425675
0.6	2.56	1.6264	0.04511700821794562
0.6	2.5675	1.61044375	0.0448951462320148
0.6	2.575	1.594375	0.044670606430275386
0.6	2.575	1.594375	0.044670606430275386
0.7	3.4025	1.61049375	0.044895843164114546
0.5	1.3325	1.0919437499999998	0.036968067098256924
0.6	2.57125	1.6024234375	0.044783213564308144
0.6	2.56	1.6264	0.04511700821794562
0.6	2.55625	1.6343359375	0.04522694736365471
0.5	1.34	1.1144	0.037346263926751874
