4	0.0	0.0	0.0	0.0
4	0.1	0.1	0.095	0.010904064530215274
4	0.2	0.23375	0.2341109375	0.01711738671745906
4	0.3	0.4125	0.37984375	0.021803645020276145
4	0.4	0.60625	0.5337109375	0.025845185991276106
4	0.5	0.9025	0.74049375	0.03044299027808108
4	0.6	1.3375	0.87609375	0.033113257122284995
4	0.7	1.8375	0.85109375	0.032637381724907426
4	0.8	2.38875	0.5951234375	0.02729167164266993
4	0.9	2.7825	0.21769375000000005	0.01650629454782704
4	1.0	3.0	0.0	0.0
6	0.0	0.0	0.0	0.0
6	0.1	0.15875	0.15354843750000005	0.013862747439927957
6	0.2	0.3775	0.37499375	0.021663998905112163
6	0.3	0.5975	0.55049375	0.026248398246619568
6	0.4	0.91375	0.8238109375	0.032110006033701635
6	0.5	1.36875	1.1977734375	0.03871809215599666
6	0.6	1.9675	1.43394375	0.04236358139706772
6	0.7	2.8525	1.5657437499999998	0.04426769955656197
6	0.8	3.905	1.033475	0.03596471292419348
6	0.9	4.6575	0.3601937500000001	0.02123218534720986
6	1.0	5.0	0.0	0.0
8	0.0	0.0	0.0	0.0
8	0.1	0.22	0.22910000000000003	0.01693320456295747
8	0.2	0.50125	0.4824984375	0.02457392712292448
8	0.3	0.8275	0.67274375	0.029016928941680026
8	0.4	1.2325	1.07344375	0.03665356793755816
8	0.5	1.7	1.535	0.0438309415744075
8	0.6	2.55375	2.1296109375	0.05162698280518588
8	0.7	3.71	2.1984	0.05245416379205663
8	0.8	5.4425	1.56419375	0.044245782839993975
8	0.9	6.4575	0.56069375	0.026490458054928945
8	1.0	7.0	0.0	0.0
10	0.0	0.0	0.0	0.0
10	0.1	0.255	0.257475	0.017951227205897296
10	0.2	0.5725	0.5947437500000001	0.027282964239101478
10	0.3	1.00375	0.9437359375	0.034367809863570346
10	0.4	1.565	1.3857750000000002	0.04164596899361055
10	0.5	2.34125	1.9247984374999998	0.0490816595940952
10	0.6	3.24125	2.4205484375000004	0.05504064305001532
10	0.7	4.64875	3.0478734375	0.06176252957456739
10	0.8	6.8025	2.17349375	0.0521561839277221
10	0.9	8.28375	0.7557359375000001	0.030754710812678183
10	1.0	9.0	0.0	0.0
12	0.0	0.0	0.0	0.0
12	0.1	0.35125	0.3528734375	0.021015324210908858
12	0.2	0.72875	0.7351734375000001	0.030333429464104736
12	0.3	1.3125	1.22484375	0.03915317229965418
12	0.4	1.77125	1.5464234374999999	0.04399373373145933
12	0.5	2.60375	2.0892359375	0.05113524653967497
12	0.6	3.91875	2.9396484375	0.0606560755097567
12	0.7	5.53125	3.5940234375	0.0670682636338423
12	0.8	8.23	2.9296	0.060552318114472675
12	0.9	10.08875	0.9233734375	0.033995019835146294
12	1.0	11.0	0.0	0.0
14	0.0	0.0	0.0	0.0
14	0.1	0.40625	0.3937109375	0.02219807683435504
14	0.2	0.84	0.8669	0.0329390532124584
14	0.3	1.385	1.3642750000000001	0.041321642000554965
14	0.4	2.195	1.724475	0.04645741721747075
14	0.5	3.07875	2.6275484375	0.05734584753634806
14	0.6	4.53	3.4291	0.06551137057483412
14	0.7	6.685	3.9082749999999997	0.06993895961901876
14	0.8	9.83	3.5536000000000003	0.0666900251110437
14	0.9	12.06875	0.9990234375000001	0.03536017851561018
14	1.0	13.0	0.0	0.0
14	0.0	0.0	0.0	0.0
14	0.1	0.37125	0.37092343749999995	0.021546103826739552
14	0.2	0.8725	0.79624375	0.03156818612890732
14	0.3	1.265	1.239775	0.039391094461865735
14	0.4	1.9625	1.8235937499999997	0.047773895789422725
14	0.5	2.96875	2.5927734375	0.056965104017456594
14	0.6	4.09375	3.1399609375	0.06268862337977732
14	0.7	6.11375	3.7908109375000003	0.06887992615529541
14	0.8	9.13	3.0156	0.06143466262799258
14	0.9	11.2625	0.77609375	0.031166189239135608
14	1.0	12.0	0.0	0.0
14	0.0	0.0	0.0	0.0
14	0.1	0.37	0.34559999999999996	0.020797612263065344
14	0.2	0.79875	0.7407484375	0.030448225151782114
14	0.3	1.315	1.158275	0.03807434595334132
14	0.4	1.955	1.7154749999999999	0.04633602847048959
14	0.5	2.82875	2.3619234375000002	0.05437002318512876
14	0.6	4.2775	3.5504937499999993	0.06666087141060734
14	0.7	6.075	4.081875	0.07147537801283457
14	0.8	9.1475	3.4182437500000002	0.06540758654752876
14	0.9	11.37375	0.6665609375	0.028883281961128614
14	1.0	12.0	0.0	0.0
14	0.0	0.0	0.0	0.0
14	0.1	0.3325	0.31694375	0.01991671488762375
14	0.2	0.8525	0.7907437500000001	0.03145896964243592
14	0.3	1.40625	1.2387109375	0.039374186723031175
14	0.4	2.0075	1.77994375	0.04719866873560118
14	0.5	3.0	2.255	0.05312511503337321
14	0.6	4.265	3.3172749999999995	0.06443433463107372
14	0.7	6.155	4.168475	0.0722296001922336
14	0.8	9.1475	3.23324375	0.06361299359165637
14	0.9	11.2625	0.82109375	0.0320570078483666
14	1.0	12.00125	0.0012484375000000006	0.0012500000000000002
14	0.0	0.0	0.0	0.0
14	0.1	0.3575	0.34969374999999997	0.020920427047142066
14	0.2	0.76	0.7274	0.030172636361134014
14	0.3	1.3475	1.2517437499999997	0.03958077797342071
14	0.4	1.995	1.759975	0.046933166872595154
14	0.5	2.8525	2.40574375	0.05487206362720821
14	0.6	4.205	3.382975	0.06506928049456287
14	0.7	6.16625	4.0811109375	0.07146868816909097
14	0.8	8.93125	3.2590234375	0.0638660934631421
14	0.9	11.1225	0.9249937500000001	0.034024833564969936
14	1.0	12.0	0.0	0.0
16	0.0	0.0	0.0	0.0
16	0.1	0.42625	0.4145609375	0.022778273289311313
16	0.2	0.8825	0.8136937500000001	0.03191222610879761
16	0.3	1.47625	1.3519359375	0.04113435262140364
16	0.4	2.27	2.0721	0.050925108820556106
16	0.5	3.425	2.744375	0.058606844333690594
16	0.6	4.8775	3.6899937499999997	0.06795781793711056
16	0.7	6.96	4.7359	0.07698885701925581
16	0.8	10.66125	3.9039984374999994	0.06990068439560314
16	0.9	13.22625	0.9400609375000001	0.03430082878655129
16	1.0	13.99875	0.0012484375000000006	0.0012500000000000002
16	0.0	0.0	0.0	0.0
16	0.1	0.42375	0.4166859375	0.02283657830128319
16	0.2	0.98125	1.0083984375	0.03552570395399341
16	0.3	1.56125	1.4737484375	0.042947539636468496
16	0.4	2.3725	2.1387437499999997	0.05173756524104453
16	0.5	3.66	3.0544	0.06182862179517965
16	0.6	5.24625	4.418110937500001	0.07436094815249246
16	0.7	7.5425	4.39319375	0.0741509618543813
16	0.8	11.27625	4.4674359374999995	0.07477488901301448
16	0.9	13.95	1.16	0.03810268715537758
16	1.0	15.0	0.0	0.0
16	0.0	0.0	0.0	0.0
16	0.1	0.43	0.43760000000000004	0.02340266236472245
16	0.2	0.9325	0.91294375	0.033802484338200545
16	0.3	1.51	1.2473999999999998	0.03951204249184477
16	0.4	2.24375	1.9643359375	0.04958319310182348
16	0.5	3.29875	3.0019984375	0.06129595859475617
16	0.6	4.8925	3.40344375	0.06526583504430199
16	0.7	7.11625	5.0952359375	0.07985622200001165
16	0.8	10.67375	3.9798109375	0.07057612846608673
16	0.9	13.155	0.998475	0.035350471280800745
16	1.0	14.0	0.0	0.0
16	0.0	0.0	0.0	0.0
16	0.1	0.3925	0.36844375	0.02147396333648544
16	0.2	0.9675	0.8789437499999999	0.03316707337021057
16	0.3	1.575	1.419375	0.042147826742596164
16	0.4	2.3025	2.0559937500000003	0.05072680453540284
16	0.5	3.40625	3.0587109375	0.06187223843725508
16	0.6	4.96	3.7134000000000005	0.06817301115039323
16	0.7	7.13125	4.3465234375	0.07375604544493009
16	0.8	10.58	4.1911000000000005	0.07242535322480084
16	0.9	13.19875	0.9142484374999998	0.033826629272437396
16	1.0	13.99875	0.0012484375000000006	0.0012500000000000002
16	0.0	0.0	0.0	0.0
16	0.1	0.41875	0.4233984375	0.02301978355499131
16	0.2	0.92	0.9110999999999998	0.03376833391610158
16	0.3	1.5375	1.37609375	0.041500241264735914
16	0.4	2.35	1.97	0.049654626949276734
16	0.5	3.4325	2.94044375	0.06066428010865518
16	0.6	4.93875	3.542498437500001	0.06658577271674
16	0.7	7.12875	4.299673437499999	0.0733574702735254
16	0.8	10.7125	3.82734375	0.06921103522377
16	0.9	13.2525	0.85624375	0.0327359778042982
16	1.0	14.0	0.0	0.0
18	0.0	0.0	0.0	0.0
18	0.1	0.445	0.4544749999999999	0.023849628004330194
18	0.2	0.995	0.989975	0.035199680707392475
18	0.3	1.745	1.5124750000000002	0.043508159578835574
18	0.4	2.6275	2.50124375	0.05595058330540682
18	0.5	3.74375	2.9930859375	0.061204901534434315
18	0.6	5.5325	3.92644375	0.07010133689376305
18	0.7	7.9475	5.2672437500000004	0.08119294954810055
18	0.8	12.01375	4.8010609375	0.07751668993447797
18	0.9	15.15625	0.9318359375	0.0341504427174414
18	1.0	16.0	0.0	0.0
18	0.0	0.0	0.0	0.0
18	0.1	0.45125	0.4651234375000001	0.024127411005478484
18	0.2	1.01875	0.9458984375	0.03440716295996652
18	0.3	1.7025	1.6489937500000003	0.04542930733520153
18	0.4	2.585	2.2977749999999997	0.053626612021421965
18	0.5	3.7975	3.1914937500000002	0.06320095044911975
18	0.6	5.4225	4.14899375	0.07206062103451405
18	0.7	7.97625	5.1156859375	0.08001631511905269
18	0.8	11.96875	4.4402734375	0.07454722266714052
18	0.9	15.1625	1.11359375	0.0373327517796948
18	1.0	16.0	0.0025	0.0017688728441930626
18	0.0	0.0	0.0	0.0
18	0.1	0.4475	0.41724375	0.022851858716710784
18	0.2	1.04375	1.0218359375	0.035761621031470285
18	0.3	1.68375	1.5562359374999999	0.04413308944380416
18	0.4	2.68125	2.4171484375	0.055001973311966386
18	0.5	3.785	3.2862749999999994	0.06413255788775724
18	0.6	5.56875	4.1327734375	0.07191962414596326
18	0.7	8.1025	5.25449375	0.08109462133527655
18	0.8	11.995	4.844975000000001	0.07787039551795441
18	0.9	15.18875	1.0106234375	0.03556487554231598
18	1.0	16.0	0.0	0.0
18	0.0	0.0	0.0	0.0
18	0.1	0.445	0.4344749999999999	0.02331895080902101
18	0.2	1.035	0.9687749999999999	0.03482074604950769
18	0.3	1.7075	1.5319437500000002	0.043787285202805046
18	0.4	2.72125	2.4260484375	0.05510313958264838
18	0.5	3.75875	3.4930484374999997	0.06611940158499202
18	0.6	5.5	4.0475	0.07117378122537396
18	0.7	8.15	4.925	0.07851085876284629
18	0.8	12.03	4.9891	0.0790201254446081
18	0.9	14.87125	1.2246734375	0.03915045011305832
18	1.0	16.0	0.0	0.0
18	0.0	0.0	0.0	0.0
18	0.1	0.50875	0.4624234375	0.024057280349142677
18	0.2	1.10875	1.0019234375	0.035411463702831755
18	0.3	1.86375	1.6101859374999998	0.04489155250414927
18	0.4	2.7975	2.4764937500000004	0.055673077442691496
18	0.5	4.09875	3.4889984375	0.06608105953987413
18	0.6	5.78375	4.1894859375	0.07241140577618352
18	0.7	8.41	5.831900000000001	0.08543417787065985
18	0.8	12.71125	4.8578734375	0.0779739810708036
18	0.9	16.09375	1.0524609375	0.03629356279356317
18	1.0	17.0	0.0	0.0
20	0.0	0.0	0.0	0.0
20	0.1	0.5175	0.5021937499999999	0.02507045766054414
20	0.2	1.16	1.1044000000000003	0.03717832412482997
20	0.3	1.88625	1.7058109375	0.04620532801849393
20	0.4	2.84875	2.4258734375	0.05510115214843612
20	0.5	4.1625	3.73359375	0.06835812482094791
20	0.6	5.93375	5.114360937500001	0.08000595204313184
20	0.7	8.69875	6.2504984375	0.08844716882957565
20	0.8	13.1975	5.27349375	0.0812411061850324
20	0.9	17.08	1.1210999999999998	0.03745836236595139
20	1.0	18.0	0.0	0.0
20	0.0	0.0	0.0	0.0
20	0.1	0.4675	0.47144375000000005	0.024290785090243076
20	0.2	1.17625	1.1726859375	0.038310469025073964
20	0.3	2.0325	1.8039437500000002	0.047515806605241205
20	0.4	2.85	2.5425	0.05641012877387674
20	0.5	4.3375	3.41859375	0.06541093506082843
20	0.6	6.225	5.056875	0.07955504387691469
20	0.7	8.81375	6.166560937500001	0.08785128617429626
20	0.8	13.055	5.236975	0.08095932166653745
20	0.9	16.755	1.459975	0.04274637781169329
20	1.0	18.0	0.0	0.0
20	0.0	0.0	0.0	0.0
20	0.1	0.53375	0.5213609375	0.025544408740414633
20	0.2	1.155	1.145975	0.037871646082144536
20	0.3	1.97875	1.9907984375	0.049916055158417946
20	0.4	2.88875	2.7688734374999995	0.05886784840934337
20	0.5	4.24	3.7849	0.068826203642834
20	0.6	6.06125	4.577498437500001	0.07569038472487606
20	0.7	8.835	6.517775000000001	0.0903184118516222
20	0.8	13.17	5.556099999999999	0.08338955133342237
20	0.9	16.965	1.141275	0.03779390458830679
20	1.0	18.0	0.0	0.0
20	0.0	0.0	0.0	0.0
20	0.1	0.51875	0.5121484375	0.025317716728615915
20	0.2	1.145	1.101475	0.03712905814450958
20	0.3	1.93125	1.8690234375	0.04836531092633698
20	0.4	2.96375	2.5324359375	0.05629837302606291
20	0.5	4.2025	3.7389937499999997	0.06840754108354115
20	0.6	5.985	4.5672749999999995	0.07560581359135693
20	0.7	8.84125	6.4135484375	0.08959335499046824
20	0.8	13.20375	5.417235937499999	0.08234087652441228
20	0.9	16.91875	1.2121484375000002	0.038949735547870686
20	1.0	17.9975	0.0049937500000000025	0.0025000000000000005
20	0.0	0.0	0.0	0.0
20	0.1	0.55375	0.5746109375	0.026817207631601867
20	0.2	1.24875	1.2793734374999999	0.04001522609925775
20	0.3	1.97125	1.8854234375	0.04857704147097259
20	0.4	3.20125	2.9257484375000002	0.060512500777218675
20	0.5	4.51125	3.4798734375	0.06599458996202127
20	0.6	6.19875	5.126748437500001	0.0801027847020394
20	0.7	8.99	6.3974	0.08948049199719497
20	0.8	13.65125	6.3021234375	0.08881167540918385
20	0.9	17.41375	1.6325609375	0.04520238092098863
20	1.0	19.0	0.0	0.0
