rank=17 Lx=Ly=12 pg= 0.500 ids=  17 TEE=0
rank= 6 Lx=Ly=12 pg= 0.500 ids=   6 TEE=0
rank=16 Lx=Ly=12 pg= 0.500 ids=  16 TEE=0
rank=19 Lx=Ly=12 pg= 0.500 ids=  19 TEE=0
rank= 5 Lx=Ly=12 pg= 0.500 ids=   5 TEE=0
rank=12 Lx=Ly=12 pg= 0.500 ids=  12 TEE=0
rank=18 Lx=Ly=12 pg= 0.500 ids=  18 TEE=0
rank= 1 Lx=Ly=12 pg= 0.500 ids=   1 TEE=0
rank= 3 Lx=Ly=12 pg= 0.500 ids=   3 TEE=0
rank=14 Lx=Ly=12 pg= 0.500 ids=  14 TEE=0
rank= 7 Lx=Ly=12 pg= 0.500 ids=   7 TEE=0
rank=15 Lx=Ly=12 pg= 0.500 ids=  15 TEE=0
rank= 4 Lx=Ly=12 pg= 0.500 ids=   4 TEE=0
rank=13 Lx=Ly=12 pg= 0.500 ids=  13 TEE=0
rank= 9 Lx=Ly=12 pg= 0.500 ids=   9 TEE=1
rank= 2 Lx=Ly=12 pg= 0.500 ids=   2 TEE=0
rank=16 Lx=Ly=12 pg= 0.500 ids=  36 TEE=0
rank=19 Lx=Ly=12 pg= 0.500 ids=  39 TEE=0
rank=17 Lx=Ly=12 pg= 0.500 ids=  37 TEE=0
rank= 5 Lx=Ly=12 pg= 0.500 ids=  25 TEE=0
rank=12 Lx=Ly=12 pg= 0.500 ids=  32 TEE=0
rank= 6 Lx=Ly=12 pg= 0.500 ids=  26 TEE=0
rank=11 Lx=Ly=12 pg= 0.500 ids=  11 TEE=0
rank=10 Lx=Ly=12 pg= 0.500 ids=  10 TEE=0
rank= 1 Lx=Ly=12 pg= 0.500 ids=  21 TEE=0
rank= 7 Lx=Ly=12 pg= 0.500 ids=  27 TEE=0
rank= 3 Lx=Ly=12 pg= 0.500 ids=  23 TEE=0
rank= 8 Lx=Ly=12 pg= 0.500 ids=   8 TEE=0
rank=14 Lx=Ly=12 pg= 0.500 ids=  34 TEE=0
rank=15 Lx=Ly=12 pg= 0.500 ids=  35 TEE=0
rank= 0 Lx=Ly=12 pg= 0.500 ids=   0 TEE=0
rank=18 Lx=Ly=12 pg= 0.500 ids=  38 TEE=0
rank=19 Lx=Ly=12 pg= 0.550 ids=   9 TEE=0
rank=16 Lx=Ly=12 pg= 0.550 ids=   6 TEE=0
rank= 5 Lx=Ly=12 pg= 0.500 ids=  45 TEE=0
rank=17 Lx=Ly=12 pg= 0.550 ids=   7 TEE=0
rank= 6 Lx=Ly=12 pg= 0.500 ids=  46 TEE=0
rank=12 Lx=Ly=12 pg= 0.550 ids=   2 TEE=0
rank= 1 Lx=Ly=12 pg= 0.500 ids=  41 TEE=0
rank=15 Lx=Ly=12 pg= 0.550 ids=   5 TEE=0
rank=14 Lx=Ly=12 pg= 0.550 ids=   4 TEE=0
rank= 3 Lx=Ly=12 pg= 0.500 ids=  43 TEE=0
rank=18 Lx=Ly=12 pg= 0.550 ids=   8 TEE=0
rank= 2 Lx=Ly=12 pg= 0.500 ids=  22 TEE=0
rank= 7 Lx=Ly=12 pg= 0.500 ids=  47 TEE=0
rank= 4 Lx=Ly=12 pg= 0.500 ids=  24 TEE=0
rank= 9 Lx=Ly=12 pg= 0.500 ids=  29 TEE=0
rank=13 Lx=Ly=12 pg= 0.500 ids=  33 TEE=0
rank= 5 Lx=Ly=12 pg= 0.550 ids=  15 TEE=0
rank=16 Lx=Ly=12 pg= 0.550 ids=  26 TEE=0
rank=17 Lx=Ly=12 pg= 0.550 ids=  27 TEE=0
rank=19 Lx=Ly=12 pg= 0.550 ids=  29 TEE=0
rank= 6 Lx=Ly=12 pg= 0.550 ids=  16 TEE=0
rank=10 Lx=Ly=12 pg= 0.500 ids=  30 TEE=0
rank=12 Lx=Ly=12 pg= 0.550 ids=  22 TEE=0
rank=11 Lx=Ly=12 pg= 0.500 ids=  31 TEE=0
rank= 1 Lx=Ly=12 pg= 0.550 ids=  11 TEE=0
rank= 8 Lx=Ly=12 pg= 0.500 ids=  28 TEE=0
rank=15 Lx=Ly=12 pg= 0.550 ids=  25 TEE=0
rank= 0 Lx=Ly=12 pg= 0.500 ids=  20 TEE=0
rank= 3 Lx=Ly=12 pg= 0.550 ids=  13 TEE=0
rank=18 Lx=Ly=12 pg= 0.550 ids=  28 TEE=0
rank=14 Lx=Ly=12 pg= 0.550 ids=  24 TEE=0
rank= 7 Lx=Ly=12 pg= 0.550 ids=  17 TEE=0
rank= 5 Lx=Ly=12 pg= 0.550 ids=  35 TEE=0
rank=16 Lx=Ly=12 pg= 0.550 ids=  46 TEE=1
rank=17 Lx=Ly=12 pg= 0.550 ids=  47 TEE=0
rank= 6 Lx=Ly=12 pg= 0.550 ids=  36 TEE=0
rank= 4 Lx=Ly=12 pg= 0.500 ids=  44 TEE=0
rank=12 Lx=Ly=12 pg= 0.550 ids=  42 TEE=0
rank=19 Lx=Ly=12 pg= 0.550 ids=  49 TEE=0
rank= 1 Lx=Ly=12 pg= 0.550 ids=  31 TEE=0
rank= 9 Lx=Ly=12 pg= 0.500 ids=  49 TEE=0
rank=15 Lx=Ly=12 pg= 0.550 ids=  45 TEE=0
rank= 2 Lx=Ly=12 pg= 0.500 ids=  42 TEE=0
rank= 3 Lx=Ly=12 pg= 0.550 ids=  33 TEE=0
rank=14 Lx=Ly=12 pg= 0.550 ids=  44 TEE=0
rank=10 Lx=Ly=12 pg= 0.550 ids=   0 TEE=0
rank=18 Lx=Ly=12 pg= 0.550 ids=  48 TEE=0
rank=13 Lx=Ly=12 pg= 0.550 ids=   3 TEE=0
rank= 7 Lx=Ly=12 pg= 0.550 ids=  37 TEE=0
rank= 5 Lx=Ly=12 pg= 0.600 ids=   5 TEE=0
rank=16 Lx=Ly=12 pg= 0.600 ids=  16 TEE=0
rank= 0 Lx=Ly=12 pg= 0.500 ids=  40 TEE=0
rank=11 Lx=Ly=12 pg= 0.550 ids=   1 TEE=0
rank=17 Lx=Ly=12 pg= 0.600 ids=  17 TEE=0
rank= 6 Lx=Ly=12 pg= 0.600 ids=   6 TEE=0
rank=12 Lx=Ly=12 pg= 0.600 ids=  12 TEE=0
rank= 8 Lx=Ly=12 pg= 0.500 ids=  48 TEE=0
rank= 1 Lx=Ly=12 pg= 0.600 ids=   1 TEE=0
rank=19 Lx=Ly=12 pg= 0.600 ids=  19 TEE=0
rank= 3 Lx=Ly=12 pg= 0.600 ids=   3 TEE=0
rank=15 Lx=Ly=12 pg= 0.600 ids=  15 TEE=0
rank=14 Lx=Ly=12 pg= 0.600 ids=  14 TEE=0
rank= 4 Lx=Ly=12 pg= 0.550 ids=  14 TEE=0
rank=18 Lx=Ly=12 pg= 0.600 ids=  18 TEE=0
rank= 7 Lx=Ly=12 pg= 0.600 ids=   7 TEE=0
rank= 5 Lx=Ly=12 pg= 0.600 ids=  25 TEE=0
rank=16 Lx=Ly=12 pg= 0.600 ids=  36 TEE=-1
rank=17 Lx=Ly=12 pg= 0.600 ids=  37 TEE=0
rank= 6 Lx=Ly=12 pg= 0.600 ids=  26 TEE=0
rank= 2 Lx=Ly=12 pg= 0.550 ids=  12 TEE=0
rank=12 Lx=Ly=12 pg= 0.600 ids=  32 TEE=0
rank= 9 Lx=Ly=12 pg= 0.550 ids=  19 TEE=0
rank=19 Lx=Ly=12 pg= 0.600 ids=  39 TEE=0
rank= 1 Lx=Ly=12 pg= 0.600 ids=  21 TEE=0
rank=15 Lx=Ly=12 pg= 0.600 ids=  35 TEE=0
rank=14 Lx=Ly=12 pg= 0.600 ids=  34 TEE=0
rank=13 Lx=Ly=12 pg= 0.550 ids=  23 TEE=0
rank=18 Lx=Ly=12 pg= 0.600 ids=  38 TEE=0
rank= 3 Lx=Ly=12 pg= 0.600 ids=  23 TEE=0
rank=10 Lx=Ly=12 pg= 0.550 ids=  20 TEE=0
rank= 0 Lx=Ly=12 pg= 0.550 ids=  10 TEE=0
rank= 7 Lx=Ly=12 pg= 0.600 ids=  27 TEE=0
rank= 5 Lx=Ly=12 pg= 0.600 ids=  45 TEE=0
rank=16 Lx=Ly=12 pg= 0.650 ids=   6 TEE=0
rank=11 Lx=Ly=12 pg= 0.550 ids=  21 TEE=0
rank= 6 Lx=Ly=12 pg= 0.600 ids=  46 TEE=0
rank=17 Lx=Ly=12 pg= 0.650 ids=   7 TEE=0
rank=12 Lx=Ly=12 pg= 0.650 ids=   2 TEE=0
rank= 8 Lx=Ly=12 pg= 0.550 ids=  18 TEE=0
rank=19 Lx=Ly=12 pg= 0.650 ids=   9 TEE=0
rank= 4 Lx=Ly=12 pg= 0.550 ids=  34 TEE=0
rank=15 Lx=Ly=12 pg= 0.650 ids=   5 TEE=0
rank= 2 Lx=Ly=12 pg= 0.550 ids=  32 TEE=0
rank= 1 Lx=Ly=12 pg= 0.600 ids=  41 TEE=0
rank=14 Lx=Ly=12 pg= 0.650 ids=   4 TEE=0
rank=18 Lx=Ly=12 pg= 0.650 ids=   8 TEE=0
rank= 3 Lx=Ly=12 pg= 0.600 ids=  43 TEE=0
rank= 5 Lx=Ly=12 pg= 0.650 ids=  15 TEE=0
rank=16 Lx=Ly=12 pg= 0.650 ids=  26 TEE=0
rank= 7 Lx=Ly=12 pg= 0.600 ids=  47 TEE=0
rank= 6 Lx=Ly=12 pg= 0.650 ids=  16 TEE=0
rank=17 Lx=Ly=12 pg= 0.650 ids=  27 TEE=0
rank=12 Lx=Ly=12 pg= 0.650 ids=  22 TEE=0
rank= 0 Lx=Ly=12 pg= 0.550 ids=  30 TEE=0
rank=19 Lx=Ly=12 pg= 0.650 ids=  29 TEE=0
rank= 9 Lx=Ly=12 pg= 0.550 ids=  39 TEE=0
rank=15 Lx=Ly=12 pg= 0.650 ids=  25 TEE=0
rank= 3 Lx=Ly=12 pg= 0.650 ids=  13 TEE=0
rank=14 Lx=Ly=12 pg= 0.650 ids=  24 TEE=0
rank= 1 Lx=Ly=12 pg= 0.650 ids=  11 TEE=0
rank= 5 Lx=Ly=12 pg= 0.650 ids=  35 TEE=0
rank=18 Lx=Ly=12 pg= 0.650 ids=  28 TEE=0
rank=11 Lx=Ly=12 pg= 0.550 ids=  41 TEE=0
rank=13 Lx=Ly=12 pg= 0.550 ids=  43 TEE=0
rank=16 Lx=Ly=12 pg= 0.650 ids=  46 TEE=0
rank= 7 Lx=Ly=12 pg= 0.650 ids=  17 TEE=0
rank= 6 Lx=Ly=12 pg= 0.650 ids=  36 TEE=0
rank=10 Lx=Ly=12 pg= 0.550 ids=  40 TEE=0
rank=17 Lx=Ly=12 pg= 0.650 ids=  47 TEE=0
rank=12 Lx=Ly=12 pg= 0.650 ids=  42 TEE=0
rank=19 Lx=Ly=12 pg= 0.650 ids=  49 TEE=0
rank= 2 Lx=Ly=12 pg= 0.600 ids=   2 TEE=0
rank=15 Lx=Ly=12 pg= 0.650 ids=  45 TEE=0
rank= 8 Lx=Ly=12 pg= 0.550 ids=  38 TEE=0
rank= 4 Lx=Ly=12 pg= 0.600 ids=   4 TEE=0
rank= 3 Lx=Ly=12 pg= 0.650 ids=  33 TEE=0
rank=14 Lx=Ly=12 pg= 0.650 ids=  44 TEE=0
rank= 5 Lx=Ly=12 pg= 0.700 ids=   5 TEE=0
rank=18 Lx=Ly=12 pg= 0.650 ids=  48 TEE=0
rank= 1 Lx=Ly=12 pg= 0.650 ids=  31 TEE=0
rank=16 Lx=Ly=12 pg= 0.700 ids=  16 TEE=0
rank=17 Lx=Ly=12 pg= 0.700 ids=  17 TEE=0
rank=12 Lx=Ly=12 pg= 0.700 ids=  12 TEE=-1
rank= 6 Lx=Ly=12 pg= 0.700 ids=   6 TEE=0
rank= 9 Lx=Ly=12 pg= 0.600 ids=   9 TEE=0
rank= 7 Lx=Ly=12 pg= 0.650 ids=  37 TEE=0
rank= 0 Lx=Ly=12 pg= 0.600 ids=   0 TEE=0
rank=19 Lx=Ly=12 pg= 0.700 ids=  19 TEE=0
rank=15 Lx=Ly=12 pg= 0.700 ids=  15 TEE=0
rank=14 Lx=Ly=12 pg= 0.700 ids=  14 TEE=0
rank= 5 Lx=Ly=12 pg= 0.700 ids=  25 TEE=0
rank= 3 Lx=Ly=12 pg= 0.700 ids=   3 TEE=0
rank=18 Lx=Ly=12 pg= 0.700 ids=  18 TEE=0
rank= 1 Lx=Ly=12 pg= 0.700 ids=   1 TEE=0
rank=17 Lx=Ly=12 pg= 0.700 ids=  37 TEE=-1
rank=16 Lx=Ly=12 pg= 0.700 ids=  36 TEE=0
rank=12 Lx=Ly=12 pg= 0.700 ids=  32 TEE=0
rank=13 Lx=Ly=12 pg= 0.600 ids=  13 TEE=0
rank=11 Lx=Ly=12 pg= 0.600 ids=  11 TEE=0
rank=10 Lx=Ly=12 pg= 0.600 ids=  10 TEE=0
rank= 6 Lx=Ly=12 pg= 0.700 ids=  26 TEE=0
rank= 7 Lx=Ly=12 pg= 0.700 ids=   7 TEE=0
rank=19 Lx=Ly=12 pg= 0.700 ids=  39 TEE=0
rank= 2 Lx=Ly=12 pg= 0.600 ids=  22 TEE=0
rank=15 Lx=Ly=12 pg= 0.700 ids=  35 TEE=0
rank= 5 Lx=Ly=12 pg= 0.700 ids=  45 TEE=0
rank= 8 Lx=Ly=12 pg= 0.600 ids=   8 TEE=1
rank= 3 Lx=Ly=12 pg= 0.700 ids=  23 TEE=0
rank=14 Lx=Ly=12 pg= 0.700 ids=  34 TEE=0
rank= 4 Lx=Ly=12 pg= 0.600 ids=  24 TEE=0
rank= 1 Lx=Ly=12 pg= 0.700 ids=  21 TEE=0
rank=17 Lx=Ly=12 pg= 0.750 ids=   7 TEE=0
rank=16 Lx=Ly=12 pg= 0.750 ids=   6 TEE=-1
rank=18 Lx=Ly=12 pg= 0.700 ids=  38 TEE=-1
rank=12 Lx=Ly=12 pg= 0.750 ids=   2 TEE=0
rank= 9 Lx=Ly=12 pg= 0.600 ids=  29 TEE=0
rank= 0 Lx=Ly=12 pg= 0.600 ids=  20 TEE=0
rank= 6 Lx=Ly=12 pg= 0.700 ids=  46 TEE=0
rank= 7 Lx=Ly=12 pg= 0.700 ids=  27 TEE=0
rank=19 Lx=Ly=12 pg= 0.750 ids=   9 TEE=-1
rank= 5 Lx=Ly=12 pg= 0.750 ids=  15 TEE=-1
rank=15 Lx=Ly=12 pg= 0.750 ids=   5 TEE=0
rank=14 Lx=Ly=12 pg= 0.750 ids=   4 TEE=0
rank= 3 Lx=Ly=12 pg= 0.700 ids=  43 TEE=0
rank=17 Lx=Ly=12 pg= 0.750 ids=  27 TEE=1
rank=16 Lx=Ly=12 pg= 0.750 ids=  26 TEE=0
rank=12 Lx=Ly=12 pg= 0.750 ids=  22 TEE=0
rank=13 Lx=Ly=12 pg= 0.600 ids=  33 TEE=0
rank= 1 Lx=Ly=12 pg= 0.700 ids=  41 TEE=0
rank=18 Lx=Ly=12 pg= 0.750 ids=   8 TEE=-1
rank=10 Lx=Ly=12 pg= 0.600 ids=  30 TEE=0
rank= 6 Lx=Ly=12 pg= 0.750 ids=  16 TEE=-1
rank=11 Lx=Ly=12 pg= 0.600 ids=  31 TEE=0
rank= 4 Lx=Ly=12 pg= 0.600 ids=  44 TEE=1
rank=19 Lx=Ly=12 pg= 0.750 ids=  29 TEE=0
rank= 7 Lx=Ly=12 pg= 0.700 ids=  47 TEE=0
rank= 5 Lx=Ly=12 pg= 0.750 ids=  35 TEE=-1
rank= 2 Lx=Ly=12 pg= 0.600 ids=  42 TEE=0
rank=15 Lx=Ly=12 pg= 0.750 ids=  25 TEE=0
rank=17 Lx=Ly=12 pg= 0.750 ids=  47 TEE=0
rank= 8 Lx=Ly=12 pg= 0.600 ids=  28 TEE=0
rank=14 Lx=Ly=12 pg= 0.750 ids=  24 TEE=0
rank=12 Lx=Ly=12 pg= 0.750 ids=  42 TEE=0
rank= 3 Lx=Ly=12 pg= 0.750 ids=  13 TEE=0
rank=16 Lx=Ly=12 pg= 0.750 ids=  46 TEE=0
rank= 0 Lx=Ly=12 pg= 0.600 ids=  40 TEE=0
rank=18 Lx=Ly=12 pg= 0.750 ids=  28 TEE=0
rank= 1 Lx=Ly=12 pg= 0.750 ids=  11 TEE=0
rank= 9 Lx=Ly=12 pg= 0.600 ids=  49 TEE=0
rank= 6 Lx=Ly=12 pg= 0.750 ids=  36 TEE=0
rank=19 Lx=Ly=12 pg= 0.750 ids=  49 TEE=-1
rank= 7 Lx=Ly=12 pg= 0.750 ids=  17 TEE=0
rank= 5 Lx=Ly=12 pg= 0.800 ids=   5 TEE=-1
rank=12 Lx=Ly=12 pg= 0.800 ids=  12 TEE=-1
rank=10 Lx=Ly=12 pg= 0.650 ids=   0 TEE=0
rank=17 Lx=Ly=12 pg= 0.800 ids=  17 TEE=0
rank=13 Lx=Ly=12 pg= 0.650 ids=   3 TEE=0
rank=15 Lx=Ly=12 pg= 0.750 ids=  45 TEE=0
rank=16 Lx=Ly=12 pg= 0.800 ids=  16 TEE=0
rank=14 Lx=Ly=12 pg= 0.750 ids=  44 TEE=0
rank= 3 Lx=Ly=12 pg= 0.750 ids=  33 TEE=0
rank= 6 Lx=Ly=12 pg= 0.800 ids=   6 TEE=-1
rank= 1 Lx=Ly=12 pg= 0.750 ids=  31 TEE=0
rank=18 Lx=Ly=12 pg= 0.750 ids=  48 TEE=0
rank= 4 Lx=Ly=12 pg= 0.650 ids=  14 TEE=0
rank=19 Lx=Ly=12 pg= 0.800 ids=  19 TEE=0
rank= 7 Lx=Ly=12 pg= 0.750 ids=  37 TEE=0
rank= 5 Lx=Ly=12 pg= 0.800 ids=  25 TEE=0
rank=11 Lx=Ly=12 pg= 0.650 ids=   1 TEE=0
rank=17 Lx=Ly=12 pg= 0.800 ids=  37 TEE=-1
rank=12 Lx=Ly=12 pg= 0.800 ids=  32 TEE=0
rank= 0 Lx=Ly=12 pg= 0.650 ids=  10 TEE=1
rank= 2 Lx=Ly=12 pg= 0.650 ids=  12 TEE=0
rank=16 Lx=Ly=12 pg= 0.800 ids=  36 TEE=0
rank=15 Lx=Ly=12 pg= 0.800 ids=  15 TEE=0
rank= 8 Lx=Ly=12 pg= 0.600 ids=  48 TEE=0
rank=14 Lx=Ly=12 pg= 0.800 ids=  14 TEE=0
rank= 6 Lx=Ly=12 pg= 0.800 ids=  26 TEE=-1
rank= 3 Lx=Ly=12 pg= 0.800 ids=   3 TEE=0
rank=19 Lx=Ly=12 pg= 0.800 ids=  39 TEE=-1
rank= 1 Lx=Ly=12 pg= 0.800 ids=   1 TEE=-1
rank=18 Lx=Ly=12 pg= 0.800 ids=  18 TEE=0
rank= 9 Lx=Ly=12 pg= 0.650 ids=  19 TEE=0
rank= 5 Lx=Ly=12 pg= 0.800 ids=  45 TEE=0
rank= 7 Lx=Ly=12 pg= 0.800 ids=   7 TEE=-1
rank=17 Lx=Ly=12 pg= 0.850 ids=   7 TEE=0
rank=12 Lx=Ly=12 pg= 0.850 ids=   2 TEE=-1
rank=16 Lx=Ly=12 pg= 0.850 ids=   6 TEE=0
rank=10 Lx=Ly=12 pg= 0.650 ids=  20 TEE=0
rank= 6 Lx=Ly=12 pg= 0.800 ids=  46 TEE=-1
rank=15 Lx=Ly=12 pg= 0.800 ids=  35 TEE=1
rank=13 Lx=Ly=12 pg= 0.650 ids=  23 TEE=0
rank=19 Lx=Ly=12 pg= 0.850 ids=   9 TEE=-1
rank=14 Lx=Ly=12 pg= 0.800 ids=  34 TEE=-1
rank= 3 Lx=Ly=12 pg= 0.800 ids=  23 TEE=-1
rank= 5 Lx=Ly=12 pg= 0.850 ids=  15 TEE=-1
rank= 4 Lx=Ly=12 pg= 0.650 ids=  34 TEE=0
rank=18 Lx=Ly=12 pg= 0.800 ids=  38 TEE=0
rank= 1 Lx=Ly=12 pg= 0.800 ids=  21 TEE=0
rank=17 Lx=Ly=12 pg= 0.850 ids=  27 TEE=-1
rank=12 Lx=Ly=12 pg= 0.850 ids=  22 TEE=-1
rank= 7 Lx=Ly=12 pg= 0.800 ids=  27 TEE=-1
rank=11 Lx=Ly=12 pg= 0.650 ids=  21 TEE=0
rank=16 Lx=Ly=12 pg= 0.850 ids=  26 TEE=-1
rank= 6 Lx=Ly=12 pg= 0.850 ids=  16 TEE=-1
rank= 0 Lx=Ly=12 pg= 0.650 ids=  30 TEE=0
rank= 2 Lx=Ly=12 pg= 0.650 ids=  32 TEE=0
rank=19 Lx=Ly=12 pg= 0.850 ids=  29 TEE=-1
rank=15 Lx=Ly=12 pg= 0.850 ids=   5 TEE=-1
rank= 8 Lx=Ly=12 pg= 0.650 ids=  18 TEE=0
rank= 5 Lx=Ly=12 pg= 0.850 ids=  35 TEE=-1
rank= 3 Lx=Ly=12 pg= 0.800 ids=  43 TEE=-1
rank= 9 Lx=Ly=12 pg= 0.650 ids=  39 TEE=0
rank=14 Lx=Ly=12 pg= 0.850 ids=   4 TEE=-1
rank= 1 Lx=Ly=12 pg= 0.800 ids=  41 TEE=0
rank=18 Lx=Ly=12 pg= 0.850 ids=   8 TEE=-1
rank=17 Lx=Ly=12 pg= 0.850 ids=  47 TEE=-1
rank=12 Lx=Ly=12 pg= 0.850 ids=  42 TEE=-1
rank=16 Lx=Ly=12 pg= 0.850 ids=  46 TEE=-1
rank= 7 Lx=Ly=12 pg= 0.800 ids=  47 TEE=-1
rank= 6 Lx=Ly=12 pg= 0.850 ids=  36 TEE=-1
rank=19 Lx=Ly=12 pg= 0.850 ids=  49 TEE=-1
rank=10 Lx=Ly=12 pg= 0.650 ids=  40 TEE=0
rank=13 Lx=Ly=12 pg= 0.650 ids=  43 TEE=0
rank= 5 Lx=Ly=12 pg= 0.900 ids=   5 TEE=0
rank=15 Lx=Ly=12 pg= 0.850 ids=  25 TEE=0
rank= 4 Lx=Ly=12 pg= 0.700 ids=   4 TEE=0
rank=17 Lx=Ly=12 pg= 0.900 ids=  17 TEE=-1
rank=14 Lx=Ly=12 pg= 0.850 ids=  24 TEE=-1
rank= 3 Lx=Ly=12 pg= 0.850 ids=  13 TEE=0
rank=12 Lx=Ly=12 pg= 0.900 ids=  12 TEE=-1
rank= 1 Lx=Ly=12 pg= 0.850 ids=  11 TEE=-1
rank=16 Lx=Ly=12 pg= 0.900 ids=  16 TEE=-1
rank=18 Lx=Ly=12 pg= 0.850 ids=  28 TEE=-1
rank= 6 Lx=Ly=12 pg= 0.900 ids=   6 TEE=-1
rank= 0 Lx=Ly=12 pg= 0.700 ids=   0 TEE=0
rank=11 Lx=Ly=12 pg= 0.650 ids=  41 TEE=0
rank= 7 Lx=Ly=12 pg= 0.850 ids=  17 TEE=-1
rank=19 Lx=Ly=12 pg= 0.900 ids=  19 TEE=-1
rank= 5 Lx=Ly=12 pg= 0.900 ids=  25 TEE=-1
rank= 8 Lx=Ly=12 pg= 0.650 ids=  38 TEE=0
rank= 2 Lx=Ly=12 pg= 0.700 ids=   2 TEE=0
rank=15 Lx=Ly=12 pg= 0.850 ids=  45 TEE=-1
rank= 9 Lx=Ly=12 pg= 0.700 ids=   9 TEE=-1
rank=17 Lx=Ly=12 pg= 0.900 ids=  37 TEE=-1
rank=12 Lx=Ly=12 pg= 0.900 ids=  32 TEE=-1
rank=16 Lx=Ly=12 pg= 0.900 ids=  36 TEE=-1
rank=14 Lx=Ly=12 pg= 0.850 ids=  44 TEE=-1
rank= 1 Lx=Ly=12 pg= 0.850 ids=  31 TEE=-1
rank= 3 Lx=Ly=12 pg= 0.850 ids=  33 TEE=0
rank= 6 Lx=Ly=12 pg= 0.900 ids=  26 TEE=-1
rank=18 Lx=Ly=12 pg= 0.850 ids=  48 TEE=-1
rank=10 Lx=Ly=12 pg= 0.700 ids=  10 TEE=0
rank=19 Lx=Ly=12 pg= 0.900 ids=  39 TEE=-1
rank= 7 Lx=Ly=12 pg= 0.850 ids=  37 TEE=-1
rank= 5 Lx=Ly=12 pg= 0.900 ids=  45 TEE=-1
rank= 4 Lx=Ly=12 pg= 0.700 ids=  24 TEE=0
rank=15 Lx=Ly=12 pg= 0.900 ids=  15 TEE=0
rank=13 Lx=Ly=12 pg= 0.700 ids=  13 TEE=0
rank=17 Lx=Ly=12 pg= 0.950 ids=   7 TEE=-1
rank=12 Lx=Ly=12 pg= 0.950 ids=   2 TEE=-1
rank=16 Lx=Ly=12 pg= 0.950 ids=   6 TEE=-1
rank= 1 Lx=Ly=12 pg= 0.900 ids=   1 TEE=-1
rank=14 Lx=Ly=12 pg= 0.900 ids=  14 TEE=-1
rank= 0 Lx=Ly=12 pg= 0.700 ids=  20 TEE=0
rank= 6 Lx=Ly=12 pg= 0.900 ids=  46 TEE=-1
rank= 3 Lx=Ly=12 pg= 0.900 ids=   3 TEE=0
rank=18 Lx=Ly=12 pg= 0.900 ids=  18 TEE=-1
rank=19 Lx=Ly=12 pg= 0.950 ids=   9 TEE=0
rank= 7 Lx=Ly=12 pg= 0.900 ids=   7 TEE=-1
rank=11 Lx=Ly=12 pg= 0.700 ids=  11 TEE=0
rank= 5 Lx=Ly=12 pg= 0.950 ids=  15 TEE=-1
rank= 9 Lx=Ly=12 pg= 0.700 ids=  29 TEE=0
rank= 8 Lx=Ly=12 pg= 0.700 ids=   8 TEE=-1
rank= 2 Lx=Ly=12 pg= 0.700 ids=  22 TEE=0
rank=15 Lx=Ly=12 pg= 0.900 ids=  35 TEE=0
rank=17 Lx=Ly=12 pg= 0.950 ids=  27 TEE=-1
rank=12 Lx=Ly=12 pg= 0.950 ids=  22 TEE=-1
rank=16 Lx=Ly=12 pg= 0.950 ids=  26 TEE=-1
rank=10 Lx=Ly=12 pg= 0.700 ids=  30 TEE=0
rank=14 Lx=Ly=12 pg= 0.900 ids=  34 TEE=-1
rank= 1 Lx=Ly=12 pg= 0.900 ids=  21 TEE=-1
rank= 6 Lx=Ly=12 pg= 0.950 ids=  16 TEE=-1
rank=13 Lx=Ly=12 pg= 0.700 ids=  33 TEE=0
rank=19 Lx=Ly=12 pg= 0.950 ids=  29 TEE=-1
rank=18 Lx=Ly=12 pg= 0.900 ids=  38 TEE=-1
rank= 4 Lx=Ly=12 pg= 0.700 ids=  44 TEE=0
rank= 3 Lx=Ly=12 pg= 0.900 ids=  23 TEE=-1
rank= 7 Lx=Ly=12 pg= 0.900 ids=  27 TEE=-1
rank= 5 Lx=Ly=12 pg= 0.950 ids=  35 TEE=0
rank=15 Lx=Ly=12 pg= 0.950 ids=   5 TEE=-1
rank=17 Lx=Ly=12 pg= 0.950 ids=  47 TEE=-1
rank= 0 Lx=Ly=12 pg= 0.700 ids=  40 TEE=0
rank=12 Lx=Ly=12 pg= 0.950 ids=  42 TEE=-1
rank=16 Lx=Ly=12 pg= 0.950 ids=  46 TEE=-1
rank= 1 Lx=Ly=12 pg= 0.900 ids=  41 TEE=-1
rank= 9 Lx=Ly=12 pg= 0.700 ids=  49 TEE=0
rank= 6 Lx=Ly=12 pg= 0.950 ids=  36 TEE=-1
rank=19 Lx=Ly=12 pg= 0.950 ids=  49 TEE=-1
rank=14 Lx=Ly=12 pg= 0.950 ids=   4 TEE=-1
rank= 8 Lx=Ly=12 pg= 0.700 ids=  28 TEE=0
rank= 5 Lx=Ly=12 pg= 1.000 ids=   5 TEE=-1
rank= 3 Lx=Ly=12 pg= 0.900 ids=  43 TEE=-1
rank=11 Lx=Ly=12 pg= 0.700 ids=  31 TEE=0
rank= 2 Lx=Ly=12 pg= 0.700 ids=  42 TEE=0
rank= 7 Lx=Ly=12 pg= 0.900 ids=  47 TEE=0
rank=18 Lx=Ly=12 pg= 0.950 ids=   8 TEE=-1
rank=17 Lx=Ly=12 pg= 1.000 ids=  17 TEE=-1
rank=15 Lx=Ly=12 pg= 0.950 ids=  25 TEE=-1
rank=10 Lx=Ly=12 pg= 0.750 ids=   0 TEE=-1
rank=12 Lx=Ly=12 pg= 1.000 ids=  12 TEE=-1
rank=16 Lx=Ly=12 pg= 1.000 ids=  16 TEE=-1
rank= 6 Lx=Ly=12 pg= 1.000 ids=   6 TEE=-1
rank=13 Lx=Ly=12 pg= 0.750 ids=   3 TEE=0
rank= 1 Lx=Ly=12 pg= 0.950 ids=  11 TEE=-1
rank=19 Lx=Ly=12 pg= 1.000 ids=  19 TEE=-1
rank=14 Lx=Ly=12 pg= 0.950 ids=  24 TEE=-1
rank= 3 Lx=Ly=12 pg= 0.950 ids=  13 TEE=-1
rank= 5 Lx=Ly=12 pg= 1.000 ids=  25 TEE=-1
rank=17 Lx=Ly=12 pg= 1.000 ids=  37 TEE=-1
rank= 7 Lx=Ly=12 pg= 0.950 ids=  17 TEE=-1
rank= 4 Lx=Ly=12 pg= 0.750 ids=  14 TEE=0
rank=18 Lx=Ly=12 pg= 0.950 ids=  28 TEE=-1
rank=12 Lx=Ly=12 pg= 1.000 ids=  32 TEE=-1
rank=15 Lx=Ly=12 pg= 0.950 ids=  45 TEE=-1
rank=16 Lx=Ly=12 pg= 1.000 ids=  36 TEE=-1
rank= 9 Lx=Ly=12 pg= 0.750 ids=  19 TEE=0
rank=11 Lx=Ly=12 pg= 0.750 ids=   1 TEE=-1
rank= 0 Lx=Ly=12 pg= 0.750 ids=  10 TEE=0
rank= 6 Lx=Ly=12 pg= 1.000 ids=  26 TEE=-1
rank=19 Lx=Ly=12 pg= 1.000 ids=  39 TEE=-1
rank= 8 Lx=Ly=12 pg= 0.700 ids=  48 TEE=-1
rank= 2 Lx=Ly=12 pg= 0.750 ids=  12 TEE=0
rank=14 Lx=Ly=12 pg= 0.950 ids=  44 TEE=-1
rank=10 Lx=Ly=12 pg= 0.750 ids=  20 TEE=-1
rank= 5 Lx=Ly=12 pg= 1.000 ids=  45 TEE=-1
rank= 3 Lx=Ly=12 pg= 0.950 ids=  33 TEE=-1
rank=18 Lx=Ly=12 pg= 0.950 ids=  48 TEE=-1
rank= 9 Lx=Ly=12 pg= 0.750 ids=  39 TEE=-1
rank= 7 Lx=Ly=12 pg= 0.950 ids=  37 TEE=-1
rank=15 Lx=Ly=12 pg= 1.000 ids=  15 TEE=-1
rank= 1 Lx=Ly=12 pg= 0.950 ids=  31 TEE=-1
rank= 6 Lx=Ly=12 pg= 1.000 ids=  46 TEE=-1
rank=13 Lx=Ly=12 pg= 0.750 ids=  23 TEE=0
rank=11 Lx=Ly=12 pg= 0.750 ids=  21 TEE=-1
rank=14 Lx=Ly=12 pg= 1.000 ids=  14 TEE=-1
rank= 4 Lx=Ly=12 pg= 0.750 ids=  34 TEE=0
rank= 3 Lx=Ly=12 pg= 1.000 ids=   3 TEE=-1
rank= 9 Lx=Ly=12 pg= 0.800 ids=   9 TEE=-1
rank=18 Lx=Ly=12 pg= 1.000 ids=  18 TEE=-1
rank= 7 Lx=Ly=12 pg= 1.000 ids=   7 TEE=-1
rank=15 Lx=Ly=12 pg= 1.000 ids=  35 TEE=-1
rank= 0 Lx=Ly=12 pg= 0.750 ids=  30 TEE=0
rank=10 Lx=Ly=12 pg= 0.750 ids=  40 TEE=0
rank=13 Lx=Ly=12 pg= 0.750 ids=  43 TEE=0
rank= 8 Lx=Ly=12 pg= 0.750 ids=  18 TEE=0
rank=14 Lx=Ly=12 pg= 1.000 ids=  34 TEE=-1
rank= 2 Lx=Ly=12 pg= 0.750 ids=  32 TEE=0
rank= 9 Lx=Ly=12 pg= 0.800 ids=  29 TEE=0
rank= 3 Lx=Ly=12 pg= 1.000 ids=  23 TEE=-1
rank= 7 Lx=Ly=12 pg= 1.000 ids=  27 TEE=-1
rank= 1 Lx=Ly=12 pg= 1.000 ids=   1 TEE=-1
rank=18 Lx=Ly=12 pg= 1.000 ids=  38 TEE=-1
rank=11 Lx=Ly=12 pg= 0.750 ids=  41 TEE=-1
rank= 4 Lx=Ly=12 pg= 0.800 ids=   4 TEE=0
rank= 9 Lx=Ly=12 pg= 0.800 ids=  49 TEE=0
rank= 0 Lx=Ly=12 pg= 0.800 ids=   0 TEE=-1
rank= 3 Lx=Ly=12 pg= 1.000 ids=  43 TEE=-1
rank=10 Lx=Ly=12 pg= 0.800 ids=  10 TEE=0
rank=13 Lx=Ly=12 pg= 0.800 ids=  13 TEE=-1
rank= 7 Lx=Ly=12 pg= 1.000 ids=  47 TEE=-1
rank= 2 Lx=Ly=12 pg= 0.800 ids=   2 TEE=-1
rank=11 Lx=Ly=12 pg= 0.800 ids=  11 TEE=0
rank= 4 Lx=Ly=12 pg= 0.800 ids=  24 TEE=0
rank= 8 Lx=Ly=12 pg= 0.750 ids=  38 TEE=0
rank= 1 Lx=Ly=12 pg= 1.000 ids=  21 TEE=-1
rank= 9 Lx=Ly=12 pg= 0.850 ids=  19 TEE=-1
rank= 0 Lx=Ly=12 pg= 0.800 ids=  20 TEE=0
rank=10 Lx=Ly=12 pg= 0.800 ids=  30 TEE=0
rank=13 Lx=Ly=12 pg= 0.800 ids=  33 TEE=0
rank=11 Lx=Ly=12 pg= 0.800 ids=  31 TEE=0
rank= 9 Lx=Ly=12 pg= 0.850 ids=  39 TEE=-1
rank= 2 Lx=Ly=12 pg= 0.800 ids=  22 TEE=-1
rank= 4 Lx=Ly=12 pg= 0.800 ids=  44 TEE=-1
rank= 8 Lx=Ly=12 pg= 0.800 ids=   8 TEE=0
rank= 1 Lx=Ly=12 pg= 1.000 ids=  41 TEE=-1
rank=11 Lx=Ly=12 pg= 0.850 ids=   1 TEE=-1
rank=10 Lx=Ly=12 pg= 0.850 ids=   0 TEE=-1
rank= 9 Lx=Ly=12 pg= 0.900 ids=   9 TEE=-1
rank= 0 Lx=Ly=12 pg= 0.800 ids=  40 TEE=0
rank=13 Lx=Ly=12 pg= 0.850 ids=   3 TEE=-1
rank= 4 Lx=Ly=12 pg= 0.850 ids=  14 TEE=-1
rank= 2 Lx=Ly=12 pg= 0.800 ids=  42 TEE=-1
rank=11 Lx=Ly=12 pg= 0.850 ids=  21 TEE=0
rank= 9 Lx=Ly=12 pg= 0.900 ids=  29 TEE=-1
rank= 8 Lx=Ly=12 pg= 0.800 ids=  28 TEE=-1
rank=10 Lx=Ly=12 pg= 0.850 ids=  20 TEE=0
rank=13 Lx=Ly=12 pg= 0.850 ids=  23 TEE=-1
rank= 0 Lx=Ly=12 pg= 0.850 ids=  10 TEE=0
rank= 9 Lx=Ly=12 pg= 0.900 ids=  49 TEE=-1
rank=11 Lx=Ly=12 pg= 0.850 ids=  41 TEE=-1
rank= 2 Lx=Ly=12 pg= 0.850 ids=  12 TEE=0
rank= 4 Lx=Ly=12 pg= 0.850 ids=  34 TEE=-1
rank= 8 Lx=Ly=12 pg= 0.800 ids=  48 TEE=0
rank=10 Lx=Ly=12 pg= 0.850 ids=  40 TEE=-1
rank= 9 Lx=Ly=12 pg= 0.950 ids=  19 TEE=-1
rank=11 Lx=Ly=12 pg= 0.900 ids=  11 TEE=-1
rank= 0 Lx=Ly=12 pg= 0.850 ids=  30 TEE=-1
rank=13 Lx=Ly=12 pg= 0.850 ids=  43 TEE=-1
rank= 4 Lx=Ly=12 pg= 0.900 ids=   4 TEE=-1
rank= 2 Lx=Ly=12 pg= 0.850 ids=  32 TEE=-1
rank=10 Lx=Ly=12 pg= 0.900 ids=  10 TEE=-1
rank= 8 Lx=Ly=12 pg= 0.850 ids=  18 TEE=0
rank=11 Lx=Ly=12 pg= 0.900 ids=  31 TEE=0
rank= 9 Lx=Ly=12 pg= 0.950 ids=  39 TEE=-1
rank=13 Lx=Ly=12 pg= 0.900 ids=  13 TEE=-1
rank= 0 Lx=Ly=12 pg= 0.900 ids=   0 TEE=-1
rank= 4 Lx=Ly=12 pg= 0.900 ids=  24 TEE=-1
rank=11 Lx=Ly=12 pg= 0.950 ids=   1 TEE=-1
rank= 9 Lx=Ly=12 pg= 1.000 ids=   9 TEE=-1
rank=10 Lx=Ly=12 pg= 0.900 ids=  30 TEE=-1
rank= 2 Lx=Ly=12 pg= 0.900 ids=   2 TEE=-1
rank= 8 Lx=Ly=12 pg= 0.850 ids=  38 TEE=0
rank=11 Lx=Ly=12 pg= 0.950 ids=  21 TEE=-1
rank= 0 Lx=Ly=12 pg= 0.900 ids=  20 TEE=0
rank= 9 Lx=Ly=12 pg= 1.000 ids=  29 TEE=-1
rank=13 Lx=Ly=12 pg= 0.900 ids=  33 TEE=-1
rank= 4 Lx=Ly=12 pg= 0.900 ids=  44 TEE=-1
rank= 2 Lx=Ly=12 pg= 0.900 ids=  22 TEE=-1
rank=10 Lx=Ly=12 pg= 0.950 ids=   0 TEE=-1
rank= 8 Lx=Ly=12 pg= 0.900 ids=   8 TEE=-1
rank=11 Lx=Ly=12 pg= 0.950 ids=  41 TEE=-1
rank= 9 Lx=Ly=12 pg= 1.000 ids=  49 TEE=-1
rank= 0 Lx=Ly=12 pg= 0.900 ids=  40 TEE=-1
rank=13 Lx=Ly=12 pg= 0.950 ids=   3 TEE=-1
rank= 4 Lx=Ly=12 pg= 0.950 ids=  14 TEE=-1
rank=11 Lx=Ly=12 pg= 1.000 ids=  11 TEE=-1
rank= 2 Lx=Ly=12 pg= 0.900 ids=  42 TEE=-1
rank=10 Lx=Ly=12 pg= 0.950 ids=  20 TEE=-1
rank= 8 Lx=Ly=12 pg= 0.900 ids=  28 TEE=-1
rank=11 Lx=Ly=12 pg= 1.000 ids=  31 TEE=-1
rank=13 Lx=Ly=12 pg= 0.950 ids=  23 TEE=0
rank= 0 Lx=Ly=12 pg= 0.950 ids=  10 TEE=-1
rank= 4 Lx=Ly=12 pg= 0.950 ids=  34 TEE=-1
rank= 2 Lx=Ly=12 pg= 0.950 ids=  12 TEE=-1
rank=10 Lx=Ly=12 pg= 0.950 ids=  40 TEE=-1
rank= 8 Lx=Ly=12 pg= 0.900 ids=  48 TEE=-1
rank=13 Lx=Ly=12 pg= 0.950 ids=  43 TEE=-1
rank= 0 Lx=Ly=12 pg= 0.950 ids=  30 TEE=-1
rank= 4 Lx=Ly=12 pg= 1.000 ids=   4 TEE=-1
rank=10 Lx=Ly=12 pg= 1.000 ids=  10 TEE=-1
rank= 2 Lx=Ly=12 pg= 0.950 ids=  32 TEE=-1
rank= 8 Lx=Ly=12 pg= 0.950 ids=  18 TEE=-1
rank=13 Lx=Ly=12 pg= 1.000 ids=  13 TEE=-1
rank= 0 Lx=Ly=12 pg= 1.000 ids=   0 TEE=-1
rank= 4 Lx=Ly=12 pg= 1.000 ids=  24 TEE=-1
rank= 2 Lx=Ly=12 pg= 1.000 ids=   2 TEE=-1
rank=10 Lx=Ly=12 pg= 1.000 ids=  30 TEE=-1
rank= 8 Lx=Ly=12 pg= 0.950 ids=  38 TEE=-1
rank=13 Lx=Ly=12 pg= 1.000 ids=  33 TEE=-1
rank= 0 Lx=Ly=12 pg= 1.000 ids=  20 TEE=-1
rank= 4 Lx=Ly=12 pg= 1.000 ids=  44 TEE=-1
rank= 2 Lx=Ly=12 pg= 1.000 ids=  22 TEE=-1
rank= 8 Lx=Ly=12 pg= 1.000 ids=   8 TEE=-1
rank= 0 Lx=Ly=12 pg= 1.000 ids=  40 TEE=-1
rank= 2 Lx=Ly=12 pg= 1.000 ids=  42 TEE=-1
rank= 8 Lx=Ly=12 pg= 1.000 ids=  28 TEE=-1
rank= 8 Lx=Ly=12 pg= 1.000 ids=  48 TEE=-1
Lx=12, pg=0.500 : ave=0.0200 ± 0.0200, var=0.0196
Lx=12, pg=0.550 : ave=0.0200 ± 0.0200, var=0.0196
Lx=12, pg=0.600 : ave=0.0200 ± 0.0349, var=0.0596
Lx=12, pg=0.650 : ave=0.0200 ± 0.0200, var=0.0196
Lx=12, pg=0.700 : ave=-0.1200 ± 0.0464, var=0.1056
Lx=12, pg=0.750 : ave=-0.2400 ± 0.0674, var=0.2224
Lx=12, pg=0.800 : ave=-0.4200 ± 0.0761, var=0.2836
Lx=12, pg=0.850 : ave=-0.7800 ± 0.0592, var=0.1716
Lx=12, pg=0.900 : ave=-0.8600 ± 0.0496, var=0.1204
Lx=12, pg=0.950 : ave=-0.9400 ± 0.0339, var=0.0564
Lx=12, pg=1.000 : ave=-1.0000 ± 0.0000, var=0.0000
px= 0.0 Np= 11 Nd= 50 NT= 2592 time= 213
