Lx=Ly=10 rank= 0 ids=   0 px= 0.000 it=   0 TEE=0
Lx=Ly=10 rank= 1 ids=   1 px= 0.000 it=   0 TEE=0
Lx=Ly=10 rank= 2 ids=   2 px= 0.000 it=   0 TEE=0
Lx=Ly=10 rank= 3 ids=   3 px= 0.000 it=   0 TEE=0
Lx=Ly=10 rank= 4 ids=   4 px= 0.000 it=   0 TEE=0
Lx=Ly=10 rank= 5 ids=   5 px= 0.000 it=   0 TEE=0
Lx=Ly=10 rank= 6 ids=   6 px= 0.000 it=   0 TEE=0
Lx=Ly=10 rank= 7 ids=   7 px= 0.000 it=   0 TEE=0
Lx=Ly=10 rank= 8 ids=   8 px= 0.000 it=   0 TEE=0
Lx=Ly=10 rank= 9 ids=   9 px= 0.000 it=   0 TEE=0
Lx=Ly=10 rank=10 ids=  10 px= 0.000 it=   0 TEE=0
Lx=Ly=10 rank=11 ids=  11 px= 0.000 it=   0 TEE=0
Lx=Ly=10 rank=12 ids=  12 px= 0.000 it=   0 TEE=0
Lx=Ly=10 rank=13 ids=  13 px= 0.000 it=   0 TEE=0
Lx=Ly=10 rank=14 ids=  14 px= 0.000 it=   0 TEE=0
Lx=Ly=10 rank=15 ids=  15 px= 0.000 it=   0 TEE=0
Lx=Ly=10 rank=16 ids=  16 px= 0.000 it=   0 TEE=0
Lx=Ly=10 rank=17 ids=  17 px= 0.000 it=   0 TEE=0
Lx=Ly=10 rank=18 ids=  18 px= 0.000 it=   0 TEE=0
Lx=Ly=10 rank=19 ids=  19 px= 0.000 it=   0 TEE=0
Lx=Ly=10 rank=20 ids=  20 px= 0.000 it=   0 TEE=0
Lx=Ly=10 rank=21 ids=  21 px= 0.000 it=   0 TEE=0
Lx=Ly=10 rank=22 ids=  22 px= 0.000 it=   0 TEE=0
Lx=Ly=10 rank=23 ids=  23 px= 0.000 it=   0 TEE=0
Lx=Ly=10 rank=24 ids=  24 px= 0.000 it=   0 TEE=0
Lx=Ly=10 rank=25 ids=  25 px= 0.000 it=   0 TEE=0
Lx=Ly=10 rank=26 ids=  26 px= 0.000 it=   0 TEE=0
Lx=Ly=10 rank=27 ids=  27 px= 0.000 it=   0 TEE=0
Lx=Ly=10 rank=28 ids=  28 px= 0.000 it=   0 TEE=0
Lx=Ly=10 rank=29 ids=  29 px= 0.000 it=   0 TEE=0
Lx=Ly=10 rank=30 ids=  30 px= 0.000 it=   0 TEE=0
Lx=Ly=10 rank=31 ids=  31 px= 0.000 it=   0 TEE=0
Lx=Ly=10 rank=32 ids=  32 px= 0.000 it=   0 TEE=0
Lx=Ly=10 rank=33 ids=  33 px= 0.000 it=   0 TEE=0
Lx=Ly=10 rank=34 ids=  34 px= 0.000 it=   0 TEE=0
Lx=Ly=10 rank=35 ids=  35 px= 0.000 it=   0 TEE=0
Lx=Ly=10 rank=36 ids=  36 px= 0.000 it=   0 TEE=0
Lx=Ly=10 rank=37 ids=  37 px= 0.000 it=   0 TEE=0
Lx=Ly=10 rank=38 ids=  38 px= 0.000 it=   0 TEE=0
Lx=Ly=10 rank=39 ids=  39 px= 0.000 it=   0 TEE=0
Lx=Ly=10 rank=40 ids=  40 px= 0.000 it=   0 TEE=0
Lx=Ly=10 rank=41 ids=  41 px= 0.000 it=   0 TEE=0
Lx=Ly=10 rank=42 ids=  42 px= 0.000 it=   0 TEE=0
Lx=Ly=10 rank=43 ids=  43 px= 0.000 it=   0 TEE=0
Lx=Ly=10 rank=44 ids=  44 px= 0.000 it=   0 TEE=0
Lx=Ly=10 rank=45 ids=  45 px= 0.000 it=   0 TEE=0
Lx=Ly=10 rank=46 ids=  46 px= 0.000 it=   0 TEE=0
Lx=Ly=10 rank=47 ids=  47 px= 0.000 it=   0 TEE=0
Lx=Ly=10 rank=48 ids=  48 px= 0.000 it=   0 TEE=0
Lx=Ly=10 rank=49 ids=  49 px= 0.000 it=   0 TEE=0
Lx=Ly=10 rank=50 ids=  50 px= 0.000 it=   0 TEE=0
Lx=Ly=10 rank=51 ids=  51 px= 0.000 it=   0 TEE=0
Lx=Ly=10 rank=52 ids=  52 px= 0.000 it=   0 TEE=0
Lx=Ly=10 rank=53 ids=  53 px= 0.000 it=   0 TEE=0
Lx=Ly=10 rank=54 ids=  54 px= 0.000 it=   0 TEE=0
Lx=Ly=10 rank=55 ids=  55 px= 0.000 it=   0 TEE=0
Lx=Ly=10 rank=56 ids=  56 px= 0.000 it=   0 TEE=0
Lx=Ly=10 rank=57 ids=  57 px= 0.000 it=   0 TEE=0
Lx=Ly=10 rank=58 ids=  58 px= 0.000 it=   0 TEE=0
Lx=Ly=10 rank=59 ids=  59 px= 0.000 it=   0 TEE=0
Lx=Ly=10 rank=60 ids=  60 px= 0.000 it=   0 TEE=0
Lx=Ly=10 rank=61 ids=  61 px= 0.000 it=   0 TEE=0
Lx=Ly=10 rank=62 ids=  62 px= 0.000 it=   0 TEE=0
Lx=Ly=10 rank=63 ids=  63 px= 0.000 it=   0 TEE=0
Lx=Ly=10 rank=64 ids=  64 px= 0.000 it=   0 TEE=0
Lx=Ly=10 rank=65 ids=  65 px= 0.000 it=   0 TEE=0
Lx=Ly=10 rank=66 ids=  66 px= 0.000 it=   0 TEE=0
Lx=Ly=10 rank=67 ids=  67 px= 0.000 it=   0 TEE=0
Lx=Ly=10 rank=68 ids=  68 px= 0.000 it=   0 TEE=0
Lx=Ly=10 rank=69 ids=  69 px= 0.000 it=   0 TEE=0
Lx=Ly=10 rank=70 ids=  70 px= 0.000 it=   0 TEE=0
Lx=Ly=10 rank=71 ids=  71 px= 0.000 it=   0 TEE=0
Lx=Ly=10 rank=72 ids=  72 px= 0.000 it=   0 TEE=0
Lx=Ly=10 rank=73 ids=  73 px= 0.000 it=   0 TEE=0
Lx=Ly=10 rank=74 ids=  74 px= 0.000 it=   0 TEE=0
Lx=Ly=10 rank=75 ids=  75 px= 0.000 it=   0 TEE=0
Lx=Ly=10 rank=76 ids=  76 px= 0.000 it=   0 TEE=0
Lx=Ly=10 rank=77 ids=  77 px= 0.000 it=   0 TEE=0
Lx=Ly=10 rank=78 ids=  78 px= 0.000 it=   0 TEE=0
Lx=Ly=10 rank=79 ids=  79 px= 0.000 it=   0 TEE=0
Lx=Ly=10 rank=80 ids=  80 px= 0.000 it=   0 TEE=0
Lx=Ly=10 rank=81 ids=  81 px= 0.000 it=   0 TEE=0
Lx=Ly=10 rank=82 ids=  82 px= 0.000 it=   0 TEE=0
Lx=Ly=10 rank=83 ids=  83 px= 0.000 it=   0 TEE=0
Lx=Ly=10 rank=84 ids=  84 px= 0.000 it=   0 TEE=0
Lx=Ly=10 rank=85 ids=  85 px= 0.000 it=   0 TEE=0
Lx=Ly=10 rank=86 ids=  86 px= 0.000 it=   0 TEE=0
Lx=Ly=10 rank=87 ids=  87 px= 0.000 it=   0 TEE=0
Lx=Ly=10 rank=88 ids=  88 px= 0.000 it=   0 TEE=0
Lx=Ly=10 rank=89 ids=  89 px= 0.000 it=   0 TEE=0
Lx=Ly=10 rank=90 ids=  90 px= 0.000 it=   0 TEE=0
Lx=Ly=10 rank=91 ids=  91 px= 0.000 it=   0 TEE=0
Lx=Ly=10 rank=92 ids=  92 px= 0.000 it=   0 TEE=0
Lx=Ly=10 rank=93 ids=  93 px= 0.000 it=   0 TEE=0
Lx=Ly=10 rank=94 ids=  94 px= 0.000 it=   0 TEE=0
Lx=Ly=10 rank=95 ids=  95 px= 0.000 it=   0 TEE=0
Lx=Ly=10 rank=96 ids=  96 px= 0.000 it=   0 TEE=0
Lx=Ly=10 rank=97 ids=  97 px= 0.000 it=   0 TEE=0
Lx=Ly=10 rank=98 ids=  98 px= 0.000 it=   0 TEE=0
Lx=Ly=10 rank=99 ids=  99 px= 0.000 it=   0 TEE=0
Lx=Ly=10 rank=100 ids=   0 px= 0.025 it=   0 TEE=0
Lx=Ly=10 rank=101 ids=   1 px= 0.025 it=   0 TEE=0
Lx=Ly=10 rank=102 ids=   2 px= 0.025 it=   0 TEE=0
Lx=Ly=10 rank=103 ids=   3 px= 0.025 it=   0 TEE=0
Lx=Ly=10 rank=104 ids=   4 px= 0.025 it=   0 TEE=0
Lx=Ly=10 rank=105 ids=   5 px= 0.025 it=   0 TEE=0
Lx=Ly=10 rank=106 ids=   6 px= 0.025 it=   0 TEE=0
Lx=Ly=10 rank=107 ids=   7 px= 0.025 it=   0 TEE=0
Lx=Ly=10 rank=108 ids=   8 px= 0.025 it=   0 TEE=0
Lx=Ly=10 rank=109 ids=   9 px= 0.025 it=   0 TEE=0
Lx=Ly=10 rank=110 ids=  10 px= 0.025 it=   0 TEE=0
Lx=Ly=10 rank=111 ids=  11 px= 0.025 it=   0 TEE=0
Lx=Ly=10 rank=112 ids=  12 px= 0.025 it=   0 TEE=0
Lx=Ly=10 rank=113 ids=  13 px= 0.025 it=   0 TEE=0
Lx=Ly=10 rank=114 ids=  14 px= 0.025 it=   0 TEE=0
Lx=Ly=10 rank=115 ids=  15 px= 0.025 it=   0 TEE=0
Lx=Ly=10 rank=116 ids=  16 px= 0.025 it=   0 TEE=0
Lx=Ly=10 rank=117 ids=  17 px= 0.025 it=   0 TEE=0
Lx=Ly=10 rank=118 ids=  18 px= 0.025 it=   0 TEE=0
Lx=Ly=10 rank=119 ids=  19 px= 0.025 it=   0 TEE=0
Lx=Ly=10 rank=120 ids=  20 px= 0.025 it=   0 TEE=0
Lx=Ly=10 rank=121 ids=  21 px= 0.025 it=   0 TEE=0
Lx=Ly=10 rank=122 ids=  22 px= 0.025 it=   0 TEE=0
Lx=Ly=10 rank=123 ids=  23 px= 0.025 it=   0 TEE=0
Lx=Ly=10 rank=124 ids=  24 px= 0.025 it=   0 TEE=0
Lx=Ly=10 rank=125 ids=  25 px= 0.025 it=   0 TEE=0
Lx=Ly=10 rank=126 ids=  26 px= 0.025 it=   0 TEE=0
Lx=Ly=10 rank=127 ids=  27 px= 0.025 it=   0 TEE=0
Lx=Ly=10 rank=100 ids=   0 px= 0.025 it=2999 TEE=0
Lx=Ly=10 rank=100 ids=  28 px= 0.050 it=   0 TEE=0
Lx=Ly=10 rank=120 ids=  20 px= 0.025 it=2999 TEE=0
Lx=Ly=10 rank=120 ids=  48 px= 0.050 it=   0 TEE=0
Lx=Ly=10 rank=118 ids=  18 px= 0.025 it=2999 TEE=0
Lx=Ly=10 rank=118 ids=  46 px= 0.050 it=   0 TEE=0
Lx=Ly=10 rank=106 ids=   6 px= 0.025 it=2999 TEE=0
Lx=Ly=10 rank=106 ids=  34 px= 0.050 it=   0 TEE=0
Lx=Ly=10 rank=124 ids=  24 px= 0.025 it=2999 TEE=0
Lx=Ly=10 rank=124 ids=  52 px= 0.050 it=   0 TEE=0
Lx=Ly=10 rank=60 ids=  60 px= 0.000 it=2999 TEE=0
Lx=Ly=10 rank=126 ids=  26 px= 0.025 it=2999 TEE=0
Lx=Ly=10 rank=60 ids=  88 px= 0.025 it=   0 TEE=0
Lx=Ly=10 rank=126 ids=  54 px= 0.050 it=   0 TEE=0
Lx=Ly=10 rank=122 ids=  22 px= 0.025 it=2999 TEE=0
Lx=Ly=10 rank=122 ids=  50 px= 0.050 it=   0 TEE=0
Lx=Ly=10 rank=123 ids=  23 px= 0.025 it=2999 TEE=0
Lx=Ly=10 rank=123 ids=  51 px= 0.050 it=   0 TEE=0
Lx=Ly=10 rank=104 ids=   4 px= 0.025 it=2999 TEE=0
Lx=Ly=10 rank=116 ids=  16 px= 0.025 it=2999 TEE=0
Lx=Ly=10 rank=104 ids=  32 px= 0.050 it=   0 TEE=0
Lx=Ly=10 rank=116 ids=  44 px= 0.050 it=   0 TEE=0
Lx=Ly=10 rank=83 ids=  83 px= 0.000 it=2999 TEE=0
Lx=Ly=10 rank=83 ids=  11 px= 0.050 it=   0 TEE=0
Lx=Ly=10 rank=125 ids=  25 px= 0.025 it=2999 TEE=0
Lx=Ly=10 rank=125 ids=  53 px= 0.050 it=   0 TEE=0
Lx=Ly=10 rank=111 ids=  11 px= 0.025 it=2999 TEE=0
Lx=Ly=10 rank=111 ids=  39 px= 0.050 it=   0 TEE=0
Lx=Ly=10 rank=105 ids=   5 px= 0.025 it=2999 TEE=0
Lx=Ly=10 rank=105 ids=  33 px= 0.050 it=   0 TEE=0
Lx=Ly=10 rank=76 ids=  76 px= 0.000 it=2999 TEE=0
Lx=Ly=10 rank=76 ids=   4 px= 0.050 it=   0 TEE=0
Lx=Ly=10 rank=110 ids=  10 px= 0.025 it=2999 TEE=0
Lx=Ly=10 rank=110 ids=  38 px= 0.050 it=   0 TEE=0
Lx=Ly=10 rank=119 ids=  19 px= 0.025 it=2999 TEE=0
Lx=Ly=10 rank=119 ids=  47 px= 0.050 it=   0 TEE=0
Lx=Ly=10 rank=34 ids=  34 px= 0.000 it=2999 TEE=0
Lx=Ly=10 rank=34 ids=  62 px= 0.025 it=   0 TEE=0
Lx=Ly=10 rank=72 ids=  72 px= 0.000 it=2999 TEE=0
Lx=Ly=10 rank=72 ids=   0 px= 0.050 it=   0 TEE=0
Lx=Ly=10 rank=70 ids=  70 px= 0.000 it=2999 TEE=0
Lx=Ly=10 rank=70 ids=  98 px= 0.025 it=   0 TEE=0
Lx=Ly=10 rank=114 ids=  14 px= 0.025 it=2999 TEE=0
Lx=Ly=10 rank=114 ids=  42 px= 0.050 it=   0 TEE=0
Lx=Ly=10 rank=19 ids=  19 px= 0.000 it=2999 TEE=1
Lx=Ly=10 rank=117 ids=  17 px= 0.025 it=2999 TEE=0
Lx=Ly=10 rank=45 ids=  45 px= 0.000 it=2999 TEE=0
Lx=Ly=10 rank=19 ids=  47 px= 0.025 it=   0 TEE=0
Lx=Ly=10 rank= 5 ids=   5 px= 0.000 it=2999 TEE=0
Lx=Ly=10 rank=117 ids=  45 px= 0.050 it=   0 TEE=0
Lx=Ly=10 rank=59 ids=  59 px= 0.000 it=2999 TEE=0
Lx=Ly=10 rank=45 ids=  73 px= 0.025 it=   0 TEE=0
Lx=Ly=10 rank= 5 ids=  33 px= 0.025 it=   0 TEE=0
Lx=Ly=10 rank=90 ids=  90 px= 0.000 it=2999 TEE=0
Lx=Ly=10 rank=32 ids=  32 px= 0.000 it=2999 TEE=0
Lx=Ly=10 rank=59 ids=  87 px= 0.025 it=   0 TEE=0
Lx=Ly=10 rank=90 ids=  18 px= 0.050 it=   0 TEE=0
Lx=Ly=10 rank=32 ids=  60 px= 0.025 it=   0 TEE=0
Lx=Ly=10 rank=75 ids=  75 px= 0.000 it=2999 TEE=0
Lx=Ly=10 rank=108 ids=   8 px= 0.025 it=2999 TEE=0
Lx=Ly=10 rank=62 ids=  62 px= 0.000 it=2999 TEE=0
Lx=Ly=10 rank=75 ids=   3 px= 0.050 it=   0 TEE=0
Lx=Ly=10 rank=108 ids=  36 px= 0.050 it=   0 TEE=0
Lx=Ly=10 rank=62 ids=  90 px= 0.025 it=   0 TEE=0
Lx=Ly=10 rank=85 ids=  85 px= 0.000 it=2999 TEE=0
Lx=Ly=10 rank=85 ids=  13 px= 0.050 it=   0 TEE=0
Lx=Ly=10 rank=103 ids=   3 px= 0.025 it=2999 TEE=0
Lx=Ly=10 rank=54 ids=  54 px= 0.000 it=2999 TEE=0
Lx=Ly=10 rank=103 ids=  31 px= 0.050 it=   0 TEE=0
Lx=Ly=10 rank=26 ids=  26 px= 0.000 it=2999 TEE=0
Lx=Ly=10 rank=54 ids=  82 px= 0.025 it=   0 TEE=0
Lx=Ly=10 rank=26 ids=  54 px= 0.025 it=   0 TEE=0
Lx=Ly=10 rank=71 ids=  71 px= 0.000 it=2999 TEE=0
Lx=Ly=10 rank=44 ids=  44 px= 0.000 it=2999 TEE=0
Lx=Ly=10 rank=71 ids=  99 px= 0.025 it=   0 TEE=0
Lx=Ly=10 rank=38 ids=  38 px= 0.000 it=2999 TEE=0
Lx=Ly=10 rank=44 ids=  72 px= 0.025 it=   0 TEE=0
Lx=Ly=10 rank=38 ids=  66 px= 0.025 it=   0 TEE=0
Lx=Ly=10 rank=112 ids=  12 px= 0.025 it=2999 TEE=0
Lx=Ly=10 rank=77 ids=  77 px= 0.000 it=2999 TEE=0
Lx=Ly=10 rank=84 ids=  84 px= 0.000 it=2999 TEE=0
Lx=Ly=10 rank=112 ids=  40 px= 0.050 it=   0 TEE=0
Lx=Ly=10 rank=77 ids=   5 px= 0.050 it=   0 TEE=0
Lx=Ly=10 rank=84 ids=  12 px= 0.050 it=   0 TEE=0
Lx=Ly=10 rank=107 ids=   7 px= 0.025 it=2999 TEE=0
Lx=Ly=10 rank=56 ids=  56 px= 0.000 it=2999 TEE=0
Lx=Ly=10 rank=107 ids=  35 px= 0.050 it=   0 TEE=0
Lx=Ly=10 rank=56 ids=  84 px= 0.025 it=   0 TEE=0
Lx=Ly=10 rank=65 ids=  65 px= 0.000 it=2999 TEE=0
Lx=Ly=10 rank=33 ids=  33 px= 0.000 it=2999 TEE=0
Lx=Ly=10 rank=101 ids=   1 px= 0.025 it=2999 TEE=0
Lx=Ly=10 rank= 0 ids=   0 px= 0.000 it=2999 TEE=0
Lx=Ly=10 rank=65 ids=  93 px= 0.025 it=   0 TEE=0
Lx=Ly=10 rank=33 ids=  61 px= 0.025 it=   0 TEE=0
Lx=Ly=10 rank=101 ids=  29 px= 0.050 it=   0 TEE=0
Lx=Ly=10 rank= 0 ids=  28 px= 0.025 it=   0 TEE=0
Lx=Ly=10 rank=46 ids=  46 px= 0.000 it=2999 TEE=0
Lx=Ly=10 rank=121 ids=  21 px= 0.025 it=2999 TEE=0
Lx=Ly=10 rank=46 ids=  74 px= 0.025 it=   0 TEE=0
Lx=Ly=10 rank=102 ids=   2 px= 0.025 it=2999 TEE=0
Lx=Ly=10 rank=121 ids=  49 px= 0.050 it=   0 TEE=0
Lx=Ly=10 rank=102 ids=  30 px= 0.050 it=   0 TEE=0
Lx=Ly=10 rank=31 ids=  31 px= 0.000 it=2999 TEE=0
Lx=Ly=10 rank=31 ids=  59 px= 0.025 it=   0 TEE=0
Lx=Ly=10 rank= 4 ids=   4 px= 0.000 it=2999 TEE=0
Lx=Ly=10 rank= 2 ids=   2 px= 0.000 it=2999 TEE=0
Lx=Ly=10 rank= 4 ids=  32 px= 0.025 it=   0 TEE=0
Lx=Ly=10 rank= 2 ids=  30 px= 0.025 it=   0 TEE=0
Lx=Ly=10 rank=68 ids=  68 px= 0.000 it=2999 TEE=0
Lx=Ly=10 rank=68 ids=  96 px= 0.025 it=   0 TEE=0
Lx=Ly=10 rank=41 ids=  41 px= 0.000 it=2999 TEE=0
Lx=Ly=10 rank=41 ids=  69 px= 0.025 it=   0 TEE=0
Lx=Ly=10 rank= 1 ids=   1 px= 0.000 it=2999 TEE=0
Lx=Ly=10 rank=48 ids=  48 px= 0.000 it=2999 TEE=0
Lx=Ly=10 rank= 1 ids=  29 px= 0.025 it=   0 TEE=0
Lx=Ly=10 rank=48 ids=  76 px= 0.025 it=   0 TEE=0
Lx=Ly=10 rank=39 ids=  39 px= 0.000 it=2999 TEE=0
Lx=Ly=10 rank=39 ids=  67 px= 0.025 it=   0 TEE=0
Lx=Ly=10 rank=28 ids=  28 px= 0.000 it=2999 TEE=0
Lx=Ly=10 rank=64 ids=  64 px= 0.000 it=2999 TEE=0
Lx=Ly=10 rank=28 ids=  56 px= 0.025 it=   0 TEE=0
Lx=Ly=10 rank=64 ids=  92 px= 0.025 it=   0 TEE=0
Lx=Ly=10 rank=127 ids=  27 px= 0.025 it=2999 TEE=0
Lx=Ly=10 rank=115 ids=  15 px= 0.025 it=2999 TEE=0
Lx=Ly=10 rank=127 ids=  55 px= 0.050 it=   0 TEE=0
Lx=Ly=10 rank=115 ids=  43 px= 0.050 it=   0 TEE=0
Lx=Ly=10 rank=82 ids=  82 px= 0.000 it=2999 TEE=0
Lx=Ly=10 rank=67 ids=  67 px= 0.000 it=2999 TEE=0
Lx=Ly=10 rank=22 ids=  22 px= 0.000 it=2999 TEE=0
Lx=Ly=10 rank=82 ids=  10 px= 0.050 it=   0 TEE=0
Lx=Ly=10 rank=22 ids=  50 px= 0.025 it=   0 TEE=0
Lx=Ly=10 rank=67 ids=  95 px= 0.025 it=   0 TEE=0
Lx=Ly=10 rank=80 ids=  80 px= 0.000 it=2999 TEE=1
Lx=Ly=10 rank= 8 ids=   8 px= 0.000 it=2999 TEE=0
Lx=Ly=10 rank=42 ids=  42 px= 0.000 it=2999 TEE=0
Lx=Ly=10 rank=80 ids=   8 px= 0.050 it=   0 TEE=0
Lx=Ly=10 rank= 8 ids=  36 px= 0.025 it=   0 TEE=0
Lx=Ly=10 rank=42 ids=  70 px= 0.025 it=   0 TEE=0
Lx=Ly=10 rank=89 ids=  89 px= 0.000 it=2999 TEE=0
Lx=Ly=10 rank=89 ids=  17 px= 0.050 it=   0 TEE=0
Lx=Ly=10 rank=52 ids=  52 px= 0.000 it=2999 TEE=0
Lx=Ly=10 rank=52 ids=  80 px= 0.025 it=   0 TEE=0
Lx=Ly=10 rank=14 ids=  14 px= 0.000 it=2999 TEE=0
Lx=Ly=10 rank=51 ids=  51 px= 0.000 it=2999 TEE=0
Lx=Ly=10 rank= 6 ids=   6 px= 0.000 it=2999 TEE=0
Lx=Ly=10 rank=14 ids=  42 px= 0.025 it=   0 TEE=0
Lx=Ly=10 rank=81 ids=  81 px= 0.000 it=2999 TEE=0
Lx=Ly=10 rank=113 ids=  13 px= 0.025 it=2999 TEE=0
Lx=Ly=10 rank=51 ids=  79 px= 0.025 it=   0 TEE=0
Lx=Ly=10 rank= 6 ids=  34 px= 0.025 it=   0 TEE=0
Lx=Ly=10 rank=81 ids=   9 px= 0.050 it=   0 TEE=0
Lx=Ly=10 rank=113 ids=  41 px= 0.050 it=   0 TEE=0
Lx=Ly=10 rank=88 ids=  88 px= 0.000 it=2999 TEE=0
Lx=Ly=10 rank=88 ids=  16 px= 0.050 it=   0 TEE=0
Lx=Ly=10 rank=95 ids=  95 px= 0.000 it=2999 TEE=0
Lx=Ly=10 rank=96 ids=  96 px= 0.000 it=2999 TEE=0
Lx=Ly=10 rank=18 ids=  18 px= 0.000 it=2999 TEE=0
Lx=Ly=10 rank=94 ids=  94 px= 0.000 it=2999 TEE=0
Lx=Ly=10 rank=96 ids=  24 px= 0.050 it=   0 TEE=0
Lx=Ly=10 rank=95 ids=  23 px= 0.050 it=   0 TEE=0
Lx=Ly=10 rank=18 ids=  46 px= 0.025 it=   0 TEE=0
Lx=Ly=10 rank=37 ids=  37 px= 0.000 it=2999 TEE=0
Lx=Ly=10 rank=94 ids=  22 px= 0.050 it=   0 TEE=0
Lx=Ly=10 rank=37 ids=  65 px= 0.025 it=   0 TEE=0
Lx=Ly=10 rank=21 ids=  21 px= 0.000 it=2999 TEE=0
Lx=Ly=10 rank=99 ids=  99 px= 0.000 it=2999 TEE=0
Lx=Ly=10 rank=21 ids=  49 px= 0.025 it=   0 TEE=0
Lx=Ly=10 rank=99 ids=  27 px= 0.050 it=   0 TEE=0
Lx=Ly=10 rank=11 ids=  11 px= 0.000 it=2999 TEE=0
Lx=Ly=10 rank=11 ids=  39 px= 0.025 it=   0 TEE=0
Lx=Ly=10 rank=74 ids=  74 px= 0.000 it=2999 TEE=0
Lx=Ly=10 rank=74 ids=   2 px= 0.050 it=   0 TEE=0
Lx=Ly=10 rank=24 ids=  24 px= 0.000 it=2999 TEE=0
Lx=Ly=10 rank=29 ids=  29 px= 0.000 it=2999 TEE=0
Lx=Ly=10 rank=24 ids=  52 px= 0.025 it=   0 TEE=0
Lx=Ly=10 rank=29 ids=  57 px= 0.025 it=   0 TEE=0
Lx=Ly=10 rank=109 ids=   9 px= 0.025 it=2999 TEE=0
Lx=Ly=10 rank=69 ids=  69 px= 0.000 it=2999 TEE=0
Lx=Ly=10 rank=109 ids=  37 px= 0.050 it=   0 TEE=0
Lx=Ly=10 rank=10 ids=  10 px= 0.000 it=2999 TEE=0
Lx=Ly=10 rank=69 ids=  97 px= 0.025 it=   0 TEE=0
Lx=Ly=10 rank=10 ids=  38 px= 0.025 it=   0 TEE=0
Lx=Ly=10 rank=20 ids=  20 px= 0.000 it=2999 TEE=0
Lx=Ly=10 rank=20 ids=  48 px= 0.025 it=   0 TEE=0
Lx=Ly=10 rank=86 ids=  86 px= 0.000 it=2999 TEE=0
Lx=Ly=10 rank=35 ids=  35 px= 0.000 it=2999 TEE=0
Lx=Ly=10 rank=86 ids=  14 px= 0.050 it=   0 TEE=0
Lx=Ly=10 rank=35 ids=  63 px= 0.025 it=   0 TEE=0
Lx=Ly=10 rank=93 ids=  93 px= 0.000 it=2999 TEE=0
Lx=Ly=10 rank=92 ids=  92 px= 0.000 it=2999 TEE=0
Lx=Ly=10 rank=93 ids=  21 px= 0.050 it=   0 TEE=0
Lx=Ly=10 rank=92 ids=  20 px= 0.050 it=   0 TEE=0
Lx=Ly=10 rank=98 ids=  98 px= 0.000 it=2999 TEE=0
Lx=Ly=10 rank=98 ids=  26 px= 0.050 it=   0 TEE=0
Lx=Ly=10 rank=79 ids=  79 px= 0.000 it=2999 TEE=0
Lx=Ly=10 rank=79 ids=   7 px= 0.050 it=   0 TEE=0
Lx=Ly=10 rank=55 ids=  55 px= 0.000 it=2999 TEE=0
Lx=Ly=10 rank=55 ids=  83 px= 0.025 it=   0 TEE=0
Lx=Ly=10 rank=27 ids=  27 px= 0.000 it=2999 TEE=0
Lx=Ly=10 rank=53 ids=  53 px= 0.000 it=2999 TEE=0
Lx=Ly=10 rank=27 ids=  55 px= 0.025 it=   0 TEE=0
Lx=Ly=10 rank=53 ids=  81 px= 0.025 it=   0 TEE=0
Lx=Ly=10 rank=49 ids=  49 px= 0.000 it=2999 TEE=1
Lx=Ly=10 rank=49 ids=  77 px= 0.025 it=   0 TEE=0
Lx=Ly=10 rank=16 ids=  16 px= 0.000 it=2999 TEE=0
Lx=Ly=10 rank=15 ids=  15 px= 0.000 it=2999 TEE=0
Lx=Ly=10 rank=16 ids=  44 px= 0.025 it=   0 TEE=0
Lx=Ly=10 rank=15 ids=  43 px= 0.025 it=   0 TEE=0
Lx=Ly=10 rank=97 ids=  97 px= 0.000 it=2999 TEE=0
Lx=Ly=10 rank=97 ids=  25 px= 0.050 it=   0 TEE=0
Lx=Ly=10 rank=43 ids=  43 px= 0.000 it=2999 TEE=0
Lx=Ly=10 rank=43 ids=  71 px= 0.025 it=   0 TEE=0
Lx=Ly=10 rank=87 ids=  87 px= 0.000 it=2999 TEE=0
Lx=Ly=10 rank= 7 ids=   7 px= 0.000 it=2999 TEE=0
Lx=Ly=10 rank=87 ids=  15 px= 0.050 it=   0 TEE=0
Lx=Ly=10 rank= 7 ids=  35 px= 0.025 it=   0 TEE=0
Lx=Ly=10 rank=57 ids=  57 px= 0.000 it=2999 TEE=0
Lx=Ly=10 rank=13 ids=  13 px= 0.000 it=2999 TEE=0
Lx=Ly=10 rank=57 ids=  85 px= 0.025 it=   0 TEE=0
Lx=Ly=10 rank=13 ids=  41 px= 0.025 it=   0 TEE=0
Lx=Ly=10 rank=36 ids=  36 px= 0.000 it=2999 TEE=0
Lx=Ly=10 rank=63 ids=  63 px= 0.000 it=2999 TEE=0
Lx=Ly=10 rank=66 ids=  66 px= 0.000 it=2999 TEE=0
Lx=Ly=10 rank=36 ids=  64 px= 0.025 it=   0 TEE=0
Lx=Ly=10 rank=63 ids=  91 px= 0.025 it=   0 TEE=0
Lx=Ly=10 rank=66 ids=  94 px= 0.025 it=   0 TEE=0
Lx=Ly=10 rank=30 ids=  30 px= 0.000 it=2999 TEE=0
Lx=Ly=10 rank=30 ids=  58 px= 0.025 it=   0 TEE=0
Lx=Ly=10 rank=17 ids=  17 px= 0.000 it=2999 TEE=0
Lx=Ly=10 rank=58 ids=  58 px= 0.000 it=2999 TEE=0
Lx=Ly=10 rank=17 ids=  45 px= 0.025 it=   0 TEE=0
Lx=Ly=10 rank=23 ids=  23 px= 0.000 it=2999 TEE=0
Lx=Ly=10 rank=58 ids=  86 px= 0.025 it=   0 TEE=0
Lx=Ly=10 rank=78 ids=  78 px= 0.000 it=2999 TEE=0
Lx=Ly=10 rank=23 ids=  51 px= 0.025 it=   0 TEE=0
Lx=Ly=10 rank=91 ids=  91 px= 0.000 it=2999 TEE=0
Lx=Ly=10 rank=78 ids=   6 px= 0.050 it=   0 TEE=0
Lx=Ly=10 rank=91 ids=  19 px= 0.050 it=   0 TEE=0
Lx=Ly=10 rank= 9 ids=   9 px= 0.000 it=2999 TEE=0
Lx=Ly=10 rank= 9 ids=  37 px= 0.025 it=   0 TEE=0
Lx=Ly=10 rank=73 ids=  73 px= 0.000 it=2999 TEE=0
Lx=Ly=10 rank=73 ids=   1 px= 0.050 it=   0 TEE=0
Lx=Ly=10 rank=50 ids=  50 px= 0.000 it=2999 TEE=0
Lx=Ly=10 rank=50 ids=  78 px= 0.025 it=   0 TEE=0
Lx=Ly=10 rank=25 ids=  25 px= 0.000 it=2999 TEE=0
Lx=Ly=10 rank=25 ids=  53 px= 0.025 it=   0 TEE=0
Lx=Ly=10 rank=47 ids=  47 px= 0.000 it=2999 TEE=0
Lx=Ly=10 rank=47 ids=  75 px= 0.025 it=   0 TEE=0
Lx=Ly=10 rank=40 ids=  40 px= 0.000 it=2999 TEE=0
Lx=Ly=10 rank=40 ids=  68 px= 0.025 it=   0 TEE=0
Lx=Ly=10 rank=12 ids=  12 px= 0.000 it=2999 TEE=0
Lx=Ly=10 rank=12 ids=  40 px= 0.025 it=   0 TEE=0
Lx=Ly=10 rank= 3 ids=   3 px= 0.000 it=2999 TEE=0
Lx=Ly=10 rank= 3 ids=  31 px= 0.025 it=   0 TEE=0
Lx=Ly=10 rank=61 ids=  61 px= 0.000 it=2999 TEE=0
Lx=Ly=10 rank=61 ids=  89 px= 0.025 it=   0 TEE=0
Lx=Ly=10 rank=122 ids=  50 px= 0.050 it=2999 TEE=0
Lx=Ly=10 rank=120 ids=  48 px= 0.050 it=2999 TEE=0
Lx=Ly=10 rank=122 ids=  78 px= 0.075 it=   0 TEE=0
Lx=Ly=10 rank=120 ids=  76 px= 0.075 it=   0 TEE=0
Lx=Ly=10 rank=83 ids=  11 px= 0.050 it=2999 TEE=0
Lx=Ly=10 rank=83 ids=  39 px= 0.075 it=   0 TEE=0
Lx=Ly=10 rank=100 ids=  28 px= 0.050 it=2999 TEE=0
Lx=Ly=10 rank=100 ids=  56 px= 0.075 it=   0 TEE=0
Lx=Ly=10 rank=106 ids=  34 px= 0.050 it=2999 TEE=0
Lx=Ly=10 rank=106 ids=  62 px= 0.075 it=   0 TEE=0
Lx=Ly=10 rank=116 ids=  44 px= 0.050 it=2999 TEE=0
Lx=Ly=10 rank=116 ids=  72 px= 0.075 it=   0 TEE=0
Lx=Ly=10 rank=124 ids=  52 px= 0.050 it=2999 TEE=0
Lx=Ly=10 rank=124 ids=  80 px= 0.075 it=   0 TEE=0
Lx=Ly=10 rank=76 ids=   4 px= 0.050 it=2999 TEE=0
Lx=Ly=10 rank=123 ids=  51 px= 0.050 it=2999 TEE=0
Lx=Ly=10 rank=76 ids=  32 px= 0.075 it=   0 TEE=0
Lx=Ly=10 rank=123 ids=  79 px= 0.075 it=   0 TEE=0
Lx=Ly=10 rank=105 ids=  33 px= 0.050 it=2999 TEE=0
Lx=Ly=10 rank=105 ids=  61 px= 0.075 it=   0 TEE=0
Lx=Ly=10 rank=85 ids=  13 px= 0.050 it=2999 TEE=0
Lx=Ly=10 rank=85 ids=  41 px= 0.075 it=   0 TEE=0
Lx=Ly=10 rank=126 ids=  54 px= 0.050 it=2999 TEE=0
Lx=Ly=10 rank=126 ids=  82 px= 0.075 it=   0 TEE=0
Lx=Ly=10 rank=104 ids=  32 px= 0.050 it=2999 TEE=0
Lx=Ly=10 rank=104 ids=  60 px= 0.075 it=   0 TEE=0
Lx=Ly=10 rank=38 ids=  66 px= 0.025 it=2999 TEE=0
Lx=Ly=10 rank=38 ids=  94 px= 0.050 it=   0 TEE=0
Lx=Ly=10 rank=110 ids=  38 px= 0.050 it=2999 TEE=0
Lx=Ly=10 rank=110 ids=  66 px= 0.075 it=   0 TEE=0
Lx=Ly=10 rank=118 ids=  46 px= 0.050 it=2999 TEE=0
Lx=Ly=10 rank=118 ids=  74 px= 0.075 it=   0 TEE=0
Lx=Ly=10 rank=77 ids=   5 px= 0.050 it=2999 TEE=0
Lx=Ly=10 rank=70 ids=  98 px= 0.025 it=2999 TEE=0
Lx=Ly=10 rank=77 ids=  33 px= 0.075 it=   0 TEE=0
Lx=Ly=10 rank=70 ids=  26 px= 0.075 it=   0 TEE=0
Lx=Ly=10 rank=72 ids=   0 px= 0.050 it=2999 TEE=0
Lx=Ly=10 rank=72 ids=  28 px= 0.075 it=   0 TEE=0
Lx=Ly=10 rank=119 ids=  47 px= 0.050 it=2999 TEE=0
Lx=Ly=10 rank=119 ids=  75 px= 0.075 it=   0 TEE=0
Lx=Ly=10 rank=111 ids=  39 px= 0.050 it=2999 TEE=0
Lx=Ly=10 rank=117 ids=  45 px= 0.050 it=2999 TEE=0
Lx=Ly=10 rank=111 ids=  67 px= 0.075 it=   0 TEE=0
Lx=Ly=10 rank=117 ids=  73 px= 0.075 it=   0 TEE=0
Lx=Ly=10 rank=113 ids=  41 px= 0.050 it=2999 TEE=0
Lx=Ly=10 rank=113 ids=  69 px= 0.075 it=   0 TEE=0
Lx=Ly=10 rank=75 ids=   3 px= 0.050 it=2999 TEE=0
Lx=Ly=10 rank=75 ids=  31 px= 0.075 it=   0 TEE=0
Lx=Ly=10 rank=48 ids=  76 px= 0.025 it=2999 TEE=0
Lx=Ly=10 rank=48 ids=   4 px= 0.075 it=   0 TEE=0
Lx=Ly=10 rank=62 ids=  90 px= 0.025 it=2999 TEE=0
Lx=Ly=10 rank=62 ids=  18 px= 0.075 it=   0 TEE=0
Lx=Ly=10 rank=74 ids=   2 px= 0.050 it=2999 TEE=0
Lx=Ly=10 rank=74 ids=  30 px= 0.075 it=   0 TEE=0
Lx=Ly=10 rank=127 ids=  55 px= 0.050 it=2999 TEE=0
Lx=Ly=10 rank=127 ids=  83 px= 0.075 it=   0 TEE=0
Lx=Ly=10 rank=90 ids=  18 px= 0.050 it=2999 TEE=0
Lx=Ly=10 rank=101 ids=  29 px= 0.050 it=2999 TEE=-1
Lx=Ly=10 rank=90 ids=  46 px= 0.075 it=   0 TEE=0
Lx=Ly=10 rank=101 ids=  57 px= 0.075 it=   0 TEE=0
Lx=Ly=10 rank=98 ids=  26 px= 0.050 it=2999 TEE=0
Lx=Ly=10 rank=108 ids=  36 px= 0.050 it=2999 TEE=0
Lx=Ly=10 rank=98 ids=  54 px= 0.075 it=   0 TEE=0
Lx=Ly=10 rank=108 ids=  64 px= 0.075 it=   0 TEE=0
Lx=Ly=10 rank=114 ids=  42 px= 0.050 it=2999 TEE=0
Lx=Ly=10 rank=68 ids=  96 px= 0.025 it=2999 TEE=0
Lx=Ly=10 rank=22 ids=  50 px= 0.025 it=2999 TEE=0
Lx=Ly=10 rank=114 ids=  70 px= 0.075 it=   0 TEE=0
Lx=Ly=10 rank=68 ids=  24 px= 0.075 it=   0 TEE=0
Lx=Ly=10 rank=22 ids=  78 px= 0.050 it=   0 TEE=0
Lx=Ly=10 rank= 1 ids=  29 px= 0.025 it=2999 TEE=0
Lx=Ly=10 rank=45 ids=  73 px= 0.025 it=2999 TEE=0
Lx=Ly=10 rank=86 ids=  14 px= 0.050 it=2999 TEE=0
Lx=Ly=10 rank= 1 ids=  57 px= 0.050 it=   0 TEE=0
Lx=Ly=10 rank=45 ids=   1 px= 0.075 it=   0 TEE=0
Lx=Ly=10 rank=86 ids=  42 px= 0.075 it=   0 TEE=0
Lx=Ly=10 rank=42 ids=  70 px= 0.025 it=2999 TEE=1
Lx=Ly=10 rank=42 ids=  98 px= 0.050 it=   0 TEE=0
Lx=Ly=10 rank=95 ids=  23 px= 0.050 it=2999 TEE=0
Lx=Ly=10 rank=95 ids=  51 px= 0.075 it=   0 TEE=0
Lx=Ly=10 rank=121 ids=  49 px= 0.050 it=2999 TEE=0
Lx=Ly=10 rank=121 ids=  77 px= 0.075 it=   0 TEE=0
Lx=Ly=10 rank=107 ids=  35 px= 0.050 it=2999 TEE=0
Lx=Ly=10 rank=82 ids=  10 px= 0.050 it=2999 TEE=0
Lx=Ly=10 rank=107 ids=  63 px= 0.075 it=   0 TEE=0
Lx=Ly=10 rank=52 ids=  80 px= 0.025 it=2999 TEE=0
Lx=Ly=10 rank=88 ids=  16 px= 0.050 it=2999 TEE=0
Lx=Ly=10 rank=54 ids=  82 px= 0.025 it=2999 TEE=0
Lx=Ly=10 rank=82 ids=  38 px= 0.075 it=   0 TEE=0
Lx=Ly=10 rank=52 ids=   8 px= 0.075 it=   0 TEE=0
Lx=Ly=10 rank=54 ids=  10 px= 0.075 it=   0 TEE=0
Lx=Ly=10 rank=88 ids=  44 px= 0.075 it=   0 TEE=0
Lx=Ly=10 rank=102 ids=  30 px= 0.050 it=2999 TEE=0
Lx=Ly=10 rank=112 ids=  40 px= 0.050 it=2999 TEE=0
Lx=Ly=10 rank=102 ids=  58 px= 0.075 it=   0 TEE=0
Lx=Ly=10 rank=112 ids=  68 px= 0.075 it=   0 TEE=0
Lx=Ly=10 rank=80 ids=   8 px= 0.050 it=2999 TEE=0
Lx=Ly=10 rank=80 ids=  36 px= 0.075 it=   0 TEE=0
Lx=Ly=10 rank=125 ids=  53 px= 0.050 it=2999 TEE=0
Lx=Ly=10 rank=125 ids=  81 px= 0.075 it=   0 TEE=0
Lx=Ly=10 rank=87 ids=  15 px= 0.050 it=2999 TEE=0
Lx=Ly=10 rank=87 ids=  43 px= 0.075 it=   0 TEE=0
Lx=Ly=10 rank=103 ids=  31 px= 0.050 it=2999 TEE=0
Lx=Ly=10 rank=60 ids=  88 px= 0.025 it=2999 TEE=0
Lx=Ly=10 rank=32 ids=  60 px= 0.025 it=2999 TEE=0
Lx=Ly=10 rank=103 ids=  59 px= 0.075 it=   0 TEE=0
Lx=Ly=10 rank=60 ids=  16 px= 0.075 it=   0 TEE=0
Lx=Ly=10 rank=32 ids=  88 px= 0.050 it=   0 TEE=0
Lx=Ly=10 rank=81 ids=   9 px= 0.050 it=2999 TEE=0
Lx=Ly=10 rank=81 ids=  37 px= 0.075 it=   0 TEE=0
Lx=Ly=10 rank=41 ids=  69 px= 0.025 it=2999 TEE=0
Lx=Ly=10 rank=93 ids=  21 px= 0.050 it=2999 TEE=0
Lx=Ly=10 rank=41 ids=  97 px= 0.050 it=   0 TEE=0
Lx=Ly=10 rank=93 ids=  49 px= 0.075 it=   0 TEE=0
Lx=Ly=10 rank=84 ids=  12 px= 0.050 it=2999 TEE=0
Lx=Ly=10 rank=84 ids=  40 px= 0.075 it=   0 TEE=0
Lx=Ly=10 rank=19 ids=  47 px= 0.025 it=2999 TEE=0
Lx=Ly=10 rank=67 ids=  95 px= 0.025 it=2999 TEE=0
Lx=Ly=10 rank=109 ids=  37 px= 0.050 it=2999 TEE=0
Lx=Ly=10 rank=19 ids=  75 px= 0.050 it=   0 TEE=0
Lx=Ly=10 rank=109 ids=  65 px= 0.075 it=   0 TEE=0
Lx=Ly=10 rank=67 ids=  23 px= 0.075 it=   0 TEE=0
Lx=Ly=10 rank=97 ids=  25 px= 0.050 it=2999 TEE=0
Lx=Ly=10 rank=97 ids=  53 px= 0.075 it=   0 TEE=0
Lx=Ly=10 rank=94 ids=  22 px= 0.050 it=2999 TEE=0
Lx=Ly=10 rank=94 ids=  50 px= 0.075 it=   0 TEE=0
Lx=Ly=10 rank= 5 ids=  33 px= 0.025 it=2999 TEE=0
Lx=Ly=10 rank= 5 ids=  61 px= 0.050 it=   0 TEE=0
Lx=Ly=10 rank=92 ids=  20 px= 0.050 it=2999 TEE=0
Lx=Ly=10 rank=92 ids=  48 px= 0.075 it=   0 TEE=0
Lx=Ly=10 rank=89 ids=  17 px= 0.050 it=2999 TEE=0
Lx=Ly=10 rank=89 ids=  45 px= 0.075 it=   0 TEE=0
Lx=Ly=10 rank=96 ids=  24 px= 0.050 it=2999 TEE=0
Lx=Ly=10 rank=79 ids=   7 px= 0.050 it=2999 TEE=0
Lx=Ly=10 rank=96 ids=  52 px= 0.075 it=   0 TEE=0
Lx=Ly=10 rank=79 ids=  35 px= 0.075 it=   0 TEE=0
Lx=Ly=10 rank=115 ids=  43 px= 0.050 it=2999 TEE=0
Lx=Ly=10 rank=26 ids=  54 px= 0.025 it=2999 TEE=0
Lx=Ly=10 rank=115 ids=  71 px= 0.075 it=   0 TEE=0
Lx=Ly=10 rank=26 ids=  82 px= 0.050 it=   0 TEE=0
Lx=Ly=10 rank=21 ids=  49 px= 0.025 it=2999 TEE=0
Lx=Ly=10 rank=21 ids=  77 px= 0.050 it=   0 TEE=0
Lx=Ly=10 rank=46 ids=  74 px= 0.025 it=2999 TEE=0
Lx=Ly=10 rank=39 ids=  67 px= 0.025 it=2999 TEE=0
Lx=Ly=10 rank=39 ids=  95 px= 0.050 it=   0 TEE=0
Lx=Ly=10 rank=46 ids=   2 px= 0.075 it=   0 TEE=0
Lx=Ly=10 rank=99 ids=  27 px= 0.050 it=2999 TEE=0
Lx=Ly=10 rank=99 ids=  55 px= 0.075 it=   0 TEE=0
Lx=Ly=10 rank= 6 ids=  34 px= 0.025 it=2999 TEE=0
Lx=Ly=10 rank= 6 ids=  62 px= 0.050 it=   0 TEE=0
Lx=Ly=10 rank= 0 ids=  28 px= 0.025 it=2999 TEE=0
Lx=Ly=10 rank=31 ids=  59 px= 0.025 it=2999 TEE=0
Lx=Ly=10 rank= 0 ids=  56 px= 0.050 it=   0 TEE=0
Lx=Ly=10 rank=31 ids=  87 px= 0.050 it=   0 TEE=0
Lx=Ly=10 rank=73 ids=   1 px= 0.050 it=2999 TEE=0
Lx=Ly=10 rank=14 ids=  42 px= 0.025 it=2999 TEE=0
Lx=Ly=10 rank=73 ids=  29 px= 0.075 it=   0 TEE=0
Lx=Ly=10 rank=14 ids=  70 px= 0.050 it=   0 TEE=0
Lx=Ly=10 rank=34 ids=  62 px= 0.025 it=2999 TEE=0
Lx=Ly=10 rank=64 ids=  92 px= 0.025 it=2999 TEE=0
Lx=Ly=10 rank=34 ids=  90 px= 0.050 it=   0 TEE=0
Lx=Ly=10 rank=64 ids=  20 px= 0.075 it=   0 TEE=0
Lx=Ly=10 rank=65 ids=  93 px= 0.025 it=2999 TEE=1
Lx=Ly=10 rank=65 ids=  21 px= 0.075 it=   0 TEE=0
Lx=Ly=10 rank=44 ids=  72 px= 0.025 it=2999 TEE=0
Lx=Ly=10 rank=44 ids=   0 px= 0.075 it=   0 TEE=0
Lx=Ly=10 rank=91 ids=  19 px= 0.050 it=2999 TEE=0
Lx=Ly=10 rank=91 ids=  47 px= 0.075 it=   0 TEE=0
Lx=Ly=10 rank=56 ids=  84 px= 0.025 it=2999 TEE=0
Lx=Ly=10 rank=56 ids=  12 px= 0.075 it=   0 TEE=0
Lx=Ly=10 rank=35 ids=  63 px= 0.025 it=2999 TEE=0
Lx=Ly=10 rank=16 ids=  44 px= 0.025 it=2999 TEE=0
Lx=Ly=10 rank=35 ids=  91 px= 0.050 it=   0 TEE=0
Lx=Ly=10 rank=15 ids=  43 px= 0.025 it=2999 TEE=0
Lx=Ly=10 rank=16 ids=  72 px= 0.050 it=   0 TEE=0
Lx=Ly=10 rank=15 ids=  71 px= 0.050 it=   0 TEE=0
Lx=Ly=10 rank= 8 ids=  36 px= 0.025 it=2999 TEE=0
Lx=Ly=10 rank= 8 ids=  64 px= 0.050 it=   0 TEE=0
Lx=Ly=10 rank=20 ids=  48 px= 0.025 it=2999 TEE=0
Lx=Ly=10 rank=20 ids=  76 px= 0.050 it=   0 TEE=0
Lx=Ly=10 rank=71 ids=  99 px= 0.025 it=2999 TEE=0
Lx=Ly=10 rank=28 ids=  56 px= 0.025 it=2999 TEE=0
Lx=Ly=10 rank=71 ids=  27 px= 0.075 it=   0 TEE=0
Lx=Ly=10 rank=28 ids=  84 px= 0.050 it=   0 TEE=0
Lx=Ly=10 rank= 4 ids=  32 px= 0.025 it=2999 TEE=0
Lx=Ly=10 rank= 4 ids=  60 px= 0.050 it=   0 TEE=0
Lx=Ly=10 rank=78 ids=   6 px= 0.050 it=2999 TEE=0
Lx=Ly=10 rank=69 ids=  97 px= 0.025 it=2999 TEE=0
Lx=Ly=10 rank=78 ids=  34 px= 0.075 it=   0 TEE=0
Lx=Ly=10 rank=69 ids=  25 px= 0.075 it=   0 TEE=0
Lx=Ly=10 rank= 2 ids=  30 px= 0.025 it=2999 TEE=0
Lx=Ly=10 rank= 2 ids=  58 px= 0.050 it=   0 TEE=0
Lx=Ly=10 rank=63 ids=  91 px= 0.025 it=2999 TEE=1
Lx=Ly=10 rank=63 ids=  19 px= 0.075 it=   0 TEE=0
Lx=Ly=10 rank=49 ids=  77 px= 0.025 it=2999 TEE=0
Lx=Ly=10 rank=49 ids=   5 px= 0.075 it=   0 TEE=0
Lx=Ly=10 rank=59 ids=  87 px= 0.025 it=2999 TEE=0
Lx=Ly=10 rank=59 ids=  15 px= 0.075 it=   0 TEE=0
Lx=Ly=10 rank=11 ids=  39 px= 0.025 it=2999 TEE=0
Lx=Ly=10 rank=11 ids=  67 px= 0.050 it=   0 TEE=0
Lx=Ly=10 rank=10 ids=  38 px= 0.025 it=2999 TEE=0
Lx=Ly=10 rank=10 ids=  66 px= 0.050 it=   0 TEE=0
Lx=Ly=10 rank=51 ids=  79 px= 0.025 it=2999 TEE=0
Lx=Ly=10 rank=51 ids=   7 px= 0.075 it=   0 TEE=0
Lx=Ly=10 rank=23 ids=  51 px= 0.025 it=2999 TEE=0
Lx=Ly=10 rank=23 ids=  79 px= 0.050 it=   0 TEE=0
Lx=Ly=10 rank=57 ids=  85 px= 0.025 it=2999 TEE=0
Lx=Ly=10 rank=57 ids=  13 px= 0.075 it=   0 TEE=0
Lx=Ly=10 rank=29 ids=  57 px= 0.025 it=2999 TEE=0
Lx=Ly=10 rank=17 ids=  45 px= 0.025 it=2999 TEE=0
Lx=Ly=10 rank=18 ids=  46 px= 0.025 it=2999 TEE=0
Lx=Ly=10 rank=29 ids=  85 px= 0.050 it=   0 TEE=0
Lx=Ly=10 rank=17 ids=  73 px= 0.050 it=   0 TEE=0
Lx=Ly=10 rank=18 ids=  74 px= 0.050 it=   0 TEE=0
Lx=Ly=10 rank=37 ids=  65 px= 0.025 it=2999 TEE=0
Lx=Ly=10 rank=37 ids=  93 px= 0.050 it=   0 TEE=0
Lx=Ly=10 rank= 7 ids=  35 px= 0.025 it=2999 TEE=0
Lx=Ly=10 rank= 7 ids=  63 px= 0.050 it=   0 TEE=0
Lx=Ly=10 rank=53 ids=  81 px= 0.025 it=2999 TEE=0
Lx=Ly=10 rank=53 ids=   9 px= 0.075 it=   0 TEE=0
Lx=Ly=10 rank=33 ids=  61 px= 0.025 it=2999 TEE=0
Lx=Ly=10 rank=43 ids=  71 px= 0.025 it=2999 TEE=0
Lx=Ly=10 rank=50 ids=  78 px= 0.025 it=2999 TEE=0
Lx=Ly=10 rank=33 ids=  89 px= 0.050 it=   0 TEE=0
Lx=Ly=10 rank=43 ids=  99 px= 0.050 it=   0 TEE=0
Lx=Ly=10 rank=50 ids=   6 px= 0.075 it=   0 TEE=0
Lx=Ly=10 rank=30 ids=  58 px= 0.025 it=2999 TEE=0
Lx=Ly=10 rank=30 ids=  86 px= 0.050 it=   0 TEE=0
Lx=Ly=10 rank=58 ids=  86 px= 0.025 it=2999 TEE=0
Lx=Ly=10 rank=58 ids=  14 px= 0.075 it=   0 TEE=0
Lx=Ly=10 rank=66 ids=  94 px= 0.025 it=2999 TEE=0
Lx=Ly=10 rank=66 ids=  22 px= 0.075 it=   0 TEE=0
Lx=Ly=10 rank=27 ids=  55 px= 0.025 it=2999 TEE=0
Lx=Ly=10 rank=27 ids=  83 px= 0.050 it=   0 TEE=0
Lx=Ly=10 rank=55 ids=  83 px= 0.025 it=2999 TEE=0
Lx=Ly=10 rank=55 ids=  11 px= 0.075 it=   0 TEE=0
Lx=Ly=10 rank=36 ids=  64 px= 0.025 it=2999 TEE=0
Lx=Ly=10 rank=36 ids=  92 px= 0.050 it=   0 TEE=0
Lx=Ly=10 rank=12 ids=  40 px= 0.025 it=2999 TEE=0
Lx=Ly=10 rank=12 ids=  68 px= 0.050 it=   0 TEE=0
Lx=Ly=10 rank= 9 ids=  37 px= 0.025 it=2999 TEE=0
Lx=Ly=10 rank= 9 ids=  65 px= 0.050 it=   0 TEE=0
Lx=Ly=10 rank=13 ids=  41 px= 0.025 it=2999 TEE=0
Lx=Ly=10 rank=24 ids=  52 px= 0.025 it=2999 TEE=0
Lx=Ly=10 rank=13 ids=  69 px= 0.050 it=   0 TEE=0
Lx=Ly=10 rank=24 ids=  80 px= 0.050 it=   0 TEE=0
Lx=Ly=10 rank=47 ids=  75 px= 0.025 it=2999 TEE=0
Lx=Ly=10 rank=47 ids=   3 px= 0.075 it=   0 TEE=0
Lx=Ly=10 rank=25 ids=  53 px= 0.025 it=2999 TEE=0
Lx=Ly=10 rank=25 ids=  81 px= 0.050 it=   0 TEE=0
Lx=Ly=10 rank=40 ids=  68 px= 0.025 it=2999 TEE=0
Lx=Ly=10 rank=40 ids=  96 px= 0.050 it=   0 TEE=0
Lx=Ly=10 rank= 3 ids=  31 px= 0.025 it=2999 TEE=0
Lx=Ly=10 rank= 3 ids=  59 px= 0.050 it=   0 TEE=0
Lx=Ly=10 rank=61 ids=  89 px= 0.025 it=2999 TEE=0
Lx=Ly=10 rank=61 ids=  17 px= 0.075 it=   0 TEE=0
srun: Job step aborted: Waiting up to 42 seconds for job step to finish.
slurmstepd: error: *** JOB 2702659 ON c15u06n1 CANCELLED AT 2025-10-22T16:17:39 ***
slurmstepd: error: *** STEP 2702659.0 ON c15u06n1 CANCELLED AT 2025-10-22T16:17:39 ***
