4	0.0	0.0	0.0	0.0
4	0.09	0.145	0.13897499999999996	0.01318848627450345
4	0.18	0.2625	0.25109375	0.01772738030605889
4	0.27	0.46875	0.4490234375	0.023706154772392247
4	0.36	0.705	0.5629749999999999	0.026544293160192037
4	0.45	1.09	0.7669	0.030981039055787335
4	0.54	1.325	0.916875	0.03387518502090063
4	0.63	1.915	0.900275	0.033567129609750626
4	0.72	2.50375	0.5274859375000001	0.025694019735878905
4	0.8099999999999999	2.83	0.2286	0.016914716507916382
4	0.9	2.985	0.059774999999999995	0.008649408380442246
6	0.0	0.0	0.0	0.0
6	0.09	0.19125	0.18717343749999998	0.015305542179281078
6	0.18	0.445	0.416975	0.022844497999760825
6	0.27	0.685	0.620775	0.027873642117709208
6	0.36	1.045	0.9279749999999999	0.03407962038604701
6	0.45	1.425	1.229375	0.03922552807249007
6	0.54	2.1375	1.58359375	0.04451931771222412
6	0.63	2.9675	1.6214437500000003	0.04504821155390363
6	0.72	4.03875	1.0272484374999997	0.03585620771099849
6	0.8099999999999999	4.65375	0.3613609375	0.021266558372389686
6	0.9	4.97375	0.10556093750000002	0.011494186237902599
8	0.0	0.0	0.0	0.0
8	0.09	0.25875	0.24179843749999996	0.017396158477871886
8	0.18	0.5575	0.5116937500000001	0.02530647564630536
8	0.27	0.8925	0.7759437499999998	0.031163177261333226
8	0.36	1.395	1.161475	0.03812690422828138
8	0.45	2.04375	1.5868359375	0.044564867958911805
8	0.54	2.84125	2.2235484375	0.0527533334454991
8	0.63	4.07	2.4875999999999996	0.05579777540076838
8	0.72	5.6225	1.4799937499999998	0.043038442954699885
8	0.8099999999999999	6.47875	0.6820484375	0.029216905745675557
8	0.9	6.99125	0.13367343750000002	0.012934485804576306
10	0.0	0.0	0.0	0.0
10	0.09	0.32875	0.33317343750000006	0.020420284814734922
10	0.18	0.69	0.5963999999999999	0.027320926801659328
10	0.27	1.08375	0.9992359375	0.03536393900716701
10	0.36	1.69875	1.5554984374999998	0.044122630872023436
10	0.45	2.47	2.0441	0.050579866583745914
10	0.54	3.4775	2.46449375	0.055538030019735944
10	0.63	5.03125	2.9452734375	0.06071408029697794
10	0.72	7.18	2.3651	0.05440657215693095
10	0.8099999999999999	8.335	0.797775	0.03159852581279588
10	0.9	8.96625	0.20511093750000003	0.016022158369693187
12	0.0	0.0	0.0	0.0
12	0.09	0.3525	0.33574375	0.020498901035899447
12	0.18	0.85	0.7775	0.0311944123875616
12	0.27	1.39125	1.3456734375	0.0410389698113753
12	0.36	2.08875	1.7333734375	0.046577125100238356
12	0.45	2.9375	2.53359375	0.05631124117219351
12	0.54	4.2375	3.03359375	0.06161767692908969
12	0.63	6.0075	4.07244375	0.07139275764954038
12	0.72	8.44875	2.7348734375000006	0.05850530219438295
12	0.8099999999999999	10.015	1.1422750000000002	0.03781045871826481
12	0.9	10.87125	0.25217343750000004	0.017765452738778352
14	0.0	0.0	0.0	0.0
14	0.09	0.37625	0.3621859375000001	0.021290820690666266
14	0.18	0.91125	0.8908734375	0.03339139902408976
14	0.27	1.46875	1.3490234375	0.041090020492877966
14	0.36	2.24875	1.9843734375000002	0.0498354418155512
14	0.45	3.11625	2.4602359375000002	0.05549003380508622
14	0.54	4.56375	3.3534359374999996	0.06478457550531805
14	0.63	6.47625	3.8494359375	0.06941049771732448
14	0.72	9.5075	3.07994375	0.062086617903162646
14	0.8099999999999999	11.23125	0.9627734375	0.03471272120046809
14	0.9	11.87375	0.29031093750000003	0.019061554250324072
14	0.0	0.0	0.0	0.0
14	0.09	0.42	0.40610000000000007	0.02254462963560853
14	0.18	0.84625	0.7826109374999999	0.03129677350646378
14	0.27	1.5125	1.37484375	0.04148138822968473
14	0.36	2.2025	1.98899375	0.049893425216653665
14	0.45	3.21125	2.6841234375	0.05795993002701021
14	0.54	4.55625	3.6818359375	0.06788265603682038
14	0.63	6.3225	4.4409937500000005	0.07455326904238427
14	0.72	9.45375	2.8503609374999996	0.05972780286364674
14	0.8099999999999999	11.18375	1.0299859375	0.03590395227703197
14	0.9	11.89625	0.2779859375	0.018652541878338025
14	0.0	0.0	0.0	0.0
14	0.09	0.42375	0.3866859374999999	0.021999144866188647
14	0.18	0.93875	0.8949984375	0.03346861562964932
14	0.27	1.49875	1.3999984374999996	0.04185914813069879
14	0.36	2.2025	2.0164937500000004	0.05023715659129179
14	0.45	3.21125	2.6241234374999998	0.057308460295158445
14	0.54	4.52	3.5346	0.06651150069466047
14	0.63	6.65125	4.117123437500001	0.07178332225222625
14	0.72	9.61375	3.2445609374999993	0.06372422728683438
14	0.8099999999999999	11.28375	0.8582359375	0.03277403841255047
14	0.9	11.87875	0.2815484375	0.018771681248522205
14	0.0	0.0	0.0	0.0
14	0.09	0.40875	0.38917343750000005	0.022069790244286045
14	0.18	0.99	0.9224	0.03397709601801295
14	0.27	1.43625	1.3034359375	0.04038977704180673
14	0.36	2.3175	2.15919375	0.05198432600493859
14	0.45	3.08375	2.6867359375	0.057988129827371525
14	0.54	4.49375	3.1624609375	0.06291282620818966
14	0.63	6.64375	4.2443359375	0.072883880226502
14	0.72	9.2925	2.95944375	0.0608599589694012
14	0.8099999999999999	11.0325	1.16644375	0.03820836998513744
14	0.9	11.86375	0.27268593750000003	0.018473874171614245
14	0.0	0.0	0.0	0.0
14	0.09	0.43625	0.41093593749999996	0.022678465840773133
14	0.18	1.0325	0.92894375	0.0340974042813145
14	0.27	1.5625	1.47109375	0.042908841143876025
14	0.36	2.51875	2.1196484375	0.051506083550182186
14	0.45	3.51875	2.8496484375	0.059720337367131934
14	0.54	4.94	3.7138999999999998	0.06817760065842317
14	0.63	7.1225	5.017493750000001	0.07924466438531952
14	0.72	10.26	3.4299	0.06551901194430283
14	0.8099999999999999	12.0225	1.1844937500000001	0.03850286061248152
14	0.9	12.705	0.417975	0.022871874722388757
16	0.0	0.0	0.0	0.0
16	0.09	0.48625	0.4498109375	0.023726933664116327
16	0.18	1.06	0.9038999999999998	0.03363464153799229
16	0.27	1.84125	1.5635484375000002	0.04423665503783226
16	0.36	2.625	2.231875	0.05285201433506667
16	0.45	3.7175	2.90019375	0.06024765067423547
16	0.54	5.285	3.9787750000000006	0.07056694244976457
16	0.63	7.56625	4.835610937499999	0.07779510762469528
16	0.72	11.06625	3.9293609375000007	0.07012737327519189
16	0.8099999999999999	13.02125	1.1907984375000003	0.038605193926758784
16	0.9	13.71125	0.4578734374999999	0.023938632365371363
16	0.0	0.0	0.0	0.0
16	0.09	0.48625	0.4948109375	0.024885493396796503
16	0.18	1.09625	1.0269859375000001	0.03585162612413391
16	0.27	1.7475	1.60624375	0.044836565261855206
16	0.36	2.59625	2.4232359375	0.055071189989263365
16	0.45	3.68125	3.0096484375	0.061374009223246685
16	0.54	5.4	4.175	0.07228610932954202
16	0.63	7.63375	4.9471109375	0.07868689984447168
16	0.72	10.9025	4.1829937500000005	0.07235527828271558
16	0.8099999999999999	13.0025	1.1224937499999998	0.03748163922641156
16	0.9	13.75875	0.38304843750000006	0.02189542895529614
16	0.0	0.0	0.0	0.0
16	0.09	0.56	0.5514	0.026269995066634504
16	0.18	1.06875	1.0640234375	0.03649238159216022
16	0.27	1.8625	1.60359375	0.04479956404557238
16	0.36	2.7625	2.35609375	0.054302883822955124
16	0.45	3.91125	3.7008734375	0.06805792862654703
16	0.54	5.78	4.2265999999999995	0.07273143974863888
16	0.63	8.1125	5.32234375	0.08161651951548948
16	0.72	11.785	4.016275	0.07089870967649722
16	0.8099999999999999	13.72125	1.4735484374999999	0.04294462536726707
16	0.9	14.625	0.524375	0.025618140279677532
16	0.0	0.0	0.0	0.0
16	0.09	0.46375	0.4461859374999999	0.023631133276885753
16	0.18	0.97625	0.8956859374999999	0.03348146775050954
16	0.27	1.79125	1.5476734375	0.04401151057625726
16	0.36	2.53	2.1941	0.0524028393502199
16	0.45	3.635	2.741775	0.05857907591596987
16	0.54	5.26375	3.6116859375000003	0.06723286208436369
16	0.63	7.5225	4.60699375	0.0759338503207276
16	0.72	11.07125	3.7586734375	0.06858733173457096
16	0.8099999999999999	13.0625	1.11109375	0.037290822521169754
16	0.9	13.72625	0.4663109375000001	0.024158191046067024
16	0.0	0.0	0.0	0.0
16	0.09	0.48625	0.4748109374999999	0.024377376653171957
16	0.18	1.01125	0.9086234375000001	0.03372240794890454
16	0.27	1.65	1.55	0.044044578623624785
16	0.36	2.545	2.3729750000000003	0.05449707482016758
16	0.45	3.7575	2.7886937499999997	0.05907816834473383
16	0.54	5.31625	3.8587359375000005	0.06949429287936891
16	0.63	7.50875	5.0024234375	0.07912556708221814
16	0.72	11.0375	4.12109375	0.07181792572589006
16	0.8099999999999999	12.82125	1.2442984375000001	0.03946289011838362
16	0.9	13.76375	0.4429359375	0.023544911880687438
18	0.0	0.0	0.0	0.0
18	0.09	0.52625	0.49681093750000005	0.02493573561203161
18	0.18	1.18875	1.0981234375	0.037072527054447656
18	0.27	1.93875	1.8124984375000002	0.04762833841475249
18	0.36	2.87	2.6731	0.05784078964003455
18	0.45	4.185	3.4232750000000003	0.06545570495869363
18	0.54	5.925	4.734374999999999	0.07697646048849394
18	0.63	8.555	5.759475	0.08490202702374616
18	0.72	12.61375	4.522060937499999	0.07523065023841093
18	0.8099999999999999	14.765	1.4697750000000003	0.04288960419127934
18	0.9	15.56875	0.6227734375000001	0.027918472348031687
18	0.0	0.0	0.0	0.0
18	0.09	0.5125	0.50984375	0.025260687152059872
18	0.18	1.14125	1.0987984375	0.03708391926711985
18	0.27	1.8925	1.60344375	0.04479746872318799
18	0.36	2.86875	2.4815234375	0.05572958397509842
18	0.45	4.03375	3.3276109375	0.06453463853884342
18	0.54	6.09	4.5619	0.07556131212374709
18	0.63	8.48625	5.277310937499999	0.08127050381511702
18	0.72	12.45375	4.2928609375	0.07329933261686354
18	0.8099999999999999	14.9675	1.20644375	0.03885797363661582
18	0.9	15.57125	0.5949234375	0.02728708537312478
18	0.0	0.0	0.0	0.0
18	0.09	0.515	0.46727499999999994	0.02418315076610614
18	0.18	1.17	1.0836000000000001	0.036826556233987846
18	0.27	2.0225	1.85199375	0.04814446540815253
18	0.36	3.01625	2.4484859375	0.05535736598987231
18	0.45	4.17625	3.8251859375000006	0.06919152227924422
18	0.54	5.99625	4.5637359375	0.07557651542628818
18	0.63	8.62125	5.547798437500001	0.08332723042942684
18	0.72	12.63875	4.0832484375	0.07148740174068816
18	0.8099999999999999	14.6675	1.64194375	0.04533209057107813
18	0.9	15.55375	0.5721109375000001	0.026758806289098956
18	0.0	0.0	0.0	0.0
18	0.09	0.57875	0.6362984375	0.02822000190484378
18	0.18	1.225	1.176875	0.03837883425337865
18	0.27	2.0475	1.7227437500000002	0.04643409139365648
18	0.36	3.11	2.8728999999999996	0.05996348492545698
18	0.45	4.5175	3.76469375	0.06864223833474915
18	0.54	6.345	5.040975	0.07942987555960457
18	0.63	8.86875	6.0240234375	0.08683002714437192
18	0.72	13.21625	4.7394859375	0.07701799878629868
18	0.8099999999999999	15.34375	1.9205859375	0.0490279215676287
18	0.9	16.47625	0.6819359374999999	0.029214496065317265
18	0.0	0.0	0.0	0.0
18	0.09	0.48625	0.4798109375	0.024505393585259157
18	0.18	1.16625	1.0786109375000001	0.036741680837482846
18	0.27	1.91	1.8668999999999998	0.04833782868626422
18	0.36	2.91625	2.6267359375	0.057336980505969505
18	0.45	4.12125	3.3490484375	0.06474218087426035
18	0.54	6.00125	4.5312484375	0.07530703475592213
18	0.63	8.64375	5.1718359375	0.08045424805075096
18	0.72	12.5575	4.39919375	0.07420158037847528
18	0.8099999999999999	14.845	1.4184749999999997	0.042134462036602434
18	0.9	15.62375	0.5771859375000001	0.026877228347237315
20	0.0	0.0	0.0	0.0
20	0.09	0.59375	0.5812109375	0.02697077956906704
20	0.18	1.37	1.3481	0.041075954554376355
20	0.27	2.11625	1.9677359375	0.049626085452326905
20	0.36	3.38	2.9406	0.06066589188372293
20	0.45	4.67875	3.8830484375	0.06971287831978777
20	0.54	6.58125	4.8058984375	0.07755573261501572
20	0.63	9.49125	5.999923437500001	0.08665616487309569
20	0.72	13.91875	5.0521484375	0.07951785591070595
20	0.8099999999999999	16.66625	1.5098609375	0.04347054499575298
20	0.9	17.455	0.6729749999999999	0.029021915675689954
20	0.0	0.0	0.0	0.0
20	0.09	0.655	0.6484749999999999	0.028488739184551613
20	0.18	1.41125	1.2696234375000002	0.03986245810700736
20	0.27	2.315	2.118275	0.05148939402557969
20	0.36	3.53625	3.4536859375	0.06574580260423546
20	0.45	4.90875	4.440423437500001	0.07454848182258687
20	0.54	7.0925	5.338943750000001	0.08174369839800945
20	0.63	10.03125	6.3802734375	0.08936063703437316
20	0.72	14.5525	5.51224375	0.08305978779129475
20	0.8099999999999999	17.46125	1.7734984374999998	0.04711313624015046
20	0.9	18.3025	0.87849375	0.03315858187468102
20	0.0	0.0	0.0	0.0
20	0.09	0.57625	0.5366859375	0.025917118728341966
20	0.18	1.28875	1.2578734374999998	0.039677571548419825
20	0.27	2.18	2.0476	0.050623150625223136
20	0.36	3.25125	2.8706234374999995	0.059939721885404376
20	0.45	4.62875	3.9509234375000006	0.07031952318560838
20	0.54	6.7025	4.676493750000001	0.0765044662368985
20	0.63	9.64125	6.0550484375	0.08705333653069483
20	0.72	13.89125	4.5794234375	0.07570629829397764
20	0.8099999999999999	16.35875	1.9250484375	0.049084846945106494
20	0.9	17.3975	0.73199375	0.03026776105361939
20	0.0	0.0	0.0	0.0
20	0.09	0.60125	0.6072484375	0.027568289030607138
20	0.18	1.3075	1.2379437500000001	0.039361991762287225
20	0.27	2.1825	1.9666937500000001	0.049612941784282584
20	0.36	3.2325	2.61344375	0.057191724087757335
20	0.45	4.705	3.737975	0.06839822107194937
20	0.54	6.655	4.800974999999999	0.07751599616903337
20	0.63	9.645	6.308975	0.08885993957389542
20	0.72	14.00625	4.9037109375	0.07834098741886142
20	0.8099999999999999	16.5525	1.7272437500000004	0.04649469737082398
20	0.9	17.46875	0.7215234375	0.030050508951352122
20	0.0	0.0	0.0	0.0
20	0.09	0.58125	0.5533984375	0.02631755714618434
20	0.18	1.265	1.1947750000000001	0.0386695994600798
20	0.27	2.18625	2.0915609375	0.05116369148168006
20	0.36	3.32625	3.0523109375	0.06180747427877069
20	0.45	4.70125	3.9494984375	0.07030684078880325
20	0.54	6.50625	4.8149609375	0.0776288217373574
20	0.63	9.66625	6.1523609375	0.08775007844560032
20	0.72	14.0775	5.1464937499999985	0.08025689159387116
20	0.8099999999999999	16.6025	1.6394937499999997	0.04529825716987669
20	0.9	17.4775	0.66199375	0.028784159659596395
22	0.0	0.0	0.0	0.0
22	0.09	0.73375	0.6878609375000001	0.029341136647200415
22	0.18	1.51125	1.5398734375	0.0439004653785192
22	0.27	2.53125	2.2415234375	0.05296613126046564
22	0.36	3.75375	3.6856109375000004	0.06791744729031739
22	0.45	5.38375	4.198985937500001	0.0724934586622201
22	0.54	7.64125	6.0425484375	0.08696343395607023
22	0.63	10.77875	6.0522984375	0.08703356593219419
22	0.72	16.01875	5.5633984375	0.0834443032000728
22	0.8099999999999999	19.17375	1.8635609375000002	0.04829458178887879
22	0.9	20.12625	1.0128109375	0.03560334492132704
22	0.0	0.0	0.0	0.0
22	0.09	0.6725	0.6177437499999999	0.027805505213000316
22	0.18	1.3775	1.28999375	0.040180969692215726
22	0.27	2.39875	2.2047484374999997	0.052529846543154006
22	0.36	3.545	3.0179750000000003	0.06145884995504917
22	0.45	5.25625	4.2305859375	0.07276572672355447
22	0.54	7.23	5.7521	0.08484765114533874
22	0.63	10.4875	6.70734375	0.0916224482798074
22	0.72	15.24	6.1349	0.08762546877747981
22	0.8099999999999999	18.4525	1.7727437499999998	0.047103111004825525
22	0.9	19.3025	0.8434937499999999	0.03249133416766682
22	0.0	0.0	0.0	0.0
22	0.09	0.6825	0.7391937499999999	0.030416255905010705
22	0.18	1.42125	1.2737984375000002	0.03992794570141218
22	0.27	2.555	2.4419750000000002	0.05528371470324002
22	0.36	3.64125	3.2100484375000002	0.06338440285299916
22	0.45	5.25875	4.2842984375	0.07322619504949567
22	0.54	7.39375	5.1462109375	0.08025468640670025
22	0.63	10.4	7.4025	0.0962533421879622
22	0.72	15.36125	5.658248437499999	0.08415261508210214
22	0.8099999999999999	18.115	1.8492749999999998	0.04810911409050489
22	0.9	19.23375	0.9416109375	0.03432909524514793
22	0.0	0.0	0.0	0.0
22	0.09	0.66	0.6169	0.027786509544035953
22	0.18	1.38625	1.2270609375000001	0.039188593419421686
22	0.27	2.36375	2.1764359375000004	0.05219147305067178
22	0.36	3.65375	3.3638609374999997	0.06488519694701994
22	0.45	5.165	4.585274999999999	0.07575465140181996
22	0.54	7.5	5.355	0.0818665234364723
22	0.63	10.45875	7.1207984375	0.09440412183612303
22	0.72	15.2825	5.800193750000001	0.08520162165661019
22	0.8099999999999999	18.39	1.9203999999999999	0.04902554824247858
22	0.9	19.2725	0.9232437500000001	0.033992632456558265
22	0.0	0.0	0.0	0.0
22	0.09	0.62625	0.5965609375	0.027324612805238343
22	0.18	1.46875	1.4365234375	0.04240167065066492
22	0.27	2.3575	2.31219375	0.05379460485857166
22	0.36	3.5875	3.4473437499999995	0.06568540860518061
22	0.45	5.35875	4.715048437499999	0.07681918400154565
22	0.54	7.46875	5.3340234375	0.08170602266387365
22	0.63	10.485	6.687275	0.09148527583506688
22	0.72	15.275	5.931875	0.08616335592861446
22	0.8099999999999999	18.2725	1.8082437500000004	0.04757240381256377
22	0.9	19.27875	0.9185484375000001	0.03390608463231736
24	0.0	0.0	0.0	0.0
24	0.09	0.7175	0.70769375	0.02976112133184267
24	0.18	1.6475	1.54574375	0.043984064556594225
24	0.27	2.685	2.268275	0.053281257168509275
24	0.36	3.905	3.3134750000000004	0.06439741869374907
24	0.45	5.5075	4.88244375	0.07817092204788983
24	0.54	8.005	6.347475	0.08913065742277329
24	0.63	11.24875	7.949373437499999	0.09974544219373148
24	0.72	16.52	5.9546	0.0863282439711009
24	0.8099999999999999	19.765	2.352275	0.05425885899762965
24	0.9	20.87625	1.1609359375	0.03811805549301026
24	0.0	0.0	0.0	0.0
24	0.09	0.77375	0.7775609374999999	0.03119563481345215
24	0.18	1.64	1.6628999999999998	0.04562046178160034
24	0.27	2.76125	2.6192484374999996	0.057255202773903884
24	0.36	4.115	3.771775	0.0687067647645085
24	0.45	5.845	5.135975000000001	0.08017483242697403
24	0.54	8.30875	6.6684234375	0.09135623541423611
24	0.63	11.5975	7.6829937500000005	0.0980599912801461
24	0.72	16.70375	6.2684859374999995	0.08857434272751909
24	0.8099999999999999	20.2075	2.55694375	0.056570132688464565
24	0.9	21.32875	1.8031734375	0.04750566052168944
24	0.0	0.0	0.0	0.0
24	0.09	0.7275	0.72574375	0.03013826606412004
24	0.18	1.65	1.5525	0.04408008413412558
24	0.27	2.77375	2.7400609375	0.05856076225143707
24	0.36	3.735	3.374775	0.06499037186802696
24	0.45	5.55875	4.7165484375	0.07683140228673874
24	0.54	7.925	5.706874999999999	0.08451344214015881
24	0.63	11.36875	6.9652734375	0.09336749251049382
24	0.72	16.4	5.61	0.08379305815963922
24	0.8099999999999999	19.55125	2.4323734375000003	0.05517492308147161
24	0.9	20.595	1.3809750000000003	0.041573780487586615
24	0.0	0.0	0.0	0.0
24	0.09	0.76125	0.6942484375000001	0.02947705323992948
24	0.18	1.62375	1.6546859374999996	0.04550764885714963
24	0.27	2.59625	2.4557359375	0.0554392623655794
24	0.36	3.9325	3.57294375	0.06687128979800719
24	0.45	5.54625	4.5278609375	0.0752788802330137
24	0.54	8.01875	6.3833984375	0.08938251836971613
24	0.63	11.28625	7.7768109375	0.09865688089058372
24	0.72	16.3025	6.07849375	0.08722171014662075
24	0.8099999999999999	20.035	2.378775	0.05456363475610149
24	0.9	20.7525	1.31124375	0.04051056738787559
24	0.0	0.0	0.0	0.0
24	0.09	0.7225	0.7304937499999999	0.03023673283467717
24	0.18	1.52625	1.4718109375	0.04291929932668247
24	0.27	2.76125	2.5517484374999997	0.05651263260484254
24	0.36	3.76	3.4074	0.065303757364392
24	0.45	5.62375	4.8571859375	0.0779684633263144
24	0.54	7.96	6.003399999999999	0.08668126702215252
24	0.63	11.31375	7.172810937499999	0.09474827289135601
24	0.72	16.43875	6.5887484375	0.0908088285964742
24	0.8099999999999999	19.92125	2.3000484375	0.05365313476827872
24	0.9	20.9875	1.16734375	0.03822310747350565
