rank=19 Lx=Ly=12 pg= 0.500 ids=  19 TEE=0
rank=11 Lx=Ly=12 pg= 0.500 ids=  11 TEE=0
rank= 6 Lx=Ly=12 pg= 0.500 ids=   6 TEE=0
rank=17 Lx=Ly=12 pg= 0.500 ids=  17 TEE=0
rank= 5 Lx=Ly=12 pg= 0.500 ids=   5 TEE=1
rank= 4 Lx=Ly=12 pg= 0.500 ids=   4 TEE=0
rank= 1 Lx=Ly=12 pg= 0.500 ids=   1 TEE=0
rank=16 Lx=Ly=12 pg= 0.500 ids=  16 TEE=0
rank=10 Lx=Ly=12 pg= 0.500 ids=  10 TEE=0
rank=14 Lx=Ly=12 pg= 0.500 ids=  14 TEE=0
rank= 7 Lx=Ly=12 pg= 0.500 ids=   7 TEE=0
rank= 0 Lx=Ly=12 pg= 0.500 ids=   0 TEE=0
rank=12 Lx=Ly=12 pg= 0.500 ids=  12 TEE=0
rank= 6 Lx=Ly=12 pg= 0.500 ids=  26 TEE=0
rank=19 Lx=Ly=12 pg= 0.500 ids=  39 TEE=0
rank=11 Lx=Ly=12 pg= 0.500 ids=  31 TEE=-1
rank=17 Lx=Ly=12 pg= 0.500 ids=  37 TEE=0
rank= 9 Lx=Ly=12 pg= 0.500 ids=   9 TEE=0
rank= 5 Lx=Ly=12 pg= 0.500 ids=  25 TEE=0
rank= 2 Lx=Ly=12 pg= 0.500 ids=   2 TEE=0
rank=16 Lx=Ly=12 pg= 0.500 ids=  36 TEE=0
rank= 0 Lx=Ly=12 pg= 0.500 ids=  20 TEE=0
rank=10 Lx=Ly=12 pg= 0.500 ids=  30 TEE=0
rank=14 Lx=Ly=12 pg= 0.500 ids=  34 TEE=0
rank= 7 Lx=Ly=12 pg= 0.500 ids=  27 TEE=0
rank= 3 Lx=Ly=12 pg= 0.500 ids=   3 TEE=0
rank=18 Lx=Ly=12 pg= 0.500 ids=  18 TEE=-1
rank= 1 Lx=Ly=12 pg= 0.500 ids=  21 TEE=0
rank= 8 Lx=Ly=12 pg= 0.500 ids=   8 TEE=0
rank=15 Lx=Ly=12 pg= 0.500 ids=  15 TEE=0
rank=13 Lx=Ly=12 pg= 0.500 ids=  13 TEE=0
rank=12 Lx=Ly=12 pg= 0.500 ids=  32 TEE=0
rank= 6 Lx=Ly=12 pg= 0.500 ids=  46 TEE=0
rank= 4 Lx=Ly=12 pg= 0.500 ids=  24 TEE=0
rank=11 Lx=Ly=12 pg= 0.500 ids=  51 TEE=-1
rank=17 Lx=Ly=12 pg= 0.500 ids=  57 TEE=0
rank=19 Lx=Ly=12 pg= 0.500 ids=  59 TEE=0
rank= 5 Lx=Ly=12 pg= 0.500 ids=  45 TEE=0
rank=16 Lx=Ly=12 pg= 0.500 ids=  56 TEE=0
rank=10 Lx=Ly=12 pg= 0.500 ids=  50 TEE=0
rank= 1 Lx=Ly=12 pg= 0.500 ids=  41 TEE=0
rank= 7 Lx=Ly=12 pg= 0.500 ids=  47 TEE=0
rank= 0 Lx=Ly=12 pg= 0.500 ids=  40 TEE=-1
rank=14 Lx=Ly=12 pg= 0.500 ids=  54 TEE=0
rank=12 Lx=Ly=12 pg= 0.500 ids=  52 TEE=0
rank=18 Lx=Ly=12 pg= 0.500 ids=  38 TEE=0
rank= 9 Lx=Ly=12 pg= 0.500 ids=  29 TEE=0
rank=11 Lx=Ly=12 pg= 0.500 ids=  71 TEE=0
rank=19 Lx=Ly=12 pg= 0.500 ids=  79 TEE=0
rank= 6 Lx=Ly=12 pg= 0.500 ids=  66 TEE=1
rank=15 Lx=Ly=12 pg= 0.500 ids=  35 TEE=1
rank= 5 Lx=Ly=12 pg= 0.500 ids=  65 TEE=0
rank= 3 Lx=Ly=12 pg= 0.500 ids=  23 TEE=0
rank= 8 Lx=Ly=12 pg= 0.500 ids=  28 TEE=0
rank=16 Lx=Ly=12 pg= 0.500 ids=  76 TEE=1
rank= 4 Lx=Ly=12 pg= 0.500 ids=  44 TEE=0
rank= 2 Lx=Ly=12 pg= 0.500 ids=  22 TEE=0
rank=10 Lx=Ly=12 pg= 0.500 ids=  70 TEE=0
rank= 0 Lx=Ly=12 pg= 0.500 ids=  60 TEE=0
rank= 7 Lx=Ly=12 pg= 0.500 ids=  67 TEE=-1
rank=13 Lx=Ly=12 pg= 0.500 ids=  33 TEE=0
rank=17 Lx=Ly=12 pg= 0.500 ids=  77 TEE=0
rank=14 Lx=Ly=12 pg= 0.500 ids=  74 TEE=0
rank=12 Lx=Ly=12 pg= 0.500 ids=  72 TEE=0
rank=11 Lx=Ly=12 pg= 0.530 ids=  11 TEE=0
rank=19 Lx=Ly=12 pg= 0.530 ids=  19 TEE=0
rank= 6 Lx=Ly=12 pg= 0.530 ids=   6 TEE=0
rank=18 Lx=Ly=12 pg= 0.500 ids=  58 TEE=0
rank= 5 Lx=Ly=12 pg= 0.530 ids=   5 TEE=-2
rank= 1 Lx=Ly=12 pg= 0.500 ids=  61 TEE=0
rank=16 Lx=Ly=12 pg= 0.530 ids=  16 TEE=0
rank=10 Lx=Ly=12 pg= 0.530 ids=  10 TEE=-1
rank= 4 Lx=Ly=12 pg= 0.500 ids=  64 TEE=0
rank=14 Lx=Ly=12 pg= 0.530 ids=  14 TEE=0
rank= 7 Lx=Ly=12 pg= 0.530 ids=   7 TEE=-2
rank= 0 Lx=Ly=12 pg= 0.530 ids=   0 TEE=0
