rank=  9 Lx=Ly=12 pg= 0.775 ids=   9 TEE1=-0.382 TEE2=-0.229 TEE3=-0.042  TEE4= 0.021
rank= 11 Lx=Ly=12 pg= 0.775 ids=  11 TEE1=-0.312 TEE2=-0.271 TEE3=-0.146  TEE4= 0.069
rank=  5 Lx=Ly=12 pg= 0.775 ids=   5 TEE1=-0.340 TEE2=-0.201 TEE3=-0.042  TEE4= 0.097
rank= 13 Lx=Ly=12 pg= 0.775 ids=  13 TEE1=-0.271 TEE2=-0.069 TEE3= 0.146  TEE4= 0.264
rank= 14 Lx=Ly=12 pg= 0.775 ids=  14 TEE1=-0.111 TEE2= 0.021 TEE3= 0.083  TEE4= 0.111
rank=  8 Lx=Ly=12 pg= 0.775 ids=   8 TEE1=-0.083 TEE2=-0.062 TEE3=-0.014  TEE4= 0.000
rank= 15 Lx=Ly=12 pg= 0.775 ids=  15 TEE1=-0.111 TEE2= 0.028 TEE3= 0.062  TEE4= 0.090
rank=  2 Lx=Ly=12 pg= 0.775 ids=   2 TEE1=-0.479 TEE2=-0.396 TEE3=-0.299  TEE4=-0.160
rank= 19 Lx=Ly=12 pg= 0.775 ids=  19 TEE1=-0.132 TEE2= 0.118 TEE3= 0.167  TEE4= 0.167
rank=  3 Lx=Ly=12 pg= 0.775 ids=   3 TEE1=-0.139 TEE2=-0.007 TEE3= 0.000  TEE4= 0.000
rank= 18 Lx=Ly=12 pg= 0.775 ids=  18 TEE1=-0.292 TEE2=-0.104 TEE3= 0.076  TEE4= 0.132
rank=  7 Lx=Ly=12 pg= 0.775 ids=   7 TEE1=-0.250 TEE2=-0.188 TEE3=-0.083  TEE4= 0.132
rank= 16 Lx=Ly=12 pg= 0.775 ids=  16 TEE1=-0.194 TEE2=-0.083 TEE3= 0.014  TEE4= 0.076
rank=  4 Lx=Ly=12 pg= 0.775 ids=   4 TEE1=-0.444 TEE2=-0.410 TEE3=-0.347  TEE4=-0.201
rank= 17 Lx=Ly=12 pg= 0.775 ids=  17 TEE1= 0.062 TEE2= 0.069 TEE3= 0.076  TEE4= 0.083
rank=  6 Lx=Ly=12 pg= 0.775 ids=   6 TEE1=-0.347 TEE2=-0.312 TEE3=-0.167  TEE4=-0.076
rank= 10 Lx=Ly=12 pg= 0.775 ids=  10 TEE1=-0.236 TEE2=-0.118 TEE3=-0.014  TEE4= 0.118
rank=  0 Lx=Ly=12 pg= 0.775 ids=   0 TEE1=-0.444 TEE2=-0.299 TEE3=-0.167  TEE4=-0.049
rank=  1 Lx=Ly=12 pg= 0.775 ids=   1 TEE1=-0.257 TEE2=-0.104 TEE3= 0.049  TEE4= 0.118
rank= 12 Lx=Ly=12 pg= 0.775 ids=  12 TEE1=-0.389 TEE2=-0.181 TEE3=-0.028  TEE4= 0.146
rank=  5 Lx=Ly=12 pg= 0.780 ids=   5 TEE1=-0.188 TEE2= 0.028 TEE3= 0.188  TEE4= 0.389
rank=  9 Lx=Ly=12 pg= 0.780 ids=   9 TEE1=-0.278 TEE2=-0.125 TEE3=-0.069  TEE4= 0.014
rank=  8 Lx=Ly=12 pg= 0.780 ids=   8 TEE1=-0.222 TEE2=-0.104 TEE3=-0.035  TEE4= 0.097
rank= 15 Lx=Ly=12 pg= 0.780 ids=  15 TEE1=-0.167 TEE2=-0.062 TEE3=-0.021  TEE4= 0.000
rank= 18 Lx=Ly=12 pg= 0.780 ids=  18 TEE1=-0.076 TEE2= 0.049 TEE3= 0.118  TEE4= 0.194
rank= 13 Lx=Ly=12 pg= 0.780 ids=  13 TEE1=-0.271 TEE2=-0.229 TEE3=-0.111  TEE4= 0.014
rank=  2 Lx=Ly=12 pg= 0.780 ids=   2 TEE1=-0.132 TEE2=-0.042 TEE3= 0.042  TEE4= 0.090
rank= 19 Lx=Ly=12 pg= 0.780 ids=  19 TEE1=-0.438 TEE2=-0.438 TEE3=-0.368  TEE4=-0.069
rank= 14 Lx=Ly=12 pg= 0.780 ids=  14 TEE1=-0.389 TEE2=-0.319 TEE3=-0.243  TEE4=-0.090
rank= 11 Lx=Ly=12 pg= 0.780 ids=  11 TEE1=-0.438 TEE2=-0.465 TEE3=-0.333  TEE4=-0.042
rank=  3 Lx=Ly=12 pg= 0.780 ids=   3 TEE1=-0.368 TEE2=-0.292 TEE3=-0.174  TEE4=-0.056
rank=  7 Lx=Ly=12 pg= 0.780 ids=   7 TEE1=-0.208 TEE2=-0.049 TEE3= 0.069  TEE4= 0.194
rank=  9 Lx=Ly=12 pg= 0.785 ids=   9 TEE1=-0.479 TEE2=-0.458 TEE3=-0.285  TEE4=-0.125
rank=  8 Lx=Ly=12 pg= 0.785 ids=   8 TEE1=-0.201 TEE2=-0.090 TEE3= 0.056  TEE4= 0.153
rank=  5 Lx=Ly=12 pg= 0.785 ids=   5 TEE1=-0.125 TEE2=-0.035 TEE3= 0.069  TEE4= 0.035
rank= 13 Lx=Ly=12 pg= 0.785 ids=  13 TEE1=-0.306 TEE2=-0.174 TEE3= 0.062  TEE4= 0.319
rank= 18 Lx=Ly=12 pg= 0.785 ids=  18 TEE1=-0.194 TEE2=-0.139 TEE3=-0.090  TEE4= 0.021
rank=  2 Lx=Ly=12 pg= 0.785 ids=   2 TEE1=-0.236 TEE2=-0.097 TEE3=-0.042  TEE4= 0.007
rank= 15 Lx=Ly=12 pg= 0.785 ids=  15 TEE1=-0.125 TEE2=-0.049 TEE3= 0.014  TEE4= 0.014
rank= 11 Lx=Ly=12 pg= 0.785 ids=  11 TEE1=-0.326 TEE2=-0.194 TEE3=-0.062  TEE4= 0.021
rank= 14 Lx=Ly=12 pg= 0.785 ids=  14 TEE1=-0.438 TEE2=-0.354 TEE3=-0.250  TEE4=-0.069
rank=  3 Lx=Ly=12 pg= 0.785 ids=   3 TEE1=-0.194 TEE2=-0.014 TEE3= 0.056  TEE4= 0.049
rank= 19 Lx=Ly=12 pg= 0.785 ids=  19 TEE1=-0.396 TEE2=-0.382 TEE3=-0.222  TEE4= 0.007
rank=  7 Lx=Ly=12 pg= 0.785 ids=   7 TEE1=-0.431 TEE2=-0.340 TEE3=-0.257  TEE4=-0.090
rank= 17 Lx=Ly=12 pg= 0.780 ids=  17 TEE1=-0.257 TEE2=-0.083 TEE3= 0.139  TEE4= 0.382
rank= 16 Lx=Ly=12 pg= 0.780 ids=  16 TEE1=-0.229 TEE2=-0.174 TEE3=-0.056  TEE4=-0.007
rank= 10 Lx=Ly=12 pg= 0.780 ids=  10 TEE1=-0.194 TEE2=-0.104 TEE3=-0.021  TEE4= 0.007
rank=  4 Lx=Ly=12 pg= 0.780 ids=   4 TEE1=-0.264 TEE2=-0.215 TEE3=-0.125  TEE4=-0.035
rank=  1 Lx=Ly=12 pg= 0.780 ids=   1 TEE1=-0.222 TEE2=-0.049 TEE3= 0.042  TEE4= 0.153
rank=  6 Lx=Ly=12 pg= 0.780 ids=   6 TEE1=-0.250 TEE2=-0.007 TEE3= 0.139  TEE4= 0.146
rank=  0 Lx=Ly=12 pg= 0.780 ids=   0 TEE1=-0.111 TEE2= 0.014 TEE3= 0.042  TEE4= 0.069
rank= 12 Lx=Ly=12 pg= 0.780 ids=  12 TEE1=-0.333 TEE2=-0.236 TEE3=-0.139  TEE4=-0.049
rank=  9 Lx=Ly=12 pg= 0.790 ids=   9 TEE1=-0.424 TEE2=-0.424 TEE3=-0.285  TEE4=-0.153
rank=  8 Lx=Ly=12 pg= 0.790 ids=   8 TEE1=-0.417 TEE2=-0.319 TEE3=-0.146  TEE4= 0.090
rank= 13 Lx=Ly=12 pg= 0.790 ids=  13 TEE1=-0.299 TEE2=-0.201 TEE3=-0.056  TEE4= 0.146
rank= 18 Lx=Ly=12 pg= 0.790 ids=  18 TEE1=-0.444 TEE2=-0.375 TEE3=-0.215  TEE4= 0.021
rank=  2 Lx=Ly=12 pg= 0.790 ids=   2 TEE1=-0.229 TEE2=-0.090 TEE3= 0.007  TEE4= 0.062
rank= 11 Lx=Ly=12 pg= 0.790 ids=  11 TEE1=-0.424 TEE2=-0.264 TEE3=-0.111  TEE4= 0.090
rank=  5 Lx=Ly=12 pg= 0.790 ids=   5 TEE1=-0.306 TEE2=-0.118 TEE3=-0.007  TEE4= 0.139
rank= 15 Lx=Ly=12 pg= 0.790 ids=  15 TEE1=-0.451 TEE2=-0.486 TEE3=-0.417  TEE4=-0.333
rank=  3 Lx=Ly=12 pg= 0.790 ids=   3 TEE1=-0.361 TEE2=-0.312 TEE3=-0.201  TEE4=-0.069
rank= 19 Lx=Ly=12 pg= 0.790 ids=  19 TEE1=-0.264 TEE2=-0.111 TEE3= 0.056  TEE4= 0.194
rank= 14 Lx=Ly=12 pg= 0.790 ids=  14 TEE1=-0.500 TEE2=-0.438 TEE3=-0.285  TEE4=-0.125
rank=  7 Lx=Ly=12 pg= 0.790 ids=   7 TEE1=-0.333 TEE2=-0.194 TEE3=-0.062  TEE4= 0.014
rank= 16 Lx=Ly=12 pg= 0.785 ids=  16 TEE1=-0.417 TEE2=-0.333 TEE3=-0.243  TEE4=-0.069
rank=  9 Lx=Ly=12 pg= 0.795 ids=   9 TEE1=-0.333 TEE2=-0.278 TEE3= 0.014  TEE4= 0.257
rank= 17 Lx=Ly=12 pg= 0.785 ids=  17 TEE1=-0.576 TEE2=-0.549 TEE3=-0.465  TEE4=-0.326
rank=  8 Lx=Ly=12 pg= 0.795 ids=   8 TEE1=-0.465 TEE2=-0.368 TEE3=-0.285  TEE4=-0.167
rank= 18 Lx=Ly=12 pg= 0.795 ids=  18 TEE1=-0.076 TEE2= 0.007 TEE3= 0.028  TEE4= 0.021
rank= 13 Lx=Ly=12 pg= 0.795 ids=  13 TEE1=-0.458 TEE2=-0.438 TEE3=-0.271  TEE4=-0.111
rank= 10 Lx=Ly=12 pg= 0.785 ids=  10 TEE1=-0.146 TEE2= 0.000 TEE3= 0.076  TEE4= 0.111
rank=  2 Lx=Ly=12 pg= 0.795 ids=   2 TEE1=-0.201 TEE2=-0.014 TEE3= 0.174  TEE4= 0.326
rank= 11 Lx=Ly=12 pg= 0.795 ids=  11 TEE1=-0.465 TEE2=-0.465 TEE3=-0.410  TEE4=-0.278
rank=  4 Lx=Ly=12 pg= 0.785 ids=   4 TEE1=-0.326 TEE2=-0.097 TEE3= 0.042  TEE4= 0.076
rank=  1 Lx=Ly=12 pg= 0.785 ids=   1 TEE1=-0.312 TEE2=-0.056 TEE3=-0.007  TEE4= 0.035
rank=  6 Lx=Ly=12 pg= 0.785 ids=   6 TEE1=-0.438 TEE2=-0.312 TEE3=-0.167  TEE4= 0.104
rank= 15 Lx=Ly=12 pg= 0.795 ids=  15 TEE1=-0.333 TEE2=-0.194 TEE3=-0.007  TEE4= 0.139
rank=  3 Lx=Ly=12 pg= 0.795 ids=   3 TEE1=-0.326 TEE2=-0.160 TEE3=-0.007  TEE4= 0.229
rank= 19 Lx=Ly=12 pg= 0.795 ids=  19 TEE1=-0.438 TEE2=-0.417 TEE3=-0.319  TEE4=-0.160
rank=  0 Lx=Ly=12 pg= 0.785 ids=   0 TEE1=-0.007 TEE2= 0.056 TEE3= 0.069  TEE4= 0.035
rank= 12 Lx=Ly=12 pg= 0.785 ids=  12 TEE1=-0.188 TEE2=-0.056 TEE3= 0.042  TEE4= 0.160
rank=  7 Lx=Ly=12 pg= 0.795 ids=   7 TEE1=-0.375 TEE2=-0.458 TEE3=-0.396  TEE4=-0.097
rank= 14 Lx=Ly=12 pg= 0.795 ids=  14 TEE1=-0.333 TEE2=-0.194 TEE3=-0.090  TEE4= 0.014
rank=  5 Lx=Ly=12 pg= 0.795 ids=   5 TEE1=-0.458 TEE2=-0.438 TEE3=-0.340  TEE4=-0.111
rank= 16 Lx=Ly=12 pg= 0.790 ids=  16 TEE1=-0.306 TEE2=-0.042 TEE3= 0.069  TEE4= 0.146
rank=  9 Lx=Ly=12 pg= 0.800 ids=   9 TEE1=-0.444 TEE2=-0.444 TEE3=-0.306  TEE4=-0.076
rank=  8 Lx=Ly=12 pg= 0.800 ids=   8 TEE1=-0.507 TEE2=-0.542 TEE3=-0.424  TEE4=-0.188
rank= 18 Lx=Ly=12 pg= 0.800 ids=  18 TEE1=-0.625 TEE2=-0.639 TEE3=-0.507  TEE4=-0.257
rank= 13 Lx=Ly=12 pg= 0.800 ids=  13 TEE1=-0.438 TEE2=-0.361 TEE3=-0.236  TEE4=-0.062
rank= 11 Lx=Ly=12 pg= 0.800 ids=  11 TEE1=-0.583 TEE2=-0.410 TEE3=-0.208  TEE4=-0.132
rank=  2 Lx=Ly=12 pg= 0.800 ids=   2 TEE1=-0.361 TEE2=-0.215 TEE3=-0.118  TEE4=-0.021
rank= 15 Lx=Ly=12 pg= 0.800 ids=  15 TEE1=-0.451 TEE2=-0.396 TEE3=-0.285  TEE4=-0.076
rank=  3 Lx=Ly=12 pg= 0.800 ids=   3 TEE1=-0.576 TEE2=-0.576 TEE3=-0.528  TEE4=-0.333
rank= 19 Lx=Ly=12 pg= 0.800 ids=  19 TEE1=-0.396 TEE2=-0.201 TEE3= 0.007  TEE4= 0.160
rank= 17 Lx=Ly=12 pg= 0.790 ids=  17 TEE1=-0.278 TEE2=-0.160 TEE3=-0.028  TEE4= 0.069
rank=  4 Lx=Ly=12 pg= 0.790 ids=   4 TEE1=-0.250 TEE2=-0.104 TEE3= 0.007  TEE4= 0.090
rank=  7 Lx=Ly=12 pg= 0.800 ids=   7 TEE1=-0.562 TEE2=-0.500 TEE3=-0.299  TEE4=-0.139
rank= 14 Lx=Ly=12 pg= 0.800 ids=  14 TEE1=-0.264 TEE2=-0.111 TEE3= 0.021  TEE4= 0.049
rank= 10 Lx=Ly=12 pg= 0.790 ids=  10 TEE1=-0.431 TEE2=-0.410 TEE3=-0.306  TEE4=-0.111
rank=  1 Lx=Ly=12 pg= 0.790 ids=   1 TEE1=-0.278 TEE2=-0.271 TEE3=-0.139  TEE4= 0.069
rank=  6 Lx=Ly=12 pg= 0.790 ids=   6 TEE1=-0.319 TEE2=-0.188 TEE3=-0.069  TEE4= 0.062
rank= 16 Lx=Ly=12 pg= 0.795 ids=  16 TEE1=-0.340 TEE2=-0.201 TEE3=-0.132  TEE4= 0.097
rank=  0 Lx=Ly=12 pg= 0.790 ids=   0 TEE1=-0.486 TEE2=-0.410 TEE3=-0.271  TEE4=-0.125
rank= 12 Lx=Ly=12 pg= 0.790 ids=  12 TEE1=-0.389 TEE2=-0.361 TEE3=-0.340  TEE4=-0.167
rank=  9 Lx=Ly=12 pg= 0.805 ids=   9 TEE1=-0.382 TEE2=-0.340 TEE3=-0.208  TEE4=-0.021
rank=  8 Lx=Ly=12 pg= 0.805 ids=   8 TEE1=-0.340 TEE2=-0.160 TEE3=-0.062  TEE4= 0.007
rank= 18 Lx=Ly=12 pg= 0.805 ids=  18 TEE1=-0.542 TEE2=-0.632 TEE3=-0.549  TEE4=-0.451
rank=  5 Lx=Ly=12 pg= 0.800 ids=   5 TEE1=-0.479 TEE2=-0.361 TEE3=-0.201  TEE4=-0.035
rank= 13 Lx=Ly=12 pg= 0.805 ids=  13 TEE1=-0.347 TEE2=-0.319 TEE3=-0.174  TEE4= 0.264
rank= 11 Lx=Ly=12 pg= 0.805 ids=  11 TEE1=-0.493 TEE2=-0.375 TEE3=-0.188  TEE4= 0.118
rank=  2 Lx=Ly=12 pg= 0.805 ids=   2 TEE1=-0.319 TEE2=-0.250 TEE3=-0.090  TEE4= 0.264
rank= 15 Lx=Ly=12 pg= 0.805 ids=  15 TEE1=-0.646 TEE2=-0.632 TEE3=-0.514  TEE4=-0.333
rank= 19 Lx=Ly=12 pg= 0.805 ids=  19 TEE1=-0.382 TEE2=-0.389 TEE3=-0.271  TEE4=-0.222
rank=  3 Lx=Ly=12 pg= 0.805 ids=   3 TEE1=-0.549 TEE2=-0.451 TEE3=-0.347  TEE4=-0.188
rank=  7 Lx=Ly=12 pg= 0.805 ids=   7 TEE1=-0.590 TEE2=-0.562 TEE3=-0.451  TEE4=-0.354
rank=  4 Lx=Ly=12 pg= 0.795 ids=   4 TEE1=-0.479 TEE2=-0.444 TEE3=-0.326  TEE4=-0.083
rank= 14 Lx=Ly=12 pg= 0.805 ids=  14 TEE1=-0.410 TEE2=-0.326 TEE3=-0.215  TEE4=-0.021
rank= 16 Lx=Ly=12 pg= 0.800 ids=  16 TEE1=-0.493 TEE2=-0.465 TEE3=-0.326  TEE4=-0.153
rank=  9 Lx=Ly=12 pg= 0.810 ids=   9 TEE1=-0.500 TEE2=-0.479 TEE3=-0.417  TEE4=-0.222
rank= 17 Lx=Ly=12 pg= 0.795 ids=  17 TEE1=-0.424 TEE2=-0.410 TEE3=-0.257  TEE4= 0.056
rank=  8 Lx=Ly=12 pg= 0.810 ids=   8 TEE1=-0.618 TEE2=-0.646 TEE3=-0.604  TEE4=-0.486
rank= 18 Lx=Ly=12 pg= 0.810 ids=  18 TEE1=-0.597 TEE2=-0.660 TEE3=-0.569  TEE4=-0.417
rank=  1 Lx=Ly=12 pg= 0.795 ids=   1 TEE1=-0.167 TEE2=-0.049 TEE3= 0.111  TEE4= 0.222
rank= 13 Lx=Ly=12 pg= 0.810 ids=  13 TEE1=-0.493 TEE2=-0.542 TEE3=-0.500  TEE4=-0.354
rank= 10 Lx=Ly=12 pg= 0.795 ids=  10 TEE1=-0.451 TEE2=-0.312 TEE3=-0.146  TEE4= 0.042
rank= 11 Lx=Ly=12 pg= 0.810 ids=  11 TEE1=-0.743 TEE2=-0.799 TEE3=-0.812  TEE4=-0.799
rank=  5 Lx=Ly=12 pg= 0.805 ids=   5 TEE1=-0.438 TEE2=-0.424 TEE3=-0.306  TEE4=-0.097
rank=  2 Lx=Ly=12 pg= 0.810 ids=   2 TEE1=-0.438 TEE2=-0.417 TEE3=-0.319  TEE4=-0.090
rank=  6 Lx=Ly=12 pg= 0.795 ids=   6 TEE1=-0.326 TEE2=-0.333 TEE3=-0.194  TEE4=-0.049
rank=  0 Lx=Ly=12 pg= 0.795 ids=   0 TEE1=-0.347 TEE2=-0.333 TEE3=-0.188  TEE4= 0.104
rank= 12 Lx=Ly=12 pg= 0.795 ids=  12 TEE1=-0.444 TEE2=-0.375 TEE3=-0.236  TEE4=-0.021
rank= 15 Lx=Ly=12 pg= 0.810 ids=  15 TEE1=-0.639 TEE2=-0.660 TEE3=-0.618  TEE4=-0.521
rank= 19 Lx=Ly=12 pg= 0.810 ids=  19 TEE1=-0.562 TEE2=-0.549 TEE3=-0.417  TEE4=-0.146
rank=  3 Lx=Ly=12 pg= 0.810 ids=   3 TEE1=-0.528 TEE2=-0.514 TEE3=-0.424  TEE4=-0.319
rank=  7 Lx=Ly=12 pg= 0.810 ids=   7 TEE1=-0.431 TEE2=-0.299 TEE3=-0.139  TEE4= 0.069
rank= 16 Lx=Ly=12 pg= 0.805 ids=  16 TEE1=-0.431 TEE2=-0.306 TEE3=-0.090  TEE4= 0.111
rank=  9 Lx=Ly=12 pg= 0.815 ids=   9 TEE1=-0.590 TEE2=-0.694 TEE3=-0.632  TEE4=-0.444
rank= 14 Lx=Ly=12 pg= 0.810 ids=  14 TEE1=-0.576 TEE2=-0.660 TEE3=-0.549  TEE4=-0.451
rank=  8 Lx=Ly=12 pg= 0.815 ids=   8 TEE1=-0.569 TEE2=-0.569 TEE3=-0.465  TEE4=-0.361
rank=  4 Lx=Ly=12 pg= 0.800 ids=   4 TEE1=-0.576 TEE2=-0.528 TEE3=-0.417  TEE4=-0.299
rank= 13 Lx=Ly=12 pg= 0.815 ids=  13 TEE1=-0.451 TEE2=-0.486 TEE3=-0.438  TEE4=-0.257
rank= 18 Lx=Ly=12 pg= 0.815 ids=  18 TEE1=-0.514 TEE2=-0.576 TEE3=-0.486  TEE4=-0.382
rank= 11 Lx=Ly=12 pg= 0.815 ids=  11 TEE1=-0.576 TEE2=-0.562 TEE3=-0.500  TEE4=-0.451
rank=  2 Lx=Ly=12 pg= 0.815 ids=   2 TEE1=-0.528 TEE2=-0.562 TEE3=-0.507  TEE4=-0.403
rank= 17 Lx=Ly=12 pg= 0.800 ids=  17 TEE1=-0.306 TEE2=-0.118 TEE3=-0.035  TEE4= 0.000
rank=  5 Lx=Ly=12 pg= 0.810 ids=   5 TEE1=-0.611 TEE2=-0.653 TEE3=-0.604  TEE4=-0.500
rank=  1 Lx=Ly=12 pg= 0.800 ids=   1 TEE1=-0.361 TEE2=-0.299 TEE3=-0.153  TEE4= 0.000
rank= 15 Lx=Ly=12 pg= 0.815 ids=  15 TEE1=-0.458 TEE2=-0.403 TEE3=-0.299  TEE4=-0.111
rank= 19 Lx=Ly=12 pg= 0.815 ids=  19 TEE1=-0.569 TEE2=-0.639 TEE3=-0.618  TEE4=-0.528
rank= 10 Lx=Ly=12 pg= 0.800 ids=  10 TEE1=-0.514 TEE2=-0.569 TEE3=-0.528  TEE4=-0.375
rank=  3 Lx=Ly=12 pg= 0.815 ids=   3 TEE1=-0.361 TEE2=-0.361 TEE3=-0.285  TEE4=-0.250
rank=  0 Lx=Ly=12 pg= 0.800 ids=   0 TEE1=-0.333 TEE2=-0.181 TEE3= 0.021  TEE4= 0.167
rank=  7 Lx=Ly=12 pg= 0.815 ids=   7 TEE1=-0.458 TEE2=-0.521 TEE3=-0.396  TEE4=-0.111
rank=  6 Lx=Ly=12 pg= 0.800 ids=   6 TEE1=-0.368 TEE2=-0.312 TEE3=-0.215  TEE4=-0.069
rank= 12 Lx=Ly=12 pg= 0.800 ids=  12 TEE1=-0.486 TEE2=-0.472 TEE3=-0.431  TEE4=-0.319
rank=  9 Lx=Ly=12 pg= 0.820 ids=   9 TEE1=-0.417 TEE2=-0.375 TEE3=-0.299  TEE4= 0.000
rank=  8 Lx=Ly=12 pg= 0.820 ids=   8 TEE1=-0.660 TEE2=-0.806 TEE3=-0.750  TEE4=-0.625
rank= 16 Lx=Ly=12 pg= 0.810 ids=  16 TEE1=-0.347 TEE2=-0.160 TEE3=-0.007  TEE4= 0.160
rank=  4 Lx=Ly=12 pg= 0.805 ids=   4 TEE1=-0.542 TEE2=-0.521 TEE3=-0.479  TEE4=-0.229
rank= 13 Lx=Ly=12 pg= 0.820 ids=  13 TEE1=-0.576 TEE2=-0.674 TEE3=-0.660  TEE4=-0.611
rank= 18 Lx=Ly=12 pg= 0.820 ids=  18 TEE1=-0.486 TEE2=-0.438 TEE3=-0.271  TEE4=-0.062
rank= 11 Lx=Ly=12 pg= 0.820 ids=  11 TEE1=-0.465 TEE2=-0.639 TEE3=-0.646  TEE4=-0.542
rank= 14 Lx=Ly=12 pg= 0.815 ids=  14 TEE1=-0.597 TEE2=-0.514 TEE3=-0.410  TEE4=-0.201
rank=  2 Lx=Ly=12 pg= 0.820 ids=   2 TEE1=-0.556 TEE2=-0.590 TEE3=-0.556  TEE4=-0.486
rank=  5 Lx=Ly=12 pg= 0.815 ids=   5 TEE1=-0.549 TEE2=-0.569 TEE3=-0.458  TEE4=-0.243
rank= 15 Lx=Ly=12 pg= 0.820 ids=  15 TEE1=-0.583 TEE2=-0.625 TEE3=-0.590  TEE4=-0.486
rank= 19 Lx=Ly=12 pg= 0.820 ids=  19 TEE1=-0.451 TEE2=-0.438 TEE3=-0.333  TEE4=-0.229
rank=  3 Lx=Ly=12 pg= 0.820 ids=   3 TEE1=-0.583 TEE2=-0.500 TEE3=-0.396  TEE4=-0.292
rank=  7 Lx=Ly=12 pg= 0.820 ids=   7 TEE1=-0.542 TEE2=-0.479 TEE3=-0.354  TEE4=-0.097
rank= 17 Lx=Ly=12 pg= 0.805 ids=  17 TEE1=-0.368 TEE2=-0.312 TEE3=-0.174  TEE4=-0.118
rank=  1 Lx=Ly=12 pg= 0.805 ids=   1 TEE1=-0.597 TEE2=-0.562 TEE3=-0.451  TEE4=-0.326
rank=  9 Lx=Ly=12 pg= 0.825 ids=   9 TEE1=-0.681 TEE2=-0.708 TEE3=-0.688  TEE4=-0.569
rank= 10 Lx=Ly=12 pg= 0.805 ids=  10 TEE1=-0.361 TEE2=-0.340 TEE3=-0.243  TEE4=-0.035
rank=  8 Lx=Ly=12 pg= 0.825 ids=   8 TEE1=-0.694 TEE2=-0.819 TEE3=-0.806  TEE4=-0.743
rank=  0 Lx=Ly=12 pg= 0.805 ids=   0 TEE1=-0.514 TEE2=-0.500 TEE3=-0.444  TEE4=-0.271
rank= 13 Lx=Ly=12 pg= 0.825 ids=  13 TEE1=-0.590 TEE2=-0.681 TEE3=-0.597  TEE4=-0.500
rank= 18 Lx=Ly=12 pg= 0.825 ids=  18 TEE1=-0.451 TEE2=-0.438 TEE3=-0.417  TEE4=-0.299
rank=  6 Lx=Ly=12 pg= 0.805 ids=   6 TEE1=-0.465 TEE2=-0.417 TEE3=-0.278  TEE4=-0.104
rank= 16 Lx=Ly=12 pg= 0.815 ids=  16 TEE1=-0.507 TEE2=-0.389 TEE3=-0.236  TEE4=-0.021
rank= 11 Lx=Ly=12 pg= 0.825 ids=  11 TEE1=-0.597 TEE2=-0.667 TEE3=-0.618  TEE4=-0.500
rank= 12 Lx=Ly=12 pg= 0.805 ids=  12 TEE1=-0.285 TEE2=-0.215 TEE3=-0.049  TEE4= 0.271
rank=  4 Lx=Ly=12 pg= 0.810 ids=   4 TEE1=-0.354 TEE2=-0.250 TEE3=-0.056  TEE4= 0.007
rank=  2 Lx=Ly=12 pg= 0.825 ids=   2 TEE1=-0.722 TEE2=-0.778 TEE3=-0.750  TEE4=-0.729
rank= 14 Lx=Ly=12 pg= 0.820 ids=  14 TEE1=-0.528 TEE2=-0.507 TEE3=-0.396  TEE4=-0.125
rank= 15 Lx=Ly=12 pg= 0.825 ids=  15 TEE1=-0.611 TEE2=-0.639 TEE3=-0.528  TEE4=-0.354
rank= 19 Lx=Ly=12 pg= 0.825 ids=  19 TEE1=-0.590 TEE2=-0.701 TEE3=-0.681  TEE4=-0.667
rank=  5 Lx=Ly=12 pg= 0.820 ids=   5 TEE1=-0.625 TEE2=-0.458 TEE3=-0.333  TEE4=-0.229
rank=  3 Lx=Ly=12 pg= 0.825 ids=   3 TEE1=-0.549 TEE2=-0.493 TEE3=-0.465  TEE4=-0.389
rank=  7 Lx=Ly=12 pg= 0.825 ids=   7 TEE1=-0.542 TEE2=-0.569 TEE3=-0.424  TEE4=-0.097
rank=  9 Lx=Ly=12 pg= 0.830 ids=   9 TEE1=-0.569 TEE2=-0.646 TEE3=-0.597  TEE4=-0.493
rank=  8 Lx=Ly=12 pg= 0.830 ids=   8 TEE1=-0.618 TEE2=-0.736 TEE3=-0.674  TEE4=-0.514
rank= 13 Lx=Ly=12 pg= 0.830 ids=  13 TEE1=-0.604 TEE2=-0.618 TEE3=-0.576  TEE4=-0.396
rank= 18 Lx=Ly=12 pg= 0.830 ids=  18 TEE1=-0.472 TEE2=-0.535 TEE3=-0.458  TEE4=-0.243
rank= 11 Lx=Ly=12 pg= 0.830 ids=  11 TEE1=-0.562 TEE2=-0.639 TEE3=-0.611  TEE4=-0.528
rank=  4 Lx=Ly=12 pg= 0.815 ids=   4 TEE1=-0.590 TEE2=-0.618 TEE3=-0.521  TEE4=-0.444
rank= 17 Lx=Ly=12 pg= 0.810 ids=  17 TEE1=-0.583 TEE2=-0.562 TEE3=-0.493  TEE4=-0.389
rank= 16 Lx=Ly=12 pg= 0.820 ids=  16 TEE1=-0.667 TEE2=-0.708 TEE3=-0.660  TEE4=-0.646
rank=  1 Lx=Ly=12 pg= 0.810 ids=   1 TEE1=-0.576 TEE2=-0.507 TEE3=-0.347  TEE4=-0.062
rank= 10 Lx=Ly=12 pg= 0.810 ids=  10 TEE1=-0.722 TEE2=-0.646 TEE3=-0.528  TEE4=-0.396
rank=  2 Lx=Ly=12 pg= 0.830 ids=   2 TEE1=-0.722 TEE2=-0.792 TEE3=-0.778  TEE4=-0.778
rank=  6 Lx=Ly=12 pg= 0.810 ids=   6 TEE1=-0.444 TEE2=-0.444 TEE3=-0.326  TEE4=-0.167
rank=  0 Lx=Ly=12 pg= 0.810 ids=   0 TEE1=-0.549 TEE2=-0.549 TEE3=-0.528  TEE4=-0.396
rank= 12 Lx=Ly=12 pg= 0.810 ids=  12 TEE1=-0.611 TEE2=-0.715 TEE3=-0.694  TEE4=-0.604
rank= 19 Lx=Ly=12 pg= 0.830 ids=  19 TEE1=-0.569 TEE2=-0.604 TEE3=-0.521  TEE4=-0.431
rank= 15 Lx=Ly=12 pg= 0.830 ids=  15 TEE1=-0.583 TEE2=-0.674 TEE3=-0.590  TEE4=-0.472
rank=  3 Lx=Ly=12 pg= 0.830 ids=   3 TEE1=-0.729 TEE2=-0.812 TEE3=-0.757  TEE4=-0.708
rank=  7 Lx=Ly=12 pg= 0.830 ids=   7 TEE1=-0.458 TEE2=-0.424 TEE3=-0.292  TEE4=-0.201
rank= 14 Lx=Ly=12 pg= 0.825 ids=  14 TEE1=-0.681 TEE2=-0.736 TEE3=-0.750  TEE4=-0.694
rank=  5 Lx=Ly=12 pg= 0.825 ids=   5 TEE1=-0.729 TEE2=-0.812 TEE3=-0.812  TEE4=-0.771
rank=  9 Lx=Ly=12 pg= 0.835 ids=   9 TEE1=-0.694 TEE2=-0.826 TEE3=-0.785  TEE4=-0.750
rank=  8 Lx=Ly=12 pg= 0.835 ids=   8 TEE1=-0.653 TEE2=-0.667 TEE3=-0.576  TEE4=-0.424
rank= 13 Lx=Ly=12 pg= 0.835 ids=  13 TEE1=-0.542 TEE2=-0.597 TEE3=-0.431  TEE4=-0.278
rank= 18 Lx=Ly=12 pg= 0.835 ids=  18 TEE1=-0.639 TEE2=-0.771 TEE3=-0.764  TEE4=-0.792
rank= 11 Lx=Ly=12 pg= 0.835 ids=  11 TEE1=-0.597 TEE2=-0.583 TEE3=-0.410  TEE4=-0.361
rank= 16 Lx=Ly=12 pg= 0.825 ids=  16 TEE1=-0.597 TEE2=-0.667 TEE3=-0.625  TEE4=-0.576
rank=  2 Lx=Ly=12 pg= 0.835 ids=   2 TEE1=-0.688 TEE2=-0.806 TEE3=-0.812  TEE4=-0.868
rank=  4 Lx=Ly=12 pg= 0.820 ids=   4 TEE1=-0.569 TEE2=-0.590 TEE3=-0.486  TEE4=-0.278
rank= 17 Lx=Ly=12 pg= 0.815 ids=  17 TEE1=-0.354 TEE2=-0.278 TEE3=-0.160  TEE4= 0.028
rank= 15 Lx=Ly=12 pg= 0.835 ids=  15 TEE1=-0.569 TEE2=-0.618 TEE3=-0.562  TEE4=-0.444
rank= 19 Lx=Ly=12 pg= 0.835 ids=  19 TEE1=-0.667 TEE2=-0.757 TEE3=-0.757  TEE4=-0.743
rank=  3 Lx=Ly=12 pg= 0.835 ids=   3 TEE1=-0.576 TEE2=-0.660 TEE3=-0.618  TEE4=-0.576
rank=  1 Lx=Ly=12 pg= 0.815 ids=   1 TEE1=-0.458 TEE2=-0.326 TEE3=-0.111  TEE4= 0.049
rank=  6 Lx=Ly=12 pg= 0.815 ids=   6 TEE1=-0.528 TEE2=-0.465 TEE3=-0.326  TEE4=-0.083
rank=  7 Lx=Ly=12 pg= 0.835 ids=   7 TEE1=-0.632 TEE2=-0.667 TEE3=-0.583  TEE4=-0.521
rank= 10 Lx=Ly=12 pg= 0.815 ids=  10 TEE1=-0.611 TEE2=-0.569 TEE3=-0.479  TEE4=-0.347
rank= 14 Lx=Ly=12 pg= 0.830 ids=  14 TEE1=-0.514 TEE2=-0.549 TEE3=-0.479  TEE4=-0.236
rank=  0 Lx=Ly=12 pg= 0.815 ids=   0 TEE1=-0.653 TEE2=-0.778 TEE3=-0.778  TEE4=-0.653
rank=  9 Lx=Ly=12 pg= 0.840 ids=   9 TEE1=-0.729 TEE2=-0.812 TEE3=-0.806  TEE4=-0.806
rank= 12 Lx=Ly=12 pg= 0.815 ids=  12 TEE1=-0.590 TEE2=-0.674 TEE3=-0.569  TEE4=-0.396
rank=  8 Lx=Ly=12 pg= 0.840 ids=   8 TEE1=-0.715 TEE2=-0.799 TEE3=-0.806  TEE4=-0.708
rank= 13 Lx=Ly=12 pg= 0.840 ids=  13 TEE1=-0.639 TEE2=-0.708 TEE3=-0.708  TEE4=-0.694
rank= 18 Lx=Ly=12 pg= 0.840 ids=  18 TEE1=-0.556 TEE2=-0.590 TEE3=-0.569  TEE4=-0.451
rank= 11 Lx=Ly=12 pg= 0.840 ids=  11 TEE1=-0.688 TEE2=-0.771 TEE3=-0.785  TEE4=-0.792
rank= 16 Lx=Ly=12 pg= 0.830 ids=  16 TEE1=-0.708 TEE2=-0.729 TEE3=-0.736  TEE4=-0.667
rank=  5 Lx=Ly=12 pg= 0.830 ids=   5 TEE1=-0.597 TEE2=-0.646 TEE3=-0.611  TEE4=-0.472
rank=  2 Lx=Ly=12 pg= 0.840 ids=   2 TEE1=-0.688 TEE2=-0.826 TEE3=-0.799  TEE4=-0.750
rank= 15 Lx=Ly=12 pg= 0.840 ids=  15 TEE1=-0.576 TEE2=-0.639 TEE3=-0.660  TEE4=-0.681
rank=  4 Lx=Ly=12 pg= 0.825 ids=   4 TEE1=-0.632 TEE2=-0.708 TEE3=-0.688  TEE4=-0.597
rank= 19 Lx=Ly=12 pg= 0.840 ids=  19 TEE1=-0.618 TEE2=-0.604 TEE3=-0.556  TEE4=-0.410
rank=  3 Lx=Ly=12 pg= 0.840 ids=   3 TEE1=-0.681 TEE2=-0.771 TEE3=-0.785  TEE4=-0.757
rank=  7 Lx=Ly=12 pg= 0.840 ids=   7 TEE1=-0.729 TEE2=-0.764 TEE3=-0.750  TEE4=-0.542
rank=  9 Lx=Ly=12 pg= 0.845 ids=   9 TEE1=-0.562 TEE2=-0.618 TEE3=-0.604  TEE4=-0.549
rank=  8 Lx=Ly=12 pg= 0.845 ids=   8 TEE1=-0.715 TEE2=-0.729 TEE3=-0.667  TEE4=-0.583
rank= 13 Lx=Ly=12 pg= 0.845 ids=  13 TEE1=-0.611 TEE2=-0.625 TEE3=-0.535  TEE4=-0.438
rank= 18 Lx=Ly=12 pg= 0.845 ids=  18 TEE1=-0.597 TEE2=-0.569 TEE3=-0.535  TEE4=-0.354
rank= 17 Lx=Ly=12 pg= 0.820 ids=  17 TEE1=-0.444 TEE2=-0.368 TEE3=-0.215  TEE4= 0.007
rank= 11 Lx=Ly=12 pg= 0.845 ids=  11 TEE1=-0.729 TEE2=-0.833 TEE3=-0.833  TEE4=-0.701
rank=  6 Lx=Ly=12 pg= 0.820 ids=   6 TEE1=-0.632 TEE2=-0.528 TEE3=-0.403  TEE4=-0.194
rank=  1 Lx=Ly=12 pg= 0.820 ids=   1 TEE1=-0.472 TEE2=-0.500 TEE3=-0.410  TEE4=-0.229
rank= 16 Lx=Ly=12 pg= 0.835 ids=  16 TEE1=-0.569 TEE2=-0.618 TEE3=-0.576  TEE4=-0.465
rank= 14 Lx=Ly=12 pg= 0.835 ids=  14 TEE1=-0.639 TEE2=-0.736 TEE3=-0.736  TEE4=-0.701
rank= 10 Lx=Ly=12 pg= 0.820 ids=  10 TEE1=-0.646 TEE2=-0.750 TEE3=-0.681  TEE4=-0.375
rank=  0 Lx=Ly=12 pg= 0.820 ids=   0 TEE1=-0.556 TEE2=-0.507 TEE3=-0.312  TEE4= 0.007
rank= 12 Lx=Ly=12 pg= 0.820 ids=  12 TEE1=-0.618 TEE2=-0.688 TEE3=-0.611  TEE4=-0.479
rank=  2 Lx=Ly=12 pg= 0.845 ids=   2 TEE1=-0.576 TEE2=-0.618 TEE3=-0.542  TEE4=-0.389
rank=  5 Lx=Ly=12 pg= 0.835 ids=   5 TEE1=-0.562 TEE2=-0.604 TEE3=-0.465  TEE4=-0.361
rank= 19 Lx=Ly=12 pg= 0.845 ids=  19 TEE1=-0.688 TEE2=-0.806 TEE3=-0.778  TEE4=-0.722
rank= 15 Lx=Ly=12 pg= 0.845 ids=  15 TEE1=-0.576 TEE2=-0.625 TEE3=-0.549  TEE4=-0.375
rank=  3 Lx=Ly=12 pg= 0.845 ids=   3 TEE1=-0.618 TEE2=-0.632 TEE3=-0.562  TEE4=-0.458
rank=  7 Lx=Ly=12 pg= 0.845 ids=   7 TEE1=-0.625 TEE2=-0.701 TEE3=-0.708  TEE4=-0.771
rank=  8 Lx=Ly=12 pg= 0.850 ids=   8 TEE1=-0.840 TEE2=-0.861 TEE3=-0.868  TEE4=-0.917
rank= 13 Lx=Ly=12 pg= 0.850 ids=  13 TEE1=-0.688 TEE2=-0.785 TEE3=-0.785  TEE4=-0.757
rank= 18 Lx=Ly=12 pg= 0.850 ids=  18 TEE1=-0.576 TEE2=-0.639 TEE3=-0.535  TEE4=-0.340
rank=  4 Lx=Ly=12 pg= 0.830 ids=   4 TEE1=-0.479 TEE2=-0.375 TEE3=-0.250  TEE4=-0.090
rank= 11 Lx=Ly=12 pg= 0.850 ids=  11 TEE1=-0.569 TEE2=-0.583 TEE3=-0.444  TEE4=-0.278
rank=  9 Lx=Ly=12 pg= 0.850 ids=   9 TEE1=-0.792 TEE2=-0.944 TEE3=-0.951  TEE4=-0.951
rank=  6 Lx=Ly=12 pg= 0.825 ids=   6 TEE1=-0.535 TEE2=-0.542 TEE3=-0.465  TEE4=-0.375
rank= 14 Lx=Ly=12 pg= 0.840 ids=  14 TEE1=-0.632 TEE2=-0.674 TEE3=-0.653  TEE4=-0.556
rank=  2 Lx=Ly=12 pg= 0.850 ids=   2 TEE1=-0.674 TEE2=-0.764 TEE3=-0.736  TEE4=-0.778
rank=  5 Lx=Ly=12 pg= 0.840 ids=   5 TEE1=-0.542 TEE2=-0.618 TEE3=-0.625  TEE4=-0.583
rank= 16 Lx=Ly=12 pg= 0.840 ids=  16 TEE1=-0.646 TEE2=-0.681 TEE3=-0.660  TEE4=-0.639
rank= 17 Lx=Ly=12 pg= 0.825 ids=  17 TEE1=-0.618 TEE2=-0.736 TEE3=-0.750  TEE4=-0.778
rank=  1 Lx=Ly=12 pg= 0.825 ids=   1 TEE1=-0.458 TEE2=-0.403 TEE3=-0.285  TEE4=-0.153
rank=  0 Lx=Ly=12 pg= 0.825 ids=   0 TEE1=-0.500 TEE2=-0.465 TEE3=-0.431  TEE4=-0.347
rank= 10 Lx=Ly=12 pg= 0.825 ids=  10 TEE1=-0.528 TEE2=-0.569 TEE3=-0.528  TEE4=-0.396
rank= 12 Lx=Ly=12 pg= 0.825 ids=  12 TEE1=-0.465 TEE2=-0.562 TEE3=-0.417  TEE4=-0.250
rank= 19 Lx=Ly=12 pg= 0.850 ids=  19 TEE1=-0.646 TEE2=-0.667 TEE3=-0.569  TEE4=-0.472
rank= 15 Lx=Ly=12 pg= 0.850 ids=  15 TEE1=-0.708 TEE2=-0.854 TEE3=-0.840  TEE4=-0.896
rank=  3 Lx=Ly=12 pg= 0.850 ids=   3 TEE1=-0.514 TEE2=-0.521 TEE3=-0.458  TEE4=-0.229
rank=  8 Lx=Ly=12 pg= 0.855 ids=   8 TEE1=-0.688 TEE2=-0.785 TEE3=-0.757  TEE4=-0.722
rank=  7 Lx=Ly=12 pg= 0.850 ids=   7 TEE1=-0.799 TEE2=-0.875 TEE3=-0.875  TEE4=-0.896
rank= 18 Lx=Ly=12 pg= 0.855 ids=  18 TEE1=-0.729 TEE2=-0.778 TEE3=-0.792  TEE4=-0.812
rank= 13 Lx=Ly=12 pg= 0.855 ids=  13 TEE1=-0.590 TEE2=-0.681 TEE3=-0.681  TEE4=-0.708
rank= 11 Lx=Ly=12 pg= 0.855 ids=  11 TEE1=-0.667 TEE2=-0.792 TEE3=-0.771  TEE4=-0.757
rank=  6 Lx=Ly=12 pg= 0.830 ids=   6 TEE1=-0.660 TEE2=-0.646 TEE3=-0.549  TEE4=-0.396
rank= 14 Lx=Ly=12 pg= 0.845 ids=  14 TEE1=-0.639 TEE2=-0.750 TEE3=-0.701  TEE4=-0.681
rank=  2 Lx=Ly=12 pg= 0.855 ids=   2 TEE1=-0.764 TEE2=-0.854 TEE3=-0.826  TEE4=-0.785
rank=  4 Lx=Ly=12 pg= 0.835 ids=   4 TEE1=-0.667 TEE2=-0.778 TEE3=-0.799  TEE4=-0.819
rank=  5 Lx=Ly=12 pg= 0.845 ids=   5 TEE1=-0.569 TEE2=-0.604 TEE3=-0.528  TEE4=-0.438
rank=  9 Lx=Ly=12 pg= 0.855 ids=   9 TEE1=-0.688 TEE2=-0.729 TEE3=-0.736  TEE4=-0.792
rank=  8 Lx=Ly=12 pg= 0.860 ids=   8 TEE1=-0.736 TEE2=-0.806 TEE3=-0.785  TEE4=-0.694
rank= 15 Lx=Ly=12 pg= 0.855 ids=  15 TEE1=-0.750 TEE2=-0.819 TEE3=-0.785  TEE4=-0.785
rank= 19 Lx=Ly=12 pg= 0.855 ids=  19 TEE1=-0.778 TEE2=-0.840 TEE3=-0.826  TEE4=-0.806
rank=  3 Lx=Ly=12 pg= 0.855 ids=   3 TEE1=-0.618 TEE2=-0.639 TEE3=-0.556  TEE4=-0.500
rank= 16 Lx=Ly=12 pg= 0.845 ids=  16 TEE1=-0.743 TEE2=-0.889 TEE3=-0.903  TEE4=-0.889
rank=  7 Lx=Ly=12 pg= 0.855 ids=   7 TEE1=-0.625 TEE2=-0.715 TEE3=-0.715  TEE4=-0.722
rank= 18 Lx=Ly=12 pg= 0.860 ids=  18 TEE1=-0.708 TEE2=-0.847 TEE3=-0.833  TEE4=-0.833
rank= 13 Lx=Ly=12 pg= 0.860 ids=  13 TEE1=-0.729 TEE2=-0.806 TEE3=-0.826  TEE4=-0.896
rank=  1 Lx=Ly=12 pg= 0.830 ids=   1 TEE1=-0.562 TEE2=-0.625 TEE3=-0.569  TEE4=-0.417
rank=  0 Lx=Ly=12 pg= 0.830 ids=   0 TEE1=-0.514 TEE2=-0.493 TEE3=-0.354  TEE4=-0.278
rank= 17 Lx=Ly=12 pg= 0.830 ids=  17 TEE1=-0.674 TEE2=-0.819 TEE3=-0.799  TEE4=-0.833
rank= 11 Lx=Ly=12 pg= 0.860 ids=  11 TEE1=-0.667 TEE2=-0.757 TEE3=-0.778  TEE4=-0.764
rank= 12 Lx=Ly=12 pg= 0.830 ids=  12 TEE1=-0.465 TEE2=-0.389 TEE3=-0.312  TEE4=-0.111
rank= 10 Lx=Ly=12 pg= 0.830 ids=  10 TEE1=-0.729 TEE2=-0.743 TEE3=-0.688  TEE4=-0.618
rank=  6 Lx=Ly=12 pg= 0.835 ids=   6 TEE1=-0.632 TEE2=-0.708 TEE3=-0.708  TEE4=-0.625
rank=  2 Lx=Ly=12 pg= 0.860 ids=   2 TEE1=-0.674 TEE2=-0.715 TEE3=-0.646  TEE4=-0.611
rank=  5 Lx=Ly=12 pg= 0.850 ids=   5 TEE1=-0.674 TEE2=-0.688 TEE3=-0.611  TEE4=-0.569
rank=  4 Lx=Ly=12 pg= 0.840 ids=   4 TEE1=-0.625 TEE2=-0.743 TEE3=-0.729  TEE4=-0.556
rank= 14 Lx=Ly=12 pg= 0.850 ids=  14 TEE1=-0.819 TEE2=-0.889 TEE3=-0.875  TEE4=-0.882
rank=  8 Lx=Ly=12 pg= 0.865 ids=   8 TEE1=-0.618 TEE2=-0.646 TEE3=-0.653  TEE4=-0.743
rank=  9 Lx=Ly=12 pg= 0.860 ids=   9 TEE1=-0.701 TEE2=-0.694 TEE3=-0.694  TEE4=-0.604
rank= 19 Lx=Ly=12 pg= 0.860 ids=  19 TEE1=-0.674 TEE2=-0.708 TEE3=-0.667  TEE4=-0.549
rank= 15 Lx=Ly=12 pg= 0.860 ids=  15 TEE1=-0.819 TEE2=-0.826 TEE3=-0.833  TEE4=-0.806
rank=  3 Lx=Ly=12 pg= 0.860 ids=   3 TEE1=-0.660 TEE2=-0.792 TEE3=-0.785  TEE4=-0.757
rank=  7 Lx=Ly=12 pg= 0.860 ids=   7 TEE1=-0.715 TEE2=-0.833 TEE3=-0.812  TEE4=-0.736
rank= 18 Lx=Ly=12 pg= 0.865 ids=  18 TEE1=-0.736 TEE2=-0.806 TEE3=-0.812  TEE4=-0.840
rank= 13 Lx=Ly=12 pg= 0.865 ids=  13 TEE1=-0.660 TEE2=-0.729 TEE3=-0.743  TEE4=-0.778
rank= 16 Lx=Ly=12 pg= 0.850 ids=  16 TEE1=-0.826 TEE2=-0.896 TEE3=-0.917  TEE4=-0.944
rank= 11 Lx=Ly=12 pg= 0.865 ids=  11 TEE1=-0.674 TEE2=-0.743 TEE3=-0.743  TEE4=-0.806
rank=  6 Lx=Ly=12 pg= 0.840 ids=   6 TEE1=-0.688 TEE2=-0.743 TEE3=-0.701  TEE4=-0.667
rank=  1 Lx=Ly=12 pg= 0.835 ids=   1 TEE1=-0.507 TEE2=-0.375 TEE3=-0.208  TEE4=-0.021
rank=  2 Lx=Ly=12 pg= 0.865 ids=   2 TEE1=-0.764 TEE2=-0.868 TEE3=-0.875  TEE4=-0.868
rank=  0 Lx=Ly=12 pg= 0.835 ids=   0 TEE1=-0.729 TEE2=-0.819 TEE3=-0.840  TEE4=-0.847
rank= 17 Lx=Ly=12 pg= 0.835 ids=  17 TEE1=-0.625 TEE2=-0.771 TEE3=-0.764  TEE4=-0.833
rank= 12 Lx=Ly=12 pg= 0.835 ids=  12 TEE1=-0.792 TEE2=-0.896 TEE3=-0.896  TEE4=-0.944
rank= 10 Lx=Ly=12 pg= 0.835 ids=  10 TEE1=-0.729 TEE2=-0.847 TEE3=-0.826  TEE4=-0.750
rank=  4 Lx=Ly=12 pg= 0.845 ids=   4 TEE1=-0.653 TEE2=-0.688 TEE3=-0.639  TEE4=-0.590
rank=  5 Lx=Ly=12 pg= 0.855 ids=   5 TEE1=-0.757 TEE2=-0.861 TEE3=-0.868  TEE4=-0.847
rank=  8 Lx=Ly=12 pg= 0.870 ids=   8 TEE1=-0.792 TEE2=-0.889 TEE3=-0.875  TEE4=-0.868
rank= 15 Lx=Ly=12 pg= 0.865 ids=  15 TEE1=-0.833 TEE2=-0.944 TEE3=-0.951  TEE4=-0.958
rank= 14 Lx=Ly=12 pg= 0.855 ids=  14 TEE1=-0.653 TEE2=-0.812 TEE3=-0.819  TEE4=-0.868
rank=  3 Lx=Ly=12 pg= 0.865 ids=   3 TEE1=-0.750 TEE2=-0.833 TEE3=-0.840  TEE4=-0.833
rank= 19 Lx=Ly=12 pg= 0.865 ids=  19 TEE1=-0.826 TEE2=-0.931 TEE3=-0.951  TEE4=-0.965
rank= 18 Lx=Ly=12 pg= 0.870 ids=  18 TEE1=-0.729 TEE2=-0.826 TEE3=-0.819  TEE4=-0.847
rank= 13 Lx=Ly=12 pg= 0.870 ids=  13 TEE1=-0.812 TEE2=-0.938 TEE3=-0.951  TEE4=-0.965
rank= 16 Lx=Ly=12 pg= 0.855 ids=  16 TEE1=-0.653 TEE2=-0.722 TEE3=-0.736  TEE4=-0.674
rank= 11 Lx=Ly=12 pg= 0.870 ids=  11 TEE1=-0.750 TEE2=-0.868 TEE3=-0.875  TEE4=-0.910
rank=  6 Lx=Ly=12 pg= 0.845 ids=   6 TEE1=-0.646 TEE2=-0.722 TEE3=-0.632  TEE4=-0.542
rank=  9 Lx=Ly=12 pg= 0.865 ids=   9 TEE1=-0.736 TEE2=-0.875 TEE3=-0.854  TEE4=-0.812
rank=  7 Lx=Ly=12 pg= 0.865 ids=   7 TEE1=-0.736 TEE2=-0.792 TEE3=-0.743  TEE4=-0.660
rank=  2 Lx=Ly=12 pg= 0.870 ids=   2 TEE1=-0.750 TEE2=-0.875 TEE3=-0.889  TEE4=-0.875
rank=  1 Lx=Ly=12 pg= 0.840 ids=   1 TEE1=-0.694 TEE2=-0.785 TEE3=-0.694  TEE4=-0.611
rank=  4 Lx=Ly=12 pg= 0.850 ids=   4 TEE1=-0.514 TEE2=-0.549 TEE3=-0.521  TEE4=-0.507
rank=  8 Lx=Ly=12 pg= 0.875 ids=   8 TEE1=-0.910 TEE2=-1.000 TEE3=-1.000  TEE4=-1.000
rank=  0 Lx=Ly=12 pg= 0.840 ids=   0 TEE1=-0.604 TEE2=-0.681 TEE3=-0.632  TEE4=-0.576
rank= 17 Lx=Ly=12 pg= 0.840 ids=  17 TEE1=-0.639 TEE2=-0.764 TEE3=-0.771  TEE4=-0.799
rank= 12 Lx=Ly=12 pg= 0.840 ids=  12 TEE1=-0.729 TEE2=-0.785 TEE3=-0.792  TEE4=-0.667
rank= 10 Lx=Ly=12 pg= 0.840 ids=  10 TEE1=-0.618 TEE2=-0.688 TEE3=-0.688  TEE4=-0.674
rank= 18 Lx=Ly=12 pg= 0.875 ids=  18 TEE1=-0.792 TEE2=-0.903 TEE3=-0.896  TEE4=-0.854
rank= 15 Lx=Ly=12 pg= 0.870 ids=  15 TEE1=-0.792 TEE2=-0.917 TEE3=-0.924  TEE4=-0.951
rank= 16 Lx=Ly=12 pg= 0.860 ids=  16 TEE1=-0.757 TEE2=-0.840 TEE3=-0.840  TEE4=-0.896
rank=  3 Lx=Ly=12 pg= 0.870 ids=   3 TEE1=-0.688 TEE2=-0.806 TEE3=-0.812  TEE4=-0.771
rank= 19 Lx=Ly=12 pg= 0.870 ids=  19 TEE1=-0.750 TEE2=-0.833 TEE3=-0.840  TEE4=-0.868
rank=  5 Lx=Ly=12 pg= 0.860 ids=   5 TEE1=-0.771 TEE2=-0.896 TEE3=-0.875  TEE4=-0.868
rank= 11 Lx=Ly=12 pg= 0.875 ids=  11 TEE1=-0.840 TEE2=-0.986 TEE3=-0.986  TEE4=-0.993
rank=  6 Lx=Ly=12 pg= 0.850 ids=   6 TEE1=-0.646 TEE2=-0.681 TEE3=-0.660  TEE4=-0.514
rank= 13 Lx=Ly=12 pg= 0.875 ids=  13 TEE1=-0.743 TEE2=-0.861 TEE3=-0.868  TEE4=-0.875
rank= 14 Lx=Ly=12 pg= 0.860 ids=  14 TEE1=-0.743 TEE2=-0.806 TEE3=-0.792  TEE4=-0.757
rank=  2 Lx=Ly=12 pg= 0.875 ids=   2 TEE1=-0.771 TEE2=-0.910 TEE3=-0.896  TEE4=-0.910
rank=  1 Lx=Ly=12 pg= 0.845 ids=   1 TEE1=-0.597 TEE2=-0.750 TEE3=-0.743  TEE4=-0.646
rank=  9 Lx=Ly=12 pg= 0.870 ids=   9 TEE1=-0.750 TEE2=-0.854 TEE3=-0.847  TEE4=-0.854
rank=  7 Lx=Ly=12 pg= 0.870 ids=   7 TEE1=-0.667 TEE2=-0.736 TEE3=-0.736  TEE4=-0.681
rank=  8 Lx=Ly=12 pg= 0.775 ids=  28 TEE1=-0.458 TEE2=-0.375 TEE3=-0.271  TEE4=-0.118
rank=  4 Lx=Ly=12 pg= 0.855 ids=   4 TEE1=-0.722 TEE2=-0.847 TEE3=-0.833  TEE4=-0.826
rank= 18 Lx=Ly=12 pg= 0.775 ids=  38 TEE1=-0.382 TEE2=-0.222 TEE3=-0.069  TEE4= 0.076
rank= 11 Lx=Ly=12 pg= 0.775 ids=  31 TEE1=-0.278 TEE2=-0.021 TEE3= 0.076  TEE4= 0.167
rank=  5 Lx=Ly=12 pg= 0.865 ids=   5 TEE1=-0.583 TEE2=-0.597 TEE3=-0.549  TEE4=-0.326
rank= 15 Lx=Ly=12 pg= 0.875 ids=  15 TEE1=-0.729 TEE2=-0.854 TEE3=-0.868  TEE4=-0.896
rank=  6 Lx=Ly=12 pg= 0.855 ids=   6 TEE1=-0.632 TEE2=-0.715 TEE3=-0.715  TEE4=-0.785
rank=  3 Lx=Ly=12 pg= 0.875 ids=   3 TEE1=-0.722 TEE2=-0.785 TEE3=-0.778  TEE4=-0.799
rank= 19 Lx=Ly=12 pg= 0.875 ids=  19 TEE1=-0.736 TEE2=-0.792 TEE3=-0.736  TEE4=-0.715
rank= 13 Lx=Ly=12 pg= 0.775 ids=  33 TEE1=-0.306 TEE2=-0.194 TEE3=-0.028  TEE4= 0.028
rank=  0 Lx=Ly=12 pg= 0.845 ids=   0 TEE1=-0.715 TEE2=-0.812 TEE3=-0.799  TEE4=-0.819
rank= 14 Lx=Ly=12 pg= 0.865 ids=  14 TEE1=-0.771 TEE2=-0.868 TEE3=-0.847  TEE4=-0.812
rank= 17 Lx=Ly=12 pg= 0.845 ids=  17 TEE1=-0.639 TEE2=-0.757 TEE3=-0.764  TEE4=-0.743
rank=  2 Lx=Ly=12 pg= 0.775 ids=  22 TEE1=-0.431 TEE2=-0.250 TEE3=-0.090  TEE4=-0.021
rank= 16 Lx=Ly=12 pg= 0.865 ids=  16 TEE1=-0.882 TEE2=-0.938 TEE3=-0.924  TEE4=-0.944
rank= 12 Lx=Ly=12 pg= 0.845 ids=  12 TEE1=-0.583 TEE2=-0.632 TEE3=-0.611  TEE4=-0.542
rank=  1 Lx=Ly=12 pg= 0.850 ids=   1 TEE1=-0.708 TEE2=-0.764 TEE3=-0.743  TEE4=-0.736
rank= 10 Lx=Ly=12 pg= 0.845 ids=  10 TEE1=-0.785 TEE2=-0.875 TEE3=-0.868  TEE4=-0.868
rank=  8 Lx=Ly=12 pg= 0.780 ids=  28 TEE1=-0.285 TEE2=-0.160 TEE3=-0.007  TEE4= 0.188
rank= 18 Lx=Ly=12 pg= 0.780 ids=  38 TEE1=-0.368 TEE2=-0.333 TEE3=-0.132  TEE4= 0.007
rank=  9 Lx=Ly=12 pg= 0.875 ids=   9 TEE1=-0.806 TEE2=-0.958 TEE3=-0.958  TEE4=-0.979
rank= 11 Lx=Ly=12 pg= 0.780 ids=  31 TEE1=-0.382 TEE2=-0.271 TEE3=-0.132  TEE4= 0.153
rank=  5 Lx=Ly=12 pg= 0.870 ids=   5 TEE1=-0.812 TEE2=-0.910 TEE3=-0.917  TEE4=-0.903
rank=  6 Lx=Ly=12 pg= 0.860 ids=   6 TEE1=-0.750 TEE2=-0.812 TEE3=-0.785  TEE4=-0.715
rank=  7 Lx=Ly=12 pg= 0.875 ids=   7 TEE1=-0.785 TEE2=-0.875 TEE3=-0.875  TEE4=-0.840
rank= 15 Lx=Ly=12 pg= 0.775 ids=  35 TEE1=-0.382 TEE2=-0.215 TEE3= 0.118  TEE4= 0.306
rank=  3 Lx=Ly=12 pg= 0.775 ids=  23 TEE1=-0.097 TEE2=-0.049 TEE3= 0.021  TEE4= 0.021
rank= 19 Lx=Ly=12 pg= 0.775 ids=  39 TEE1=-0.181 TEE2=-0.007 TEE3= 0.056  TEE4= 0.264
rank= 13 Lx=Ly=12 pg= 0.780 ids=  33 TEE1=-0.292 TEE2=-0.049 TEE3= 0.153  TEE4= 0.417
rank=  4 Lx=Ly=12 pg= 0.860 ids=   4 TEE1=-0.729 TEE2=-0.799 TEE3=-0.778  TEE4=-0.764
rank=  2 Lx=Ly=12 pg= 0.780 ids=  22 TEE1=-0.340 TEE2=-0.243 TEE3=-0.007  TEE4= 0.160
rank=  1 Lx=Ly=12 pg= 0.855 ids=   1 TEE1=-0.736 TEE2=-0.806 TEE3=-0.812  TEE4=-0.812
rank= 14 Lx=Ly=12 pg= 0.870 ids=  14 TEE1=-0.736 TEE2=-0.819 TEE3=-0.812  TEE4=-0.806
rank=  8 Lx=Ly=12 pg= 0.785 ids=  28 TEE1=-0.118 TEE2= 0.000 TEE3= 0.014  TEE4= 0.007
rank=  0 Lx=Ly=12 pg= 0.850 ids=   0 TEE1=-0.743 TEE2=-0.826 TEE3=-0.833  TEE4=-0.847
rank= 17 Lx=Ly=12 pg= 0.850 ids=  17 TEE1=-0.701 TEE2=-0.771 TEE3=-0.764  TEE4=-0.722
rank= 12 Lx=Ly=12 pg= 0.850 ids=  12 TEE1=-0.681 TEE2=-0.826 TEE3=-0.826  TEE4=-0.778
rank= 16 Lx=Ly=12 pg= 0.870 ids=  16 TEE1=-0.639 TEE2=-0.819 TEE3=-0.812  TEE4=-0.847
rank= 18 Lx=Ly=12 pg= 0.785 ids=  38 TEE1=-0.306 TEE2=-0.174 TEE3=-0.097  TEE4= 0.153
rank= 10 Lx=Ly=12 pg= 0.850 ids=  10 TEE1=-0.521 TEE2=-0.493 TEE3=-0.458  TEE4=-0.292
rank= 11 Lx=Ly=12 pg= 0.785 ids=  31 TEE1=-0.444 TEE2=-0.424 TEE3=-0.278  TEE4=-0.069
rank=  6 Lx=Ly=12 pg= 0.865 ids=   6 TEE1=-0.764 TEE2=-0.826 TEE3=-0.812  TEE4=-0.743
rank=  5 Lx=Ly=12 pg= 0.875 ids=   5 TEE1=-0.799 TEE2=-0.861 TEE3=-0.868  TEE4=-0.931
rank= 15 Lx=Ly=12 pg= 0.780 ids=  35 TEE1=-0.222 TEE2=-0.125 TEE3=-0.056  TEE4= 0.014
rank= 19 Lx=Ly=12 pg= 0.780 ids=  39 TEE1=-0.347 TEE2=-0.007 TEE3= 0.083  TEE4= 0.083
rank= 13 Lx=Ly=12 pg= 0.785 ids=  33 TEE1=-0.375 TEE2=-0.312 TEE3=-0.174  TEE4=-0.056
rank=  3 Lx=Ly=12 pg= 0.780 ids=  23 TEE1=-0.250 TEE2=-0.021 TEE3= 0.035  TEE4= 0.062
rank=  9 Lx=Ly=12 pg= 0.775 ids=  29 TEE1= 0.062 TEE2= 0.076 TEE3= 0.076  TEE4= 0.062
rank=  2 Lx=Ly=12 pg= 0.785 ids=  22 TEE1=-0.139 TEE2= 0.021 TEE3= 0.097  TEE4= 0.056
rank=  4 Lx=Ly=12 pg= 0.865 ids=   4 TEE1=-0.694 TEE2=-0.903 TEE3=-0.903  TEE4=-0.938
rank=  7 Lx=Ly=12 pg= 0.775 ids=  27 TEE1=-0.104 TEE2= 0.132 TEE3= 0.229  TEE4= 0.299
rank=  1 Lx=Ly=12 pg= 0.860 ids=   1 TEE1=-0.764 TEE2=-0.826 TEE3=-0.799  TEE4=-0.715
rank=  8 Lx=Ly=12 pg= 0.790 ids=  28 TEE1=-0.208 TEE2=-0.028 TEE3= 0.014  TEE4= 0.014
rank= 14 Lx=Ly=12 pg= 0.875 ids=  14 TEE1=-0.736 TEE2=-0.833 TEE3=-0.833  TEE4=-0.819
rank= 18 Lx=Ly=12 pg= 0.790 ids=  38 TEE1=-0.208 TEE2=-0.111 TEE3=-0.007  TEE4= 0.035
rank= 11 Lx=Ly=12 pg= 0.790 ids=  31 TEE1=-0.486 TEE2=-0.514 TEE3=-0.382  TEE4=-0.340
rank= 17 Lx=Ly=12 pg= 0.855 ids=  17 TEE1=-0.764 TEE2=-0.896 TEE3=-0.896  TEE4=-0.944
rank=  5 Lx=Ly=12 pg= 0.775 ids=  25 TEE1=-0.403 TEE2=-0.257 TEE3=-0.104  TEE4= 0.000
rank=  6 Lx=Ly=12 pg= 0.870 ids=   6 TEE1=-0.785 TEE2=-0.840 TEE3=-0.806  TEE4=-0.771
rank=  0 Lx=Ly=12 pg= 0.855 ids=   0 TEE1=-0.701 TEE2=-0.826 TEE3=-0.785  TEE4=-0.799
rank= 15 Lx=Ly=12 pg= 0.785 ids=  35 TEE1=-0.132 TEE2=-0.028 TEE3=-0.014  TEE4= 0.000
rank= 19 Lx=Ly=12 pg= 0.785 ids=  39 TEE1=-0.278 TEE2=-0.090 TEE3= 0.049  TEE4= 0.139
rank=  3 Lx=Ly=12 pg= 0.785 ids=  23 TEE1=-0.215 TEE2=-0.090 TEE3= 0.021  TEE4= 0.035
rank= 12 Lx=Ly=12 pg= 0.855 ids=  12 TEE1=-0.611 TEE2=-0.764 TEE3=-0.743  TEE4=-0.757
rank=  2 Lx=Ly=12 pg= 0.790 ids=  22 TEE1=-0.049 TEE2= 0.069 TEE3= 0.090  TEE4= 0.062
rank= 13 Lx=Ly=12 pg= 0.790 ids=  33 TEE1=-0.562 TEE2=-0.583 TEE3=-0.458  TEE4=-0.465
rank= 16 Lx=Ly=12 pg= 0.875 ids=  16 TEE1=-0.854 TEE2=-0.965 TEE3=-0.965  TEE4=-0.993
rank= 10 Lx=Ly=12 pg= 0.855 ids=  10 TEE1=-0.701 TEE2=-0.833 TEE3=-0.806  TEE4=-0.764
rank=  1 Lx=Ly=12 pg= 0.865 ids=   1 TEE1=-0.861 TEE2=-0.972 TEE3=-0.972  TEE4=-0.965
rank=  8 Lx=Ly=12 pg= 0.795 ids=  28 TEE1=-0.444 TEE2=-0.319 TEE3=-0.188  TEE4= 0.035
rank=  9 Lx=Ly=12 pg= 0.780 ids=  29 TEE1=-0.125 TEE2= 0.021 TEE3= 0.056  TEE4= 0.035
rank= 14 Lx=Ly=12 pg= 0.775 ids=  34 TEE1=-0.368 TEE2=-0.340 TEE3=-0.257  TEE4=-0.104
rank=  4 Lx=Ly=12 pg= 0.870 ids=   4 TEE1=-0.715 TEE2=-0.778 TEE3=-0.764  TEE4=-0.750
rank= 18 Lx=Ly=12 pg= 0.795 ids=  38 TEE1=-0.146 TEE2=-0.014 TEE3= 0.042  TEE4= 0.069
rank=  7 Lx=Ly=12 pg= 0.780 ids=  27 TEE1=-0.465 TEE2=-0.493 TEE3=-0.431  TEE4=-0.243
rank= 11 Lx=Ly=12 pg= 0.795 ids=  31 TEE1=-0.382 TEE2=-0.285 TEE3=-0.118  TEE4= 0.236
rank=  5 Lx=Ly=12 pg= 0.780 ids=  25 TEE1=-0.396 TEE2=-0.194 TEE3=-0.014  TEE4= 0.097
rank=  6 Lx=Ly=12 pg= 0.875 ids=   6 TEE1=-0.826 TEE2=-0.931 TEE3=-0.938  TEE4=-0.951
rank= 15 Lx=Ly=12 pg= 0.790 ids=  35 TEE1=-0.403 TEE2=-0.299 TEE3=-0.208  TEE4=-0.042
rank= 13 Lx=Ly=12 pg= 0.795 ids=  33 TEE1=-0.188 TEE2=-0.139 TEE3=-0.014  TEE4= 0.021
rank=  3 Lx=Ly=12 pg= 0.790 ids=  23 TEE1=-0.312 TEE2=-0.167 TEE3= 0.021  TEE4= 0.035
rank= 19 Lx=Ly=12 pg= 0.790 ids=  39 TEE1=-0.556 TEE2=-0.576 TEE3=-0.444  TEE4=-0.285
rank=  2 Lx=Ly=12 pg= 0.795 ids=  22 TEE1=-0.507 TEE2=-0.486 TEE3=-0.382  TEE4=-0.243
rank= 16 Lx=Ly=12 pg= 0.775 ids=  36 TEE1=-0.229 TEE2=-0.139 TEE3=-0.042  TEE4=-0.014
rank=  8 Lx=Ly=12 pg= 0.800 ids=  28 TEE1=-0.597 TEE2=-0.556 TEE3=-0.500  TEE4=-0.306
rank= 17 Lx=Ly=12 pg= 0.860 ids=  17 TEE1=-0.729 TEE2=-0.896 TEE3=-0.896  TEE4=-0.889
rank=  1 Lx=Ly=12 pg= 0.870 ids=   1 TEE1=-0.764 TEE2=-0.847 TEE3=-0.826  TEE4=-0.799
rank=  0 Lx=Ly=12 pg= 0.860 ids=   0 TEE1=-0.757 TEE2=-0.799 TEE3=-0.778  TEE4=-0.812
rank= 12 Lx=Ly=12 pg= 0.860 ids=  12 TEE1=-0.806 TEE2=-0.944 TEE3=-0.944  TEE4=-0.972
rank= 10 Lx=Ly=12 pg= 0.860 ids=  10 TEE1=-0.708 TEE2=-0.778 TEE3=-0.750  TEE4=-0.736
rank= 18 Lx=Ly=12 pg= 0.800 ids=  38 TEE1=-0.375 TEE2=-0.264 TEE3=-0.125  TEE4= 0.028
rank= 14 Lx=Ly=12 pg= 0.780 ids=  34 TEE1=-0.236 TEE2=-0.146 TEE3=-0.035  TEE4= 0.007
rank= 11 Lx=Ly=12 pg= 0.800 ids=  31 TEE1=-0.486 TEE2=-0.535 TEE3=-0.458  TEE4=-0.194
rank=  4 Lx=Ly=12 pg= 0.875 ids=   4 TEE1=-0.653 TEE2=-0.694 TEE3=-0.688  TEE4=-0.639
rank=  6 Lx=Ly=12 pg= 0.775 ids=  26 TEE1=-0.312 TEE2=-0.125 TEE3= 0.049  TEE4= 0.306
rank=  9 Lx=Ly=12 pg= 0.785 ids=  29 TEE1=-0.507 TEE2=-0.542 TEE3=-0.465  TEE4=-0.424
rank= 15 Lx=Ly=12 pg= 0.795 ids=  35 TEE1=-0.514 TEE2=-0.382 TEE3=-0.146  TEE4= 0.076
rank= 13 Lx=Ly=12 pg= 0.800 ids=  33 TEE1=-0.271 TEE2=-0.167 TEE3=-0.069  TEE4= 0.028
rank=  7 Lx=Ly=12 pg= 0.785 ids=  27 TEE1=-0.535 TEE2=-0.576 TEE3=-0.444  TEE4=-0.292
rank=  2 Lx=Ly=12 pg= 0.800 ids=  22 TEE1=-0.458 TEE2=-0.444 TEE3=-0.354  TEE4=-0.222
rank=  3 Lx=Ly=12 pg= 0.795 ids=  23 TEE1=-0.549 TEE2=-0.424 TEE3=-0.264  TEE4=-0.049
rank= 19 Lx=Ly=12 pg= 0.795 ids=  39 TEE1=-0.438 TEE2=-0.299 TEE3=-0.132  TEE4= 0.035
rank=  5 Lx=Ly=12 pg= 0.785 ids=  25 TEE1=-0.347 TEE2=-0.222 TEE3=-0.118  TEE4=-0.007
rank= 16 Lx=Ly=12 pg= 0.780 ids=  36 TEE1=-0.188 TEE2=-0.028 TEE3= 0.028  TEE4= 0.014
rank=  8 Lx=Ly=12 pg= 0.805 ids=  28 TEE1=-0.438 TEE2=-0.424 TEE3=-0.257  TEE4=-0.028
rank=  1 Lx=Ly=12 pg= 0.875 ids=   1 TEE1=-0.868 TEE2=-0.917 TEE3=-0.931  TEE4=-0.910
rank= 18 Lx=Ly=12 pg= 0.805 ids=  38 TEE1=-0.083 TEE2= 0.021 TEE3= 0.076  TEE4= 0.042
rank= 17 Lx=Ly=12 pg= 0.865 ids=  17 TEE1=-0.639 TEE2=-0.847 TEE3=-0.840  TEE4=-0.868
rank= 11 Lx=Ly=12 pg= 0.805 ids=  31 TEE1=-0.576 TEE2=-0.681 TEE3=-0.597  TEE4=-0.486
rank=  0 Lx=Ly=12 pg= 0.865 ids=   0 TEE1=-0.812 TEE2=-0.903 TEE3=-0.896  TEE4=-0.868
rank= 14 Lx=Ly=12 pg= 0.785 ids=  34 TEE1=-0.167 TEE2= 0.007 TEE3= 0.049  TEE4= 0.035
rank=  6 Lx=Ly=12 pg= 0.780 ids=  26 TEE1=-0.250 TEE2=-0.125 TEE3=-0.062  TEE4= 0.049
rank= 12 Lx=Ly=12 pg= 0.865 ids=  12 TEE1=-0.590 TEE2=-0.618 TEE3=-0.535  TEE4=-0.431
rank=  2 Lx=Ly=12 pg= 0.805 ids=  22 TEE1=-0.451 TEE2=-0.479 TEE3=-0.403  TEE4=-0.264
rank= 10 Lx=Ly=12 pg= 0.865 ids=  10 TEE1=-0.771 TEE2=-0.868 TEE3=-0.889  TEE4=-0.903
rank= 15 Lx=Ly=12 pg= 0.800 ids=  35 TEE1=-0.521 TEE2=-0.542 TEE3=-0.458  TEE4=-0.278
rank=  3 Lx=Ly=12 pg= 0.800 ids=  23 TEE1=-0.368 TEE2=-0.306 TEE3=-0.118  TEE4=-0.021
rank= 13 Lx=Ly=12 pg= 0.805 ids=  33 TEE1=-0.576 TEE2=-0.653 TEE3=-0.611  TEE4=-0.444
rank=  4 Lx=Ly=12 pg= 0.775 ids=  24 TEE1=-0.312 TEE2=-0.090 TEE3= 0.049  TEE4= 0.139
rank= 19 Lx=Ly=12 pg= 0.800 ids=  39 TEE1=-0.562 TEE2=-0.646 TEE3=-0.611  TEE4=-0.576
rank= 16 Lx=Ly=12 pg= 0.785 ids=  36 TEE1=-0.333 TEE2=-0.069 TEE3= 0.111  TEE4= 0.396
rank=  9 Lx=Ly=12 pg= 0.790 ids=  29 TEE1=-0.333 TEE2=-0.153 TEE3=-0.021  TEE4= 0.104
rank=  8 Lx=Ly=12 pg= 0.810 ids=  28 TEE1=-0.340 TEE2=-0.312 TEE3=-0.243  TEE4=-0.049
rank=  5 Lx=Ly=12 pg= 0.790 ids=  25 TEE1=-0.486 TEE2=-0.535 TEE3=-0.507  TEE4=-0.319
rank=  1 Lx=Ly=12 pg= 0.775 ids=  21 TEE1=-0.639 TEE2=-0.632 TEE3=-0.479  TEE4=-0.417
rank=  7 Lx=Ly=12 pg= 0.790 ids=  27 TEE1=-0.222 TEE2=-0.139 TEE3= 0.049  TEE4= 0.243
rank= 18 Lx=Ly=12 pg= 0.810 ids=  38 TEE1=-0.451 TEE2=-0.549 TEE3=-0.410  TEE4=-0.042
rank= 11 Lx=Ly=12 pg= 0.810 ids=  31 TEE1=-0.375 TEE2=-0.340 TEE3=-0.167  TEE4=-0.035
rank=  6 Lx=Ly=12 pg= 0.785 ids=  26 TEE1=-0.375 TEE2=-0.264 TEE3=-0.125  TEE4= 0.021
rank= 14 Lx=Ly=12 pg= 0.790 ids=  34 TEE1=-0.368 TEE2=-0.257 TEE3=-0.042  TEE4= 0.028
rank=  2 Lx=Ly=12 pg= 0.810 ids=  22 TEE1=-0.451 TEE2=-0.465 TEE3=-0.410  TEE4=-0.257
rank=  0 Lx=Ly=12 pg= 0.870 ids=   0 TEE1=-0.708 TEE2=-0.715 TEE3=-0.667  TEE4=-0.618
rank= 17 Lx=Ly=12 pg= 0.870 ids=  17 TEE1=-0.771 TEE2=-0.854 TEE3=-0.826  TEE4=-0.792
rank= 15 Lx=Ly=12 pg= 0.805 ids=  35 TEE1=-0.292 TEE2=-0.118 TEE3= 0.111  TEE4= 0.312
rank=  3 Lx=Ly=12 pg= 0.805 ids=  23 TEE1=-0.382 TEE2=-0.347 TEE3=-0.215  TEE4=-0.118
rank= 13 Lx=Ly=12 pg= 0.810 ids=  33 TEE1=-0.486 TEE2=-0.431 TEE3=-0.333  TEE4=-0.208
rank= 16 Lx=Ly=12 pg= 0.790 ids=  36 TEE1=-0.319 TEE2=-0.083 TEE3= 0.118  TEE4= 0.111
rank= 19 Lx=Ly=12 pg= 0.805 ids=  39 TEE1=-0.375 TEE2=-0.361 TEE3=-0.250  TEE4=-0.104
rank= 12 Lx=Ly=12 pg= 0.870 ids=  12 TEE1=-0.646 TEE2=-0.743 TEE3=-0.750  TEE4=-0.715
rank=  8 Lx=Ly=12 pg= 0.815 ids=  28 TEE1=-0.451 TEE2=-0.354 TEE3=-0.229  TEE4=-0.083
rank=  4 Lx=Ly=12 pg= 0.780 ids=  24 TEE1=-0.090 TEE2= 0.007 TEE3= 0.007  TEE4= 0.007
rank= 10 Lx=Ly=12 pg= 0.870 ids=  10 TEE1=-0.812 TEE2=-0.833 TEE3=-0.799  TEE4=-0.785
rank=  1 Lx=Ly=12 pg= 0.780 ids=  21 TEE1=-0.410 TEE2=-0.285 TEE3=-0.153  TEE4= 0.014
rank= 18 Lx=Ly=12 pg= 0.815 ids=  38 TEE1=-0.507 TEE2=-0.493 TEE3=-0.424  TEE4=-0.299
rank= 11 Lx=Ly=12 pg= 0.815 ids=  31 TEE1=-0.479 TEE2=-0.208 TEE3=-0.042  TEE4= 0.049
rank=  9 Lx=Ly=12 pg= 0.795 ids=  29 TEE1=-0.521 TEE2=-0.479 TEE3=-0.403  TEE4=-0.146
rank=  6 Lx=Ly=12 pg= 0.790 ids=  26 TEE1=-0.285 TEE2=-0.222 TEE3=-0.062  TEE4= 0.132
rank=  5 Lx=Ly=12 pg= 0.795 ids=  25 TEE1=-0.458 TEE2=-0.493 TEE3=-0.382  TEE4=-0.271
rank=  7 Lx=Ly=12 pg= 0.795 ids=  27 TEE1=-0.396 TEE2=-0.188 TEE3=-0.028  TEE4= 0.229
rank=  2 Lx=Ly=12 pg= 0.815 ids=  22 TEE1=-0.493 TEE2=-0.417 TEE3=-0.278  TEE4=-0.118
rank= 14 Lx=Ly=12 pg= 0.795 ids=  34 TEE1=-0.493 TEE2=-0.472 TEE3=-0.333  TEE4=-0.194
rank= 15 Lx=Ly=12 pg= 0.810 ids=  35 TEE1=-0.597 TEE2=-0.674 TEE3=-0.611  TEE4=-0.375
rank= 13 Lx=Ly=12 pg= 0.815 ids=  33 TEE1=-0.514 TEE2=-0.465 TEE3=-0.389  TEE4=-0.312
rank=  3 Lx=Ly=12 pg= 0.810 ids=  23 TEE1=-0.569 TEE2=-0.514 TEE3=-0.382  TEE4=-0.118
rank= 16 Lx=Ly=12 pg= 0.795 ids=  36 TEE1=-0.312 TEE2=-0.146 TEE3= 0.014  TEE4= 0.153
rank=  8 Lx=Ly=12 pg= 0.820 ids=  28 TEE1=-0.715 TEE2=-0.799 TEE3=-0.771  TEE4=-0.743
rank= 19 Lx=Ly=12 pg= 0.810 ids=  39 TEE1=-0.542 TEE2=-0.583 TEE3=-0.472  TEE4=-0.285
rank=  1 Lx=Ly=12 pg= 0.785 ids=  21 TEE1= 0.090 TEE2= 0.083 TEE3= 0.090  TEE4= 0.049
rank= 17 Lx=Ly=12 pg= 0.875 ids=  17 TEE1=-0.688 TEE2=-0.812 TEE3=-0.819  TEE4=-0.868
rank=  0 Lx=Ly=12 pg= 0.875 ids=   0 TEE1=-0.743 TEE2=-0.847 TEE3=-0.812  TEE4=-0.785
rank=  4 Lx=Ly=12 pg= 0.785 ids=  24 TEE1=-0.181 TEE2=-0.090 TEE3= 0.000  TEE4= 0.007
rank= 18 Lx=Ly=12 pg= 0.820 ids=  38 TEE1=-0.611 TEE2=-0.660 TEE3=-0.604  TEE4=-0.417
rank= 11 Lx=Ly=12 pg= 0.820 ids=  31 TEE1=-0.590 TEE2=-0.674 TEE3=-0.618  TEE4=-0.382
rank= 12 Lx=Ly=12 pg= 0.875 ids=  12 TEE1=-0.674 TEE2=-0.812 TEE3=-0.826  TEE4=-0.792
rank=  6 Lx=Ly=12 pg= 0.795 ids=  26 TEE1=-0.542 TEE2=-0.597 TEE3=-0.535  TEE4=-0.410
rank= 10 Lx=Ly=12 pg= 0.875 ids=  10 TEE1=-0.792 TEE2=-0.861 TEE3=-0.875  TEE4=-0.875
rank=  2 Lx=Ly=12 pg= 0.820 ids=  22 TEE1=-0.542 TEE2=-0.562 TEE3=-0.528  TEE4=-0.444
rank=  9 Lx=Ly=12 pg= 0.800 ids=  29 TEE1=-0.521 TEE2=-0.438 TEE3=-0.326  TEE4=-0.007
rank=  5 Lx=Ly=12 pg= 0.800 ids=  25 TEE1=-0.583 TEE2=-0.639 TEE3=-0.535  TEE4=-0.368
rank= 15 Lx=Ly=12 pg= 0.815 ids=  35 TEE1=-0.590 TEE2=-0.597 TEE3=-0.507  TEE4=-0.347
rank=  7 Lx=Ly=12 pg= 0.800 ids=  27 TEE1=-0.410 TEE2=-0.243 TEE3=-0.118  TEE4=-0.069
rank= 13 Lx=Ly=12 pg= 0.820 ids=  33 TEE1=-0.451 TEE2=-0.486 TEE3=-0.417  TEE4=-0.236
rank=  3 Lx=Ly=12 pg= 0.815 ids=  23 TEE1=-0.576 TEE2=-0.632 TEE3=-0.604  TEE4=-0.465
rank=  8 Lx=Ly=12 pg= 0.825 ids=  28 TEE1=-0.542 TEE2=-0.660 TEE3=-0.646  TEE4=-0.535
rank= 16 Lx=Ly=12 pg= 0.800 ids=  36 TEE1=-0.424 TEE2=-0.236 TEE3=-0.062  TEE4= 0.007
rank= 19 Lx=Ly=12 pg= 0.815 ids=  39 TEE1=-0.292 TEE2=-0.243 TEE3=-0.167  TEE4= 0.021
rank= 14 Lx=Ly=12 pg= 0.800 ids=  34 TEE1=-0.444 TEE2=-0.368 TEE3=-0.292  TEE4=-0.062
rank=  1 Lx=Ly=12 pg= 0.790 ids=  21 TEE1=-0.479 TEE2=-0.292 TEE3=-0.153  TEE4=-0.042
rank= 18 Lx=Ly=12 pg= 0.825 ids=  38 TEE1=-0.583 TEE2=-0.625 TEE3=-0.597  TEE4=-0.479
rank=  4 Lx=Ly=12 pg= 0.790 ids=  24 TEE1=-0.181 TEE2=-0.083 TEE3=-0.021  TEE4= 0.007
rank= 11 Lx=Ly=12 pg= 0.825 ids=  31 TEE1=-0.646 TEE2=-0.729 TEE3=-0.639  TEE4=-0.562
rank=  6 Lx=Ly=12 pg= 0.800 ids=  26 TEE1=-0.500 TEE2=-0.618 TEE3=-0.597  TEE4=-0.479
rank= 17 Lx=Ly=12 pg= 0.775 ids=  37 TEE1=-0.188 TEE2=-0.076 TEE3= 0.014  TEE4= 0.132
rank=  0 Lx=Ly=12 pg= 0.775 ids=  20 TEE1=-0.118 TEE2=-0.014 TEE3= 0.083  TEE4= 0.132
rank=  2 Lx=Ly=12 pg= 0.825 ids=  22 TEE1=-0.722 TEE2=-0.750 TEE3=-0.764  TEE4=-0.708
rank= 12 Lx=Ly=12 pg= 0.775 ids=  32 TEE1=-0.306 TEE2=-0.222 TEE3=-0.035  TEE4= 0.194
rank=  5 Lx=Ly=12 pg= 0.805 ids=  25 TEE1=-0.549 TEE2=-0.556 TEE3=-0.410  TEE4=-0.264
rank= 10 Lx=Ly=12 pg= 0.775 ids=  30 TEE1=-0.403 TEE2=-0.451 TEE3=-0.424  TEE4=-0.125
rank=  8 Lx=Ly=12 pg= 0.830 ids=  28 TEE1=-0.521 TEE2=-0.535 TEE3=-0.410  TEE4=-0.292
rank= 13 Lx=Ly=12 pg= 0.825 ids=  33 TEE1=-0.611 TEE2=-0.722 TEE3=-0.667  TEE4=-0.590
rank=  3 Lx=Ly=12 pg= 0.820 ids=  23 TEE1=-0.562 TEE2=-0.597 TEE3=-0.521  TEE4=-0.354
rank= 19 Lx=Ly=12 pg= 0.820 ids=  39 TEE1=-0.535 TEE2=-0.507 TEE3=-0.382  TEE4=-0.174
rank= 16 Lx=Ly=12 pg= 0.805 ids=  36 TEE1=-0.604 TEE2=-0.444 TEE3=-0.278  TEE4=-0.139
rank=  9 Lx=Ly=12 pg= 0.805 ids=  29 TEE1=-0.486 TEE2=-0.396 TEE3=-0.340  TEE4=-0.271
rank=  1 Lx=Ly=12 pg= 0.795 ids=  21 TEE1=-0.396 TEE2=-0.250 TEE3=-0.132  TEE4= 0.174
rank= 15 Lx=Ly=12 pg= 0.820 ids=  35 TEE1=-0.653 TEE2=-0.667 TEE3=-0.590  TEE4=-0.458
rank= 18 Lx=Ly=12 pg= 0.830 ids=  38 TEE1=-0.618 TEE2=-0.646 TEE3=-0.562  TEE4=-0.354
rank= 11 Lx=Ly=12 pg= 0.830 ids=  31 TEE1=-0.708 TEE2=-0.771 TEE3=-0.729  TEE4=-0.722
rank=  4 Lx=Ly=12 pg= 0.795 ids=  24 TEE1=-0.444 TEE2=-0.576 TEE3=-0.528  TEE4=-0.472
rank=  7 Lx=Ly=12 pg= 0.805 ids=  27 TEE1=-0.507 TEE2=-0.507 TEE3=-0.361  TEE4=-0.125
rank=  6 Lx=Ly=12 pg= 0.805 ids=  26 TEE1=-0.375 TEE2=-0.132 TEE3=-0.021  TEE4= 0.104
rank= 17 Lx=Ly=12 pg= 0.780 ids=  37 TEE1=-0.479 TEE2=-0.389 TEE3=-0.285  TEE4=-0.090
rank= 14 Lx=Ly=12 pg= 0.805 ids=  34 TEE1=-0.549 TEE2=-0.562 TEE3=-0.486  TEE4=-0.333
rank=  2 Lx=Ly=12 pg= 0.830 ids=  22 TEE1=-0.701 TEE2=-0.743 TEE3=-0.701  TEE4=-0.632
rank=  5 Lx=Ly=12 pg= 0.810 ids=  25 TEE1=-0.514 TEE2=-0.479 TEE3=-0.438  TEE4=-0.236
rank=  8 Lx=Ly=12 pg= 0.835 ids=  28 TEE1=-0.667 TEE2=-0.868 TEE3=-0.882  TEE4=-0.924
rank=  0 Lx=Ly=12 pg= 0.780 ids=  20 TEE1=-0.090 TEE2= 0.028 TEE3= 0.188  TEE4= 0.444
rank= 13 Lx=Ly=12 pg= 0.830 ids=  33 TEE1=-0.694 TEE2=-0.826 TEE3=-0.778  TEE4=-0.819
rank=  3 Lx=Ly=12 pg= 0.825 ids=  23 TEE1=-0.688 TEE2=-0.715 TEE3=-0.667  TEE4=-0.576
rank= 19 Lx=Ly=12 pg= 0.825 ids=  39 TEE1=-0.312 TEE2=-0.257 TEE3=-0.146  TEE4= 0.090
rank= 12 Lx=Ly=12 pg= 0.780 ids=  32 TEE1=-0.271 TEE2=-0.125 TEE3=-0.014  TEE4= 0.021
rank= 11 Lx=Ly=12 pg= 0.835 ids=  31 TEE1=-0.653 TEE2=-0.681 TEE3=-0.667  TEE4=-0.569
rank= 18 Lx=Ly=12 pg= 0.835 ids=  38 TEE1=-0.736 TEE2=-0.847 TEE3=-0.840  TEE4=-0.875
rank= 10 Lx=Ly=12 pg= 0.780 ids=  30 TEE1=-0.382 TEE2=-0.250 TEE3=-0.139  TEE4=-0.007
rank=  1 Lx=Ly=12 pg= 0.800 ids=  21 TEE1=-0.556 TEE2=-0.611 TEE3=-0.562  TEE4=-0.306
rank=  6 Lx=Ly=12 pg= 0.810 ids=  26 TEE1=-0.396 TEE2=-0.347 TEE3=-0.215  TEE4= 0.014
rank= 16 Lx=Ly=12 pg= 0.810 ids=  36 TEE1=-0.576 TEE2=-0.604 TEE3=-0.583  TEE4=-0.451
rank=  4 Lx=Ly=12 pg= 0.800 ids=  24 TEE1=-0.382 TEE2=-0.278 TEE3=-0.132  TEE4= 0.069
rank=  9 Lx=Ly=12 pg= 0.810 ids=  29 TEE1=-0.576 TEE2=-0.590 TEE3=-0.549  TEE4=-0.271
rank= 17 Lx=Ly=12 pg= 0.785 ids=  37 TEE1=-0.403 TEE2=-0.174 TEE3= 0.021  TEE4= 0.153
rank= 15 Lx=Ly=12 pg= 0.825 ids=  35 TEE1=-0.646 TEE2=-0.708 TEE3=-0.688  TEE4=-0.660
rank=  2 Lx=Ly=12 pg= 0.835 ids=  22 TEE1=-0.729 TEE2=-0.826 TEE3=-0.799  TEE4=-0.771
rank=  7 Lx=Ly=12 pg= 0.810 ids=  27 TEE1=-0.396 TEE2=-0.389 TEE3=-0.236  TEE4=-0.097
rank= 14 Lx=Ly=12 pg= 0.810 ids=  34 TEE1=-0.424 TEE2=-0.500 TEE3=-0.410  TEE4=-0.174
rank=  5 Lx=Ly=12 pg= 0.815 ids=  25 TEE1=-0.410 TEE2=-0.333 TEE3=-0.243  TEE4= 0.028
rank=  8 Lx=Ly=12 pg= 0.840 ids=  28 TEE1=-0.528 TEE2=-0.556 TEE3=-0.528  TEE4=-0.472
rank= 13 Lx=Ly=12 pg= 0.835 ids=  33 TEE1=-0.667 TEE2=-0.660 TEE3=-0.646  TEE4=-0.514
rank=  3 Lx=Ly=12 pg= 0.830 ids=  23 TEE1=-0.542 TEE2=-0.562 TEE3=-0.514  TEE4=-0.361
rank= 19 Lx=Ly=12 pg= 0.830 ids=  39 TEE1=-0.514 TEE2=-0.590 TEE3=-0.583  TEE4=-0.576
rank= 18 Lx=Ly=12 pg= 0.840 ids=  38 TEE1=-0.653 TEE2=-0.750 TEE3=-0.722  TEE4=-0.736
rank= 11 Lx=Ly=12 pg= 0.840 ids=  31 TEE1=-0.736 TEE2=-0.840 TEE3=-0.840  TEE4=-0.799
rank=  0 Lx=Ly=12 pg= 0.785 ids=  20 TEE1=-0.271 TEE2=-0.229 TEE3=-0.174  TEE4=-0.069
rank=  1 Lx=Ly=12 pg= 0.805 ids=  21 TEE1=-0.632 TEE2=-0.667 TEE3=-0.653  TEE4=-0.583
rank=  6 Lx=Ly=12 pg= 0.815 ids=  26 TEE1=-0.660 TEE2=-0.743 TEE3=-0.694  TEE4=-0.688
rank= 12 Lx=Ly=12 pg= 0.785 ids=  32 TEE1=-0.347 TEE2=-0.222 TEE3=-0.125  TEE4= 0.062
rank= 17 Lx=Ly=12 pg= 0.790 ids=  37 TEE1=-0.146 TEE2= 0.014 TEE3= 0.076  TEE4= 0.056
rank=  4 Lx=Ly=12 pg= 0.805 ids=  24 TEE1=-0.542 TEE2=-0.528 TEE3=-0.444  TEE4=-0.299
rank=  2 Lx=Ly=12 pg= 0.840 ids=  22 TEE1=-0.708 TEE2=-0.826 TEE3=-0.826  TEE4=-0.833
rank= 10 Lx=Ly=12 pg= 0.785 ids=  30 TEE1=-0.340 TEE2=-0.208 TEE3=-0.035  TEE4= 0.021
rank= 16 Lx=Ly=12 pg= 0.815 ids=  36 TEE1=-0.479 TEE2=-0.507 TEE3=-0.438  TEE4=-0.299
rank=  8 Lx=Ly=12 pg= 0.845 ids=  28 TEE1=-0.646 TEE2=-0.701 TEE3=-0.694  TEE4=-0.639
rank=  5 Lx=Ly=12 pg= 0.820 ids=  25 TEE1=-0.660 TEE2=-0.674 TEE3=-0.604  TEE4=-0.542
rank= 15 Lx=Ly=12 pg= 0.830 ids=  35 TEE1=-0.590 TEE2=-0.681 TEE3=-0.639  TEE4=-0.590
rank= 14 Lx=Ly=12 pg= 0.815 ids=  34 TEE1=-0.611 TEE2=-0.639 TEE3=-0.639  TEE4=-0.576
rank=  9 Lx=Ly=12 pg= 0.815 ids=  29 TEE1=-0.632 TEE2=-0.660 TEE3=-0.576  TEE4=-0.465
rank= 13 Lx=Ly=12 pg= 0.840 ids=  33 TEE1=-0.681 TEE2=-0.729 TEE3=-0.694  TEE4=-0.653
rank=  7 Lx=Ly=12 pg= 0.815 ids=  27 TEE1=-0.361 TEE2=-0.236 TEE3=-0.167  TEE4=-0.069
rank=  3 Lx=Ly=12 pg= 0.835 ids=  23 TEE1=-0.653 TEE2=-0.694 TEE3=-0.639  TEE4=-0.590
rank= 19 Lx=Ly=12 pg= 0.835 ids=  39 TEE1=-0.611 TEE2=-0.667 TEE3=-0.625  TEE4=-0.500
rank= 18 Lx=Ly=12 pg= 0.845 ids=  38 TEE1=-0.667 TEE2=-0.799 TEE3=-0.785  TEE4=-0.750
rank= 11 Lx=Ly=12 pg= 0.845 ids=  31 TEE1=-0.667 TEE2=-0.736 TEE3=-0.715  TEE4=-0.694
rank=  6 Lx=Ly=12 pg= 0.820 ids=  26 TEE1=-0.618 TEE2=-0.667 TEE3=-0.639  TEE4=-0.493
rank=  1 Lx=Ly=12 pg= 0.810 ids=  21 TEE1=-0.528 TEE2=-0.493 TEE3=-0.382  TEE4=-0.194
rank=  0 Lx=Ly=12 pg= 0.790 ids=  20 TEE1=-0.319 TEE2=-0.167 TEE3=-0.076  TEE4= 0.035
rank= 17 Lx=Ly=12 pg= 0.795 ids=  37 TEE1=-0.410 TEE2=-0.382 TEE3=-0.312  TEE4=-0.076
rank=  2 Lx=Ly=12 pg= 0.845 ids=  22 TEE1=-0.708 TEE2=-0.778 TEE3=-0.743  TEE4=-0.611
rank= 12 Lx=Ly=12 pg= 0.790 ids=  32 TEE1=-0.312 TEE2=-0.174 TEE3=-0.028  TEE4= 0.056
rank=  8 Lx=Ly=12 pg= 0.850 ids=  28 TEE1=-0.646 TEE2=-0.681 TEE3=-0.618  TEE4=-0.486
rank=  4 Lx=Ly=12 pg= 0.810 ids=  24 TEE1=-0.382 TEE2=-0.333 TEE3=-0.174  TEE4= 0.000
rank=  5 Lx=Ly=12 pg= 0.825 ids=  25 TEE1=-0.646 TEE2=-0.667 TEE3=-0.625  TEE4=-0.549
rank= 10 Lx=Ly=12 pg= 0.790 ids=  30 TEE1=-0.312 TEE2=-0.174 TEE3=-0.069  TEE4= 0.104
rank= 14 Lx=Ly=12 pg= 0.820 ids=  34 TEE1=-0.444 TEE2=-0.410 TEE3=-0.333  TEE4=-0.257
rank= 13 Lx=Ly=12 pg= 0.845 ids=  33 TEE1=-0.701 TEE2=-0.806 TEE3=-0.771  TEE4=-0.722
rank=  3 Lx=Ly=12 pg= 0.840 ids=  23 TEE1=-0.604 TEE2=-0.667 TEE3=-0.639  TEE4=-0.507
rank= 16 Lx=Ly=12 pg= 0.820 ids=  36 TEE1=-0.604 TEE2=-0.660 TEE3=-0.590  TEE4=-0.472
rank=  7 Lx=Ly=12 pg= 0.820 ids=  27 TEE1=-0.500 TEE2=-0.562 TEE3=-0.528  TEE4=-0.500
rank= 18 Lx=Ly=12 pg= 0.850 ids=  38 TEE1=-0.639 TEE2=-0.750 TEE3=-0.660  TEE4=-0.632
rank= 19 Lx=Ly=12 pg= 0.840 ids=  39 TEE1=-0.660 TEE2=-0.701 TEE3=-0.674  TEE4=-0.653
rank=  6 Lx=Ly=12 pg= 0.825 ids=  26 TEE1=-0.403 TEE2=-0.403 TEE3=-0.278  TEE4=-0.146
rank= 11 Lx=Ly=12 pg= 0.850 ids=  31 TEE1=-0.701 TEE2=-0.757 TEE3=-0.736  TEE4=-0.653
rank= 15 Lx=Ly=12 pg= 0.835 ids=  35 TEE1=-0.625 TEE2=-0.681 TEE3=-0.660  TEE4=-0.722
rank=  9 Lx=Ly=12 pg= 0.820 ids=  29 TEE1=-0.597 TEE2=-0.611 TEE3=-0.472  TEE4=-0.285
rank=  1 Lx=Ly=12 pg= 0.815 ids=  21 TEE1=-0.535 TEE2=-0.514 TEE3=-0.507  TEE4=-0.549
rank= 17 Lx=Ly=12 pg= 0.800 ids=  37 TEE1=-0.562 TEE2=-0.528 TEE3=-0.361  TEE4=-0.292
rank=  2 Lx=Ly=12 pg= 0.850 ids=  22 TEE1=-0.736 TEE2=-0.875 TEE3=-0.882  TEE4=-0.903
rank=  8 Lx=Ly=12 pg= 0.855 ids=  28 TEE1=-0.847 TEE2=-0.944 TEE3=-0.958  TEE4=-0.972
rank=  0 Lx=Ly=12 pg= 0.795 ids=  20 TEE1=-0.069 TEE2= 0.076 TEE3= 0.201  TEE4= 0.250
rank=  3 Lx=Ly=12 pg= 0.845 ids=  23 TEE1=-0.646 TEE2=-0.715 TEE3=-0.681  TEE4=-0.639
rank= 13 Lx=Ly=12 pg= 0.850 ids=  33 TEE1=-0.535 TEE2=-0.604 TEE3=-0.556  TEE4=-0.382
rank=  7 Lx=Ly=12 pg= 0.825 ids=  27 TEE1=-0.278 TEE2=-0.104 TEE3= 0.111  TEE4= 0.285
rank= 14 Lx=Ly=12 pg= 0.825 ids=  34 TEE1=-0.458 TEE2=-0.479 TEE3=-0.458  TEE4=-0.354
rank= 18 Lx=Ly=12 pg= 0.855 ids=  38 TEE1=-0.715 TEE2=-0.729 TEE3=-0.694  TEE4=-0.667
rank=  4 Lx=Ly=12 pg= 0.815 ids=  24 TEE1=-0.486 TEE2=-0.257 TEE3=-0.104  TEE4= 0.000
rank= 12 Lx=Ly=12 pg= 0.795 ids=  32 TEE1=-0.417 TEE2=-0.264 TEE3=-0.083  TEE4= 0.083
rank=  6 Lx=Ly=12 pg= 0.830 ids=  26 TEE1=-0.569 TEE2=-0.625 TEE3=-0.590  TEE4=-0.389
rank= 19 Lx=Ly=12 pg= 0.845 ids=  39 TEE1=-0.722 TEE2=-0.812 TEE3=-0.819  TEE4=-0.771
rank= 11 Lx=Ly=12 pg= 0.855 ids=  31 TEE1=-0.729 TEE2=-0.771 TEE3=-0.757  TEE4=-0.715
rank= 10 Lx=Ly=12 pg= 0.795 ids=  30 TEE1=-0.465 TEE2=-0.326 TEE3=-0.125  TEE4= 0.139
rank=  5 Lx=Ly=12 pg= 0.830 ids=  25 TEE1=-0.764 TEE2=-0.889 TEE3=-0.910  TEE4=-0.938
rank=  1 Lx=Ly=12 pg= 0.820 ids=  21 TEE1=-0.667 TEE2=-0.708 TEE3=-0.674  TEE4=-0.625
rank= 16 Lx=Ly=12 pg= 0.825 ids=  36 TEE1=-0.535 TEE2=-0.632 TEE3=-0.611  TEE4=-0.521
rank= 17 Lx=Ly=12 pg= 0.805 ids=  37 TEE1=-0.535 TEE2=-0.618 TEE3=-0.583  TEE4=-0.542
rank=  2 Lx=Ly=12 pg= 0.855 ids=  22 TEE1=-0.764 TEE2=-0.868 TEE3=-0.868  TEE4=-0.799
rank= 15 Lx=Ly=12 pg= 0.840 ids=  35 TEE1=-0.667 TEE2=-0.757 TEE3=-0.764  TEE4=-0.674
rank=  9 Lx=Ly=12 pg= 0.825 ids=  29 TEE1=-0.639 TEE2=-0.750 TEE3=-0.715  TEE4=-0.785
rank=  8 Lx=Ly=12 pg= 0.860 ids=  28 TEE1=-0.688 TEE2=-0.833 TEE3=-0.847  TEE4=-0.861
rank=  3 Lx=Ly=12 pg= 0.850 ids=  23 TEE1=-0.694 TEE2=-0.799 TEE3=-0.799  TEE4=-0.750
rank= 13 Lx=Ly=12 pg= 0.855 ids=  33 TEE1=-0.778 TEE2=-0.833 TEE3=-0.840  TEE4=-0.889
rank=  7 Lx=Ly=12 pg= 0.830 ids=  27 TEE1=-0.667 TEE2=-0.764 TEE3=-0.729  TEE4=-0.764
rank= 18 Lx=Ly=12 pg= 0.860 ids=  38 TEE1=-0.792 TEE2=-0.938 TEE3=-0.938  TEE4=-0.958
rank=  0 Lx=Ly=12 pg= 0.800 ids=  20 TEE1=-0.569 TEE2=-0.521 TEE3=-0.431  TEE4=-0.104
rank=  6 Lx=Ly=12 pg= 0.835 ids=  26 TEE1=-0.611 TEE2=-0.653 TEE3=-0.653  TEE4=-0.618
rank=  4 Lx=Ly=12 pg= 0.820 ids=  24 TEE1=-0.583 TEE2=-0.542 TEE3=-0.472  TEE4=-0.354
rank= 19 Lx=Ly=12 pg= 0.850 ids=  39 TEE1=-0.660 TEE2=-0.785 TEE3=-0.778  TEE4=-0.681
rank= 11 Lx=Ly=12 pg= 0.860 ids=  31 TEE1=-0.771 TEE2=-0.910 TEE3=-0.889  TEE4=-0.840
rank= 14 Lx=Ly=12 pg= 0.830 ids=  34 TEE1=-0.389 TEE2=-0.306 TEE3=-0.208  TEE4=-0.069
rank=  1 Lx=Ly=12 pg= 0.825 ids=  21 TEE1=-0.486 TEE2=-0.451 TEE3=-0.375  TEE4=-0.062
rank= 12 Lx=Ly=12 pg= 0.800 ids=  32 TEE1=-0.285 TEE2=-0.118 TEE3= 0.000  TEE4= 0.007
rank=  5 Lx=Ly=12 pg= 0.835 ids=  25 TEE1=-0.604 TEE2=-0.618 TEE3=-0.528  TEE4=-0.403
rank= 17 Lx=Ly=12 pg= 0.810 ids=  37 TEE1=-0.583 TEE2=-0.590 TEE3=-0.542  TEE4=-0.347
rank=  2 Lx=Ly=12 pg= 0.860 ids=  22 TEE1=-0.688 TEE2=-0.764 TEE3=-0.771  TEE4=-0.799
rank= 10 Lx=Ly=12 pg= 0.800 ids=  30 TEE1=-0.618 TEE2=-0.639 TEE3=-0.549  TEE4=-0.396
rank=  8 Lx=Ly=12 pg= 0.865 ids=  28 TEE1=-0.812 TEE2=-0.958 TEE3=-0.958  TEE4=-0.979
rank= 16 Lx=Ly=12 pg= 0.830 ids=  36 TEE1=-0.583 TEE2=-0.597 TEE3=-0.535  TEE4=-0.424
rank=  3 Lx=Ly=12 pg= 0.855 ids=  23 TEE1=-0.750 TEE2=-0.903 TEE3=-0.896  TEE4=-0.882
rank= 13 Lx=Ly=12 pg= 0.860 ids=  33 TEE1=-0.611 TEE2=-0.674 TEE3=-0.694  TEE4=-0.667
rank=  9 Lx=Ly=12 pg= 0.830 ids=  29 TEE1=-0.618 TEE2=-0.681 TEE3=-0.646  TEE4=-0.500
rank= 18 Lx=Ly=12 pg= 0.865 ids=  38 TEE1=-0.792 TEE2=-0.882 TEE3=-0.882  TEE4=-0.889
rank= 15 Lx=Ly=12 pg= 0.845 ids=  35 TEE1=-0.625 TEE2=-0.729 TEE3=-0.667  TEE4=-0.604
rank=  6 Lx=Ly=12 pg= 0.840 ids=  26 TEE1=-0.535 TEE2=-0.569 TEE3=-0.556  TEE4=-0.451
rank= 19 Lx=Ly=12 pg= 0.855 ids=  39 TEE1=-0.625 TEE2=-0.611 TEE3=-0.569  TEE4=-0.417
rank=  7 Lx=Ly=12 pg= 0.835 ids=  27 TEE1=-0.632 TEE2=-0.701 TEE3=-0.674  TEE4=-0.660
rank= 11 Lx=Ly=12 pg= 0.865 ids=  31 TEE1=-0.646 TEE2=-0.722 TEE3=-0.681  TEE4=-0.701
rank=  4 Lx=Ly=12 pg= 0.825 ids=  24 TEE1=-0.708 TEE2=-0.771 TEE3=-0.729  TEE4=-0.736
rank=  1 Lx=Ly=12 pg= 0.830 ids=  21 TEE1=-0.528 TEE2=-0.625 TEE3=-0.562  TEE4=-0.521
rank=  0 Lx=Ly=12 pg= 0.805 ids=  20 TEE1=-0.424 TEE2=-0.368 TEE3=-0.222  TEE4=-0.076
rank=  5 Lx=Ly=12 pg= 0.840 ids=  25 TEE1=-0.722 TEE2=-0.722 TEE3=-0.674  TEE4=-0.625
rank= 14 Lx=Ly=12 pg= 0.835 ids=  34 TEE1=-0.674 TEE2=-0.875 TEE3=-0.903  TEE4=-0.924
rank= 17 Lx=Ly=12 pg= 0.815 ids=  37 TEE1=-0.479 TEE2=-0.333 TEE3=-0.208  TEE4=-0.139
rank=  2 Lx=Ly=12 pg= 0.865 ids=  22 TEE1=-0.694 TEE2=-0.840 TEE3=-0.833  TEE4=-0.826
rank=  8 Lx=Ly=12 pg= 0.870 ids=  28 TEE1=-0.792 TEE2=-0.944 TEE3=-0.951  TEE4=-0.972
rank= 12 Lx=Ly=12 pg= 0.805 ids=  32 TEE1=-0.403 TEE2=-0.340 TEE3=-0.181  TEE4= 0.042
rank=  3 Lx=Ly=12 pg= 0.860 ids=  23 TEE1=-0.868 TEE2=-0.972 TEE3=-0.972  TEE4=-0.986
rank= 13 Lx=Ly=12 pg= 0.865 ids=  33 TEE1=-0.799 TEE2=-0.889 TEE3=-0.854  TEE4=-0.812
rank= 10 Lx=Ly=12 pg= 0.805 ids=  30 TEE1=-0.556 TEE2=-0.549 TEE3=-0.507  TEE4=-0.354
rank= 18 Lx=Ly=12 pg= 0.870 ids=  38 TEE1=-0.639 TEE2=-0.639 TEE3=-0.618  TEE4=-0.674
rank=  6 Lx=Ly=12 pg= 0.845 ids=  26 TEE1=-0.611 TEE2=-0.583 TEE3=-0.562  TEE4=-0.514
rank= 16 Lx=Ly=12 pg= 0.835 ids=  36 TEE1=-0.715 TEE2=-0.826 TEE3=-0.826  TEE4=-0.854
rank= 19 Lx=Ly=12 pg= 0.860 ids=  39 TEE1=-0.653 TEE2=-0.778 TEE3=-0.778  TEE4=-0.778
rank= 11 Lx=Ly=12 pg= 0.870 ids=  31 TEE1=-0.736 TEE2=-0.826 TEE3=-0.771  TEE4=-0.757
rank=  9 Lx=Ly=12 pg= 0.835 ids=  29 TEE1=-0.632 TEE2=-0.757 TEE3=-0.757  TEE4=-0.819
rank= 15 Lx=Ly=12 pg= 0.850 ids=  35 TEE1=-0.528 TEE2=-0.479 TEE3=-0.319  TEE4=-0.062
rank=  1 Lx=Ly=12 pg= 0.835 ids=  21 TEE1=-0.750 TEE2=-0.882 TEE3=-0.854  TEE4=-0.778
rank=  5 Lx=Ly=12 pg= 0.845 ids=  25 TEE1=-0.653 TEE2=-0.688 TEE3=-0.688  TEE4=-0.653
rank=  4 Lx=Ly=12 pg= 0.830 ids=  24 TEE1=-0.722 TEE2=-0.882 TEE3=-0.882  TEE4=-0.875
rank= 17 Lx=Ly=12 pg= 0.820 ids=  37 TEE1=-0.500 TEE2=-0.507 TEE3=-0.479  TEE4=-0.375
rank=  7 Lx=Ly=12 pg= 0.840 ids=  27 TEE1=-0.576 TEE2=-0.694 TEE3=-0.688  TEE4=-0.611
rank= 14 Lx=Ly=12 pg= 0.840 ids=  34 TEE1=-0.701 TEE2=-0.847 TEE3=-0.840  TEE4=-0.882
rank=  2 Lx=Ly=12 pg= 0.870 ids=  22 TEE1=-0.764 TEE2=-0.924 TEE3=-0.931  TEE4=-0.910
rank=  8 Lx=Ly=12 pg= 0.875 ids=  28 TEE1=-0.833 TEE2=-0.875 TEE3=-0.847  TEE4=-0.882
rank=  0 Lx=Ly=12 pg= 0.810 ids=  20 TEE1=-0.361 TEE2=-0.285 TEE3=-0.160  TEE4=-0.014
rank=  3 Lx=Ly=12 pg= 0.865 ids=  23 TEE1=-0.743 TEE2=-0.889 TEE3=-0.903  TEE4=-0.868
rank= 13 Lx=Ly=12 pg= 0.870 ids=  33 TEE1=-0.715 TEE2=-0.785 TEE3=-0.778  TEE4=-0.806
rank= 18 Lx=Ly=12 pg= 0.875 ids=  38 TEE1=-0.778 TEE2=-0.854 TEE3=-0.861  TEE4=-0.882
rank= 12 Lx=Ly=12 pg= 0.810 ids=  32 TEE1=-0.389 TEE2=-0.257 TEE3=-0.014  TEE4= 0.243
rank=  6 Lx=Ly=12 pg= 0.850 ids=  26 TEE1=-0.722 TEE2=-0.819 TEE3=-0.806  TEE4=-0.806
rank= 19 Lx=Ly=12 pg= 0.865 ids=  39 TEE1=-0.764 TEE2=-0.806 TEE3=-0.750  TEE4=-0.743
rank= 10 Lx=Ly=12 pg= 0.810 ids=  30 TEE1=-0.444 TEE2=-0.354 TEE3=-0.250  TEE4=-0.035
rank= 11 Lx=Ly=12 pg= 0.875 ids=  31 TEE1=-0.653 TEE2=-0.764 TEE3=-0.708  TEE4=-0.736
rank=  5 Lx=Ly=12 pg= 0.850 ids=  25 TEE1=-0.597 TEE2=-0.681 TEE3=-0.646  TEE4=-0.611
rank= 16 Lx=Ly=12 pg= 0.840 ids=  36 TEE1=-0.583 TEE2=-0.528 TEE3=-0.438  TEE4=-0.396
rank= 17 Lx=Ly=12 pg= 0.825 ids=  37 TEE1=-0.625 TEE2=-0.667 TEE3=-0.611  TEE4=-0.576
rank=  2 Lx=Ly=12 pg= 0.875 ids=  22 TEE1=-0.771 TEE2=-0.917 TEE3=-0.924  TEE4=-0.951
rank=  8 Lx=Ly=12 pg= 0.775 ids=  48 TEE1=-0.139 TEE2=-0.049 TEE3= 0.042  TEE4= 0.062
rank=  4 Lx=Ly=12 pg= 0.835 ids=  24 TEE1=-0.681 TEE2=-0.778 TEE3=-0.736  TEE4=-0.771
rank= 15 Lx=Ly=12 pg= 0.855 ids=  35 TEE1=-0.604 TEE2=-0.715 TEE3=-0.715  TEE4=-0.722
rank=  9 Lx=Ly=12 pg= 0.840 ids=  29 TEE1=-0.611 TEE2=-0.715 TEE3=-0.688  TEE4=-0.708
rank=  1 Lx=Ly=12 pg= 0.840 ids=  21 TEE1=-0.750 TEE2=-0.792 TEE3=-0.799  TEE4=-0.819
rank= 14 Lx=Ly=12 pg= 0.845 ids=  34 TEE1=-0.535 TEE2=-0.611 TEE3=-0.611  TEE4=-0.590
rank=  3 Lx=Ly=12 pg= 0.870 ids=  23 TEE1=-0.764 TEE2=-0.812 TEE3=-0.812  TEE4=-0.826
rank= 18 Lx=Ly=12 pg= 0.775 ids=  58 TEE1=-0.243 TEE2=-0.111 TEE3=-0.014  TEE4= 0.167
rank=  7 Lx=Ly=12 pg= 0.845 ids=  27 TEE1=-0.611 TEE2=-0.757 TEE3=-0.750  TEE4=-0.743
rank=  6 Lx=Ly=12 pg= 0.855 ids=  26 TEE1=-0.694 TEE2=-0.764 TEE3=-0.757  TEE4=-0.646
rank=  0 Lx=Ly=12 pg= 0.815 ids=  20 TEE1=-0.590 TEE2=-0.569 TEE3=-0.479  TEE4=-0.299
rank= 12 Lx=Ly=12 pg= 0.815 ids=  32 TEE1=-0.556 TEE2=-0.576 TEE3=-0.444  TEE4=-0.312
rank= 19 Lx=Ly=12 pg= 0.870 ids=  39 TEE1=-0.729 TEE2=-0.764 TEE3=-0.778  TEE4=-0.757
rank= 13 Lx=Ly=12 pg= 0.875 ids=  33 TEE1=-0.715 TEE2=-0.812 TEE3=-0.812  TEE4=-0.833
rank= 11 Lx=Ly=12 pg= 0.775 ids=  51 TEE1=-0.271 TEE2=-0.208 TEE3=-0.111  TEE4=-0.021
rank= 10 Lx=Ly=12 pg= 0.815 ids=  30 TEE1=-0.479 TEE2=-0.368 TEE3=-0.167  TEE4= 0.083
rank=  5 Lx=Ly=12 pg= 0.855 ids=  25 TEE1=-0.729 TEE2=-0.785 TEE3=-0.764  TEE4=-0.729
rank=  2 Lx=Ly=12 pg= 0.775 ids=  42 TEE1=-0.139 TEE2= 0.028 TEE3= 0.076  TEE4= 0.062
rank= 17 Lx=Ly=12 pg= 0.830 ids=  37 TEE1=-0.590 TEE2=-0.688 TEE3=-0.681  TEE4=-0.576
rank=  8 Lx=Ly=12 pg= 0.780 ids=  48 TEE1=-0.389 TEE2=-0.146 TEE3=-0.021  TEE4= 0.000
rank=  3 Lx=Ly=12 pg= 0.875 ids=  23 TEE1=-0.840 TEE2=-0.944 TEE3=-0.910  TEE4=-0.889
rank= 16 Lx=Ly=12 pg= 0.845 ids=  36 TEE1=-0.681 TEE2=-0.722 TEE3=-0.715  TEE4=-0.722
rank= 18 Lx=Ly=12 pg= 0.780 ids=  58 TEE1=-0.319 TEE2=-0.278 TEE3=-0.236  TEE4=-0.049
rank= 14 Lx=Ly=12 pg= 0.850 ids=  34 TEE1=-0.715 TEE2=-0.750 TEE3=-0.729  TEE4=-0.632
rank=  4 Lx=Ly=12 pg= 0.840 ids=  24 TEE1=-0.736 TEE2=-0.778 TEE3=-0.757  TEE4=-0.701
rank=  7 Lx=Ly=12 pg= 0.850 ids=  27 TEE1=-0.708 TEE2=-0.722 TEE3=-0.688  TEE4=-0.618
rank=  6 Lx=Ly=12 pg= 0.860 ids=  26 TEE1=-0.667 TEE2=-0.764 TEE3=-0.743  TEE4=-0.701
rank=  9 Lx=Ly=12 pg= 0.845 ids=  29 TEE1=-0.590 TEE2=-0.604 TEE3=-0.604  TEE4=-0.347
rank=  1 Lx=Ly=12 pg= 0.845 ids=  21 TEE1=-0.743 TEE2=-0.812 TEE3=-0.743  TEE4=-0.632
rank= 15 Lx=Ly=12 pg= 0.860 ids=  35 TEE1=-0.688 TEE2=-0.812 TEE3=-0.806  TEE4=-0.806
rank= 11 Lx=Ly=12 pg= 0.780 ids=  51 TEE1=-0.507 TEE2=-0.431 TEE3=-0.188  TEE4= 0.076
rank= 19 Lx=Ly=12 pg= 0.875 ids=  39 TEE1=-0.785 TEE2=-0.917 TEE3=-0.917  TEE4=-0.882
rank= 12 Lx=Ly=12 pg= 0.820 ids=  32 TEE1=-0.549 TEE2=-0.535 TEE3=-0.472  TEE4=-0.264
rank= 10 Lx=Ly=12 pg= 0.820 ids=  30 TEE1=-0.632 TEE2=-0.667 TEE3=-0.618  TEE4=-0.639
rank=  0 Lx=Ly=12 pg= 0.820 ids=  20 TEE1=-0.562 TEE2=-0.708 TEE3=-0.729  TEE4=-0.660
rank= 13 Lx=Ly=12 pg= 0.775 ids=  53 TEE1=-0.229 TEE2=-0.069 TEE3= 0.042  TEE4= 0.097
rank=  2 Lx=Ly=12 pg= 0.780 ids=  42 TEE1=-0.556 TEE2=-0.521 TEE3=-0.375  TEE4=-0.229
rank=  5 Lx=Ly=12 pg= 0.860 ids=  25 TEE1=-0.729 TEE2=-0.847 TEE3=-0.840  TEE4=-0.819
rank= 17 Lx=Ly=12 pg= 0.835 ids=  37 TEE1=-0.688 TEE2=-0.694 TEE3=-0.597  TEE4=-0.521
rank=  8 Lx=Ly=12 pg= 0.785 ids=  48 TEE1=-0.236 TEE2=-0.167 TEE3=-0.104  TEE4= 0.069
rank=  3 Lx=Ly=12 pg= 0.775 ids=  43 TEE1=-0.507 TEE2=-0.479 TEE3=-0.333  TEE4=-0.188
rank= 18 Lx=Ly=12 pg= 0.785 ids=  58 TEE1=-0.354 TEE2=-0.132 TEE3=-0.007  TEE4= 0.167
rank=  4 Lx=Ly=12 pg= 0.845 ids=  24 TEE1=-0.757 TEE2=-0.799 TEE3=-0.736  TEE4=-0.701
rank=  6 Lx=Ly=12 pg= 0.865 ids=  26 TEE1=-0.778 TEE2=-0.938 TEE3=-0.931  TEE4=-0.944
rank= 16 Lx=Ly=12 pg= 0.850 ids=  36 TEE1=-0.694 TEE2=-0.694 TEE3=-0.660  TEE4=-0.535
rank= 11 Lx=Ly=12 pg= 0.785 ids=  51 TEE1=-0.368 TEE2=-0.208 TEE3= 0.007  TEE4= 0.312
rank= 19 Lx=Ly=12 pg= 0.775 ids=  59 TEE1=-0.312 TEE2=-0.215 TEE3=-0.042  TEE4= 0.215
rank= 14 Lx=Ly=12 pg= 0.855 ids=  34 TEE1=-0.632 TEE2=-0.688 TEE3=-0.618  TEE4=-0.486
rank= 12 Lx=Ly=12 pg= 0.825 ids=  32 TEE1=-0.694 TEE2=-0.771 TEE3=-0.694  TEE4=-0.556
rank= 10 Lx=Ly=12 pg= 0.825 ids=  30 TEE1=-0.618 TEE2=-0.778 TEE3=-0.764  TEE4=-0.771
rank=  7 Lx=Ly=12 pg= 0.855 ids=  27 TEE1=-0.646 TEE2=-0.736 TEE3=-0.674  TEE4=-0.597
rank= 15 Lx=Ly=12 pg= 0.865 ids=  35 TEE1=-0.764 TEE2=-0.875 TEE3=-0.875  TEE4=-0.896
rank=  2 Lx=Ly=12 pg= 0.785 ids=  42 TEE1=-0.188 TEE2=-0.090 TEE3= 0.056  TEE4= 0.250
rank=  1 Lx=Ly=12 pg= 0.850 ids=  21 TEE1=-0.806 TEE2=-0.861 TEE3=-0.812  TEE4=-0.785
rank=  9 Lx=Ly=12 pg= 0.850 ids=  29 TEE1=-0.681 TEE2=-0.743 TEE3=-0.729  TEE4=-0.604
rank=  5 Lx=Ly=12 pg= 0.865 ids=  25 TEE1=-0.611 TEE2=-0.556 TEE3=-0.514  TEE4=-0.417
rank= 17 Lx=Ly=12 pg= 0.840 ids=  37 TEE1=-0.736 TEE2=-0.854 TEE3=-0.840  TEE4=-0.826
rank=  8 Lx=Ly=12 pg= 0.790 ids=  48 TEE1=-0.410 TEE2=-0.215 TEE3=-0.035  TEE4= 0.083
rank=  0 Lx=Ly=12 pg= 0.825 ids=  20 TEE1=-0.674 TEE2=-0.722 TEE3=-0.688  TEE4=-0.562
rank=  3 Lx=Ly=12 pg= 0.780 ids=  43 TEE1=-0.264 TEE2=-0.146 TEE3= 0.021  TEE4= 0.222
rank= 13 Lx=Ly=12 pg= 0.780 ids=  53 TEE1=-0.292 TEE2=-0.118 TEE3=-0.028  TEE4= 0.069
rank= 16 Lx=Ly=12 pg= 0.855 ids=  36 TEE1=-0.708 TEE2=-0.736 TEE3=-0.708  TEE4=-0.604
rank=  6 Lx=Ly=12 pg= 0.870 ids=  26 TEE1=-0.826 TEE2=-0.944 TEE3=-0.944  TEE4=-0.951
rank=  4 Lx=Ly=12 pg= 0.850 ids=  24 TEE1=-0.743 TEE2=-0.882 TEE3=-0.868  TEE4=-0.833
rank= 18 Lx=Ly=12 pg= 0.790 ids=  58 TEE1=-0.333 TEE2=-0.167 TEE3=-0.021  TEE4= 0.160
rank= 11 Lx=Ly=12 pg= 0.790 ids=  51 TEE1=-0.632 TEE2=-0.660 TEE3=-0.549  TEE4=-0.424
rank= 19 Lx=Ly=12 pg= 0.780 ids=  59 TEE1=-0.215 TEE2=-0.021 TEE3= 0.021  TEE4= 0.035
rank= 12 Lx=Ly=12 pg= 0.830 ids=  32 TEE1=-0.451 TEE2=-0.410 TEE3=-0.306  TEE4=-0.201
rank=  2 Lx=Ly=12 pg= 0.790 ids=  42 TEE1=-0.181 TEE2=-0.042 TEE3= 0.000  TEE4= 0.000
rank= 10 Lx=Ly=12 pg= 0.830 ids=  30 TEE1=-0.542 TEE2=-0.500 TEE3=-0.368  TEE4=-0.410
rank= 14 Lx=Ly=12 pg= 0.860 ids=  34 TEE1=-0.639 TEE2=-0.708 TEE3=-0.701  TEE4=-0.674
rank=  7 Lx=Ly=12 pg= 0.860 ids=  27 TEE1=-0.729 TEE2=-0.812 TEE3=-0.778  TEE4=-0.778
rank=  5 Lx=Ly=12 pg= 0.870 ids=  25 TEE1=-0.764 TEE2=-0.868 TEE3=-0.868  TEE4=-0.896
rank=  1 Lx=Ly=12 pg= 0.855 ids=  21 TEE1=-0.792 TEE2=-0.847 TEE3=-0.812  TEE4=-0.750
rank= 17 Lx=Ly=12 pg= 0.845 ids=  37 TEE1=-0.618 TEE2=-0.674 TEE3=-0.590  TEE4=-0.438
rank=  8 Lx=Ly=12 pg= 0.795 ids=  48 TEE1=-0.472 TEE2=-0.389 TEE3=-0.257  TEE4= 0.056
rank=  3 Lx=Ly=12 pg= 0.785 ids=  43 TEE1=-0.486 TEE2=-0.479 TEE3=-0.396  TEE4=-0.083
rank= 15 Lx=Ly=12 pg= 0.870 ids=  35 TEE1=-0.764 TEE2=-0.882 TEE3=-0.868  TEE4=-0.882
rank=  9 Lx=Ly=12 pg= 0.855 ids=  29 TEE1=-0.722 TEE2=-0.833 TEE3=-0.826  TEE4=-0.736
rank=  0 Lx=Ly=12 pg= 0.830 ids=  20 TEE1=-0.604 TEE2=-0.646 TEE3=-0.590  TEE4=-0.535
rank= 16 Lx=Ly=12 pg= 0.860 ids=  36 TEE1=-0.660 TEE2=-0.708 TEE3=-0.708  TEE4=-0.646
rank=  6 Lx=Ly=12 pg= 0.875 ids=  26 TEE1=-0.764 TEE2=-0.896 TEE3=-0.889  TEE4=-0.931
rank= 13 Lx=Ly=12 pg= 0.785 ids=  53 TEE1=-0.326 TEE2=-0.264 TEE3=-0.111  TEE4= 0.118
rank= 11 Lx=Ly=12 pg= 0.795 ids=  51 TEE1=-0.389 TEE2=-0.292 TEE3=-0.125  TEE4= 0.090
rank= 19 Lx=Ly=12 pg= 0.785 ids=  59 TEE1=-0.368 TEE2=-0.215 TEE3=-0.069  TEE4= 0.104
rank=  4 Lx=Ly=12 pg= 0.855 ids=  24 TEE1=-0.674 TEE2=-0.812 TEE3=-0.812  TEE4=-0.854
rank= 18 Lx=Ly=12 pg= 0.795 ids=  58 TEE1=-0.229 TEE2=-0.188 TEE3=-0.090  TEE4= 0.028
rank= 12 Lx=Ly=12 pg= 0.835 ids=  32 TEE1=-0.597 TEE2=-0.597 TEE3=-0.479  TEE4=-0.243
rank=  2 Lx=Ly=12 pg= 0.795 ids=  42 TEE1=-0.451 TEE2=-0.486 TEE3=-0.410  TEE4=-0.181
rank=  5 Lx=Ly=12 pg= 0.875 ids=  25 TEE1=-0.736 TEE2=-0.875 TEE3=-0.896  TEE4=-0.924
rank=  1 Lx=Ly=12 pg= 0.860 ids=  21 TEE1=-0.826 TEE2=-0.931 TEE3=-0.931  TEE4=-0.944
rank= 14 Lx=Ly=12 pg= 0.865 ids=  34 TEE1=-0.750 TEE2=-0.868 TEE3=-0.840  TEE4=-0.826
rank=  7 Lx=Ly=12 pg= 0.865 ids=  27 TEE1=-0.701 TEE2=-0.819 TEE3=-0.806  TEE4=-0.792
rank=  8 Lx=Ly=12 pg= 0.800 ids=  48 TEE1=-0.535 TEE2=-0.576 TEE3=-0.535  TEE4=-0.493
rank= 17 Lx=Ly=12 pg= 0.850 ids=  37 TEE1=-0.681 TEE2=-0.819 TEE3=-0.826  TEE4=-0.715
rank= 10 Lx=Ly=12 pg= 0.835 ids=  30 TEE1=-0.451 TEE2=-0.542 TEE3=-0.479  TEE4=-0.292
rank=  3 Lx=Ly=12 pg= 0.790 ids=  43 TEE1=-0.486 TEE2=-0.451 TEE3=-0.389  TEE4=-0.257
rank= 16 Lx=Ly=12 pg= 0.865 ids=  36 TEE1=-0.785 TEE2=-0.917 TEE3=-0.931  TEE4=-0.958
rank=  6 Lx=Ly=12 pg= 0.775 ids=  46 TEE1=-0.208 TEE2=-0.118 TEE3=-0.069  TEE4= 0.021
rank= 15 Lx=Ly=12 pg= 0.875 ids=  35 TEE1=-0.854 TEE2=-0.938 TEE3=-0.944  TEE4=-0.958
rank= 11 Lx=Ly=12 pg= 0.800 ids=  51 TEE1=-0.319 TEE2=-0.188 TEE3= 0.000  TEE4= 0.326
rank=  9 Lx=Ly=12 pg= 0.860 ids=  29 TEE1=-0.771 TEE2=-0.847 TEE3=-0.840  TEE4=-0.826
rank= 19 Lx=Ly=12 pg= 0.790 ids=  59 TEE1=-0.285 TEE2=-0.208 TEE3=-0.132  TEE4= 0.076
rank=  0 Lx=Ly=12 pg= 0.835 ids=  20 TEE1=-0.507 TEE2=-0.500 TEE3=-0.389  TEE4=-0.201
rank= 13 Lx=Ly=12 pg= 0.790 ids=  53 TEE1=-0.479 TEE2=-0.417 TEE3=-0.229  TEE4=-0.049
rank=  2 Lx=Ly=12 pg= 0.800 ids=  42 TEE1=-0.514 TEE2=-0.493 TEE3=-0.403  TEE4=-0.097
rank=  1 Lx=Ly=12 pg= 0.865 ids=  21 TEE1=-0.729 TEE2=-0.896 TEE3=-0.889  TEE4=-0.917
rank=  4 Lx=Ly=12 pg= 0.860 ids=  24 TEE1=-0.875 TEE2=-0.986 TEE3=-0.986  TEE4=-0.993
rank=  5 Lx=Ly=12 pg= 0.775 ids=  45 TEE1=-0.264 TEE2=-0.201 TEE3=-0.076  TEE4= 0.097
rank=  7 Lx=Ly=12 pg= 0.870 ids=  27 TEE1=-0.750 TEE2=-0.819 TEE3=-0.812  TEE4=-0.868
rank= 14 Lx=Ly=12 pg= 0.870 ids=  34 TEE1=-0.743 TEE2=-0.889 TEE3=-0.896  TEE4=-0.882
rank= 12 Lx=Ly=12 pg= 0.840 ids=  32 TEE1=-0.653 TEE2=-0.708 TEE3=-0.674  TEE4=-0.493
rank=  8 Lx=Ly=12 pg= 0.805 ids=  48 TEE1=-0.451 TEE2=-0.479 TEE3=-0.389  TEE4=-0.181
rank= 18 Lx=Ly=12 pg= 0.800 ids=  58 TEE1=-0.549 TEE2=-0.472 TEE3=-0.361  TEE4=-0.188
rank=  3 Lx=Ly=12 pg= 0.795 ids=  43 TEE1=-0.569 TEE2=-0.583 TEE3=-0.486  TEE4=-0.396
rank= 17 Lx=Ly=12 pg= 0.855 ids=  37 TEE1=-0.667 TEE2=-0.688 TEE3=-0.681  TEE4=-0.590
rank= 16 Lx=Ly=12 pg= 0.870 ids=  36 TEE1=-0.715 TEE2=-0.819 TEE3=-0.826  TEE4=-0.812
rank=  6 Lx=Ly=12 pg= 0.780 ids=  46 TEE1=-0.396 TEE2=-0.285 TEE3=-0.132  TEE4= 0.042
rank= 11 Lx=Ly=12 pg= 0.805 ids=  51 TEE1=-0.493 TEE2=-0.493 TEE3=-0.396  TEE4=-0.243
rank= 10 Lx=Ly=12 pg= 0.840 ids=  30 TEE1=-0.736 TEE2=-0.861 TEE3=-0.847  TEE4=-0.806
rank= 19 Lx=Ly=12 pg= 0.795 ids=  59 TEE1=-0.146 TEE2=-0.014 TEE3= 0.118  TEE4= 0.208
rank= 15 Lx=Ly=12 pg= 0.775 ids=  55 TEE1=-0.215 TEE2=-0.090 TEE3= 0.007  TEE4= 0.042
rank=  2 Lx=Ly=12 pg= 0.805 ids=  42 TEE1=-0.625 TEE2=-0.736 TEE3=-0.736  TEE4=-0.778
rank=  9 Lx=Ly=12 pg= 0.865 ids=  29 TEE1=-0.812 TEE2=-0.868 TEE3=-0.854  TEE4=-0.806
rank=  1 Lx=Ly=12 pg= 0.870 ids=  21 TEE1=-0.715 TEE2=-0.826 TEE3=-0.812  TEE4=-0.819
rank=  0 Lx=Ly=12 pg= 0.840 ids=  20 TEE1=-0.618 TEE2=-0.597 TEE3=-0.472  TEE4=-0.354
rank=  5 Lx=Ly=12 pg= 0.780 ids=  45 TEE1=-0.451 TEE2=-0.278 TEE3=-0.146  TEE4= 0.153
rank= 13 Lx=Ly=12 pg= 0.795 ids=  53 TEE1=-0.389 TEE2=-0.222 TEE3=-0.035  TEE4= 0.139
rank=  7 Lx=Ly=12 pg= 0.875 ids=  27 TEE1=-0.792 TEE2=-0.903 TEE3=-0.882  TEE4=-0.868
rank=  8 Lx=Ly=12 pg= 0.810 ids=  48 TEE1=-0.493 TEE2=-0.479 TEE3=-0.382  TEE4=-0.049
rank=  3 Lx=Ly=12 pg= 0.800 ids=  43 TEE1=-0.278 TEE2=-0.139 TEE3=-0.014  TEE4= 0.056
rank= 14 Lx=Ly=12 pg= 0.875 ids=  34 TEE1=-0.819 TEE2=-0.910 TEE3=-0.910  TEE4=-0.875
rank= 17 Lx=Ly=12 pg= 0.860 ids=  37 TEE1=-0.778 TEE2=-0.847 TEE3=-0.861  TEE4=-0.861
rank=  4 Lx=Ly=12 pg= 0.865 ids=  24 TEE1=-0.799 TEE2=-0.903 TEE3=-0.903  TEE4=-0.931
rank= 12 Lx=Ly=12 pg= 0.845 ids=  32 TEE1=-0.722 TEE2=-0.840 TEE3=-0.833  TEE4=-0.778
rank=  6 Lx=Ly=12 pg= 0.785 ids=  46 TEE1=-0.493 TEE2=-0.458 TEE3=-0.354  TEE4=-0.139
rank= 16 Lx=Ly=12 pg= 0.875 ids=  36 TEE1=-0.861 TEE2=-0.944 TEE3=-0.938  TEE4=-0.889
rank= 11 Lx=Ly=12 pg= 0.810 ids=  51 TEE1=-0.292 TEE2=-0.285 TEE3=-0.188  TEE4=-0.042
rank= 18 Lx=Ly=12 pg= 0.805 ids=  58 TEE1=-0.403 TEE2=-0.361 TEE3=-0.194  TEE4=-0.014
rank= 19 Lx=Ly=12 pg= 0.800 ids=  59 TEE1=-0.611 TEE2=-0.576 TEE3=-0.451  TEE4=-0.250
rank= 10 Lx=Ly=12 pg= 0.845 ids=  30 TEE1=-0.681 TEE2=-0.771 TEE3=-0.750  TEE4=-0.764
rank=  2 Lx=Ly=12 pg= 0.810 ids=  42 TEE1=-0.458 TEE2=-0.347 TEE3=-0.167  TEE4=-0.069
rank=  1 Lx=Ly=12 pg= 0.875 ids=  21 TEE1=-0.743 TEE2=-0.847 TEE3=-0.819  TEE4=-0.840
rank=  5 Lx=Ly=12 pg= 0.785 ids=  45 TEE1=-0.444 TEE2=-0.410 TEE3=-0.285  TEE4=-0.049
rank= 15 Lx=Ly=12 pg= 0.780 ids=  55 TEE1= 0.021 TEE2= 0.049 TEE3= 0.069  TEE4= 0.118
rank=  8 Lx=Ly=12 pg= 0.815 ids=  48 TEE1=-0.590 TEE2=-0.646 TEE3=-0.611  TEE4=-0.556
rank=  7 Lx=Ly=12 pg= 0.775 ids=  47 TEE1=-0.278 TEE2=-0.236 TEE3=-0.146  TEE4= 0.028
rank=  9 Lx=Ly=12 pg= 0.870 ids=  29 TEE1=-0.778 TEE2=-0.854 TEE3=-0.847  TEE4=-0.868
rank=  3 Lx=Ly=12 pg= 0.805 ids=  43 TEE1=-0.424 TEE2=-0.236 TEE3=-0.056  TEE4= 0.042
rank= 17 Lx=Ly=12 pg= 0.865 ids=  37 TEE1=-0.847 TEE2=-0.896 TEE3=-0.903  TEE4=-0.917
rank= 13 Lx=Ly=12 pg= 0.800 ids=  53 TEE1=-0.444 TEE2=-0.319 TEE3=-0.181  TEE4=-0.118
rank=  0 Lx=Ly=12 pg= 0.845 ids=  20 TEE1=-0.688 TEE2=-0.715 TEE3=-0.736  TEE4=-0.806
rank=  6 Lx=Ly=12 pg= 0.790 ids=  46 TEE1=-0.354 TEE2=-0.243 TEE3=-0.104  TEE4= 0.049
rank= 16 Lx=Ly=12 pg= 0.775 ids=  56 TEE1=-0.347 TEE2=-0.229 TEE3=-0.097  TEE4= 0.069
rank= 14 Lx=Ly=12 pg= 0.775 ids=  54 TEE1=-0.167 TEE2=-0.028 TEE3= 0.076  TEE4= 0.125
rank= 11 Lx=Ly=12 pg= 0.815 ids=  51 TEE1=-0.472 TEE2=-0.500 TEE3=-0.403  TEE4=-0.243
rank=  4 Lx=Ly=12 pg= 0.870 ids=  24 TEE1=-0.736 TEE2=-0.910 TEE3=-0.889  TEE4=-0.861
rank= 12 Lx=Ly=12 pg= 0.850 ids=  32 TEE1=-0.722 TEE2=-0.854 TEE3=-0.861  TEE4=-0.861
rank= 19 Lx=Ly=12 pg= 0.805 ids=  59 TEE1=-0.326 TEE2=-0.083 TEE3= 0.160  TEE4= 0.312
rank= 18 Lx=Ly=12 pg= 0.810 ids=  58 TEE1=-0.472 TEE2=-0.410 TEE3=-0.264  TEE4=-0.188
rank=  2 Lx=Ly=12 pg= 0.815 ids=  42 TEE1=-0.500 TEE2=-0.458 TEE3=-0.285  TEE4=-0.042
rank=  1 Lx=Ly=12 pg= 0.775 ids=  41 TEE1=-0.132 TEE2=-0.021 TEE3= 0.076  TEE4= 0.104
rank=  5 Lx=Ly=12 pg= 0.790 ids=  45 TEE1=-0.215 TEE2=-0.062 TEE3= 0.104  TEE4= 0.181
rank= 10 Lx=Ly=12 pg= 0.850 ids=  30 TEE1=-0.604 TEE2=-0.736 TEE3=-0.701  TEE4=-0.618
rank=  7 Lx=Ly=12 pg= 0.780 ids=  47 TEE1=-0.569 TEE2=-0.569 TEE3=-0.472  TEE4=-0.236
rank=  8 Lx=Ly=12 pg= 0.820 ids=  48 TEE1=-0.507 TEE2=-0.535 TEE3=-0.500  TEE4=-0.368
rank=  3 Lx=Ly=12 pg= 0.810 ids=  43 TEE1=-0.465 TEE2=-0.514 TEE3=-0.479  TEE4=-0.361
rank= 15 Lx=Ly=12 pg= 0.785 ids=  55 TEE1=-0.153 TEE2=-0.007 TEE3= 0.028  TEE4= 0.090
rank= 17 Lx=Ly=12 pg= 0.870 ids=  37 TEE1=-0.806 TEE2=-0.903 TEE3=-0.924  TEE4=-0.910
rank= 16 Lx=Ly=12 pg= 0.780 ids=  56 TEE1=-0.278 TEE2=-0.042 TEE3= 0.014  TEE4= 0.049
rank=  6 Lx=Ly=12 pg= 0.795 ids=  46 TEE1=-0.444 TEE2=-0.347 TEE3=-0.229  TEE4=-0.062
rank= 11 Lx=Ly=12 pg= 0.820 ids=  51 TEE1=-0.757 TEE2=-0.771 TEE3=-0.688  TEE4=-0.625
rank= 14 Lx=Ly=12 pg= 0.780 ids=  54 TEE1=-0.375 TEE2=-0.243 TEE3=-0.146  TEE4=-0.021
rank=  9 Lx=Ly=12 pg= 0.875 ids=  29 TEE1=-0.819 TEE2=-0.910 TEE3=-0.924  TEE4=-0.944
rank= 19 Lx=Ly=12 pg= 0.810 ids=  59 TEE1=-0.507 TEE2=-0.396 TEE3=-0.243  TEE4=-0.076
rank= 13 Lx=Ly=12 pg= 0.805 ids=  53 TEE1=-0.549 TEE2=-0.674 TEE3=-0.611  TEE4=-0.431
rank=  0 Lx=Ly=12 pg= 0.850 ids=  20 TEE1=-0.701 TEE2=-0.799 TEE3=-0.792  TEE4=-0.757
rank=  4 Lx=Ly=12 pg= 0.875 ids=  24 TEE1=-0.764 TEE2=-0.861 TEE3=-0.868  TEE4=-0.896
rank=  2 Lx=Ly=12 pg= 0.820 ids=  42 TEE1=-0.583 TEE2=-0.597 TEE3=-0.521  TEE4=-0.389
rank= 12 Lx=Ly=12 pg= 0.855 ids=  32 TEE1=-0.785 TEE2=-0.889 TEE3=-0.896  TEE4=-0.910
rank=  1 Lx=Ly=12 pg= 0.780 ids=  41 TEE1=-0.285 TEE2=-0.174 TEE3= 0.111  TEE4= 0.611
rank=  5 Lx=Ly=12 pg= 0.795 ids=  45 TEE1=-0.319 TEE2=-0.208 TEE3=-0.104  TEE4= 0.007
rank= 18 Lx=Ly=12 pg= 0.815 ids=  58 TEE1=-0.465 TEE2=-0.507 TEE3=-0.347  TEE4=-0.229
rank=  8 Lx=Ly=12 pg= 0.825 ids=  48 TEE1=-0.604 TEE2=-0.632 TEE3=-0.562  TEE4=-0.375
rank= 16 Lx=Ly=12 pg= 0.785 ids=  56 TEE1=-0.326 TEE2=-0.076 TEE3= 0.083  TEE4= 0.139
rank=  3 Lx=Ly=12 pg= 0.815 ids=  43 TEE1=-0.688 TEE2=-0.750 TEE3=-0.757  TEE4=-0.840
rank=  7 Lx=Ly=12 pg= 0.785 ids=  47 TEE1=-0.354 TEE2=-0.208 TEE3=-0.056  TEE4= 0.111
rank=  6 Lx=Ly=12 pg= 0.800 ids=  46 TEE1=-0.368 TEE2=-0.264 TEE3=-0.153  TEE4=-0.021
rank= 17 Lx=Ly=12 pg= 0.875 ids=  37 TEE1=-0.729 TEE2=-0.875 TEE3=-0.903  TEE4=-0.931
rank= 11 Lx=Ly=12 pg= 0.825 ids=  51 TEE1=-0.674 TEE2=-0.535 TEE3=-0.347  TEE4=-0.104
rank= 10 Lx=Ly=12 pg= 0.855 ids=  30 TEE1=-0.833 TEE2=-0.938 TEE3=-0.944  TEE4=-0.979
rank= 14 Lx=Ly=12 pg= 0.785 ids=  54 TEE1=-0.319 TEE2=-0.292 TEE3=-0.188  TEE4=-0.111
rank= 19 Lx=Ly=12 pg= 0.815 ids=  59 TEE1=-0.500 TEE2=-0.479 TEE3=-0.438  TEE4=-0.382
rank= 15 Lx=Ly=12 pg= 0.790 ids=  55 TEE1=-0.521 TEE2=-0.403 TEE3=-0.188  TEE4=-0.056
rank=  2 Lx=Ly=12 pg= 0.825 ids=  42 TEE1=-0.618 TEE2=-0.674 TEE3=-0.611  TEE4=-0.569
rank= 12 Lx=Ly=12 pg= 0.860 ids=  32 TEE1=-0.743 TEE2=-0.826 TEE3=-0.799  TEE4=-0.792
rank=  9 Lx=Ly=12 pg= 0.775 ids=  49 TEE1=-0.340 TEE2=-0.229 TEE3=-0.076  TEE4= 0.208
rank=  1 Lx=Ly=12 pg= 0.785 ids=  41 TEE1=-0.361 TEE2=-0.236 TEE3=-0.028  TEE4= 0.069
rank= 13 Lx=Ly=12 pg= 0.810 ids=  53 TEE1=-0.438 TEE2=-0.438 TEE3=-0.340  TEE4=-0.111
rank=  5 Lx=Ly=12 pg= 0.800 ids=  45 TEE1=-0.222 TEE2=-0.174 TEE3=-0.125  TEE4=-0.014
rank=  0 Lx=Ly=12 pg= 0.855 ids=  20 TEE1=-0.632 TEE2=-0.688 TEE3=-0.674  TEE4=-0.667
rank=  4 Lx=Ly=12 pg= 0.775 ids=  44 TEE1=-0.354 TEE2=-0.201 TEE3=-0.021  TEE4= 0.201
rank=  8 Lx=Ly=12 pg= 0.830 ids=  48 TEE1=-0.625 TEE2=-0.757 TEE3=-0.750  TEE4=-0.792
rank= 16 Lx=Ly=12 pg= 0.790 ids=  56 TEE1=-0.361 TEE2=-0.181 TEE3=-0.021  TEE4= 0.208
rank= 18 Lx=Ly=12 pg= 0.820 ids=  58 TEE1=-0.479 TEE2=-0.493 TEE3=-0.431  TEE4=-0.361
rank=  3 Lx=Ly=12 pg= 0.820 ids=  43 TEE1=-0.542 TEE2=-0.625 TEE3=-0.597  TEE4=-0.493
rank=  6 Lx=Ly=12 pg= 0.805 ids=  46 TEE1=-0.396 TEE2=-0.319 TEE3=-0.167  TEE4=-0.049
rank= 17 Lx=Ly=12 pg= 0.775 ids=  57 TEE1=-0.076 TEE2= 0.000 TEE3= 0.028  TEE4= 0.021
rank= 11 Lx=Ly=12 pg= 0.830 ids=  51 TEE1=-0.694 TEE2=-0.771 TEE3=-0.743  TEE4=-0.688
rank= 14 Lx=Ly=12 pg= 0.790 ids=  54 TEE1=-0.250 TEE2=-0.118 TEE3=-0.076  TEE4=-0.007
rank=  7 Lx=Ly=12 pg= 0.790 ids=  47 TEE1=-0.250 TEE2=-0.132 TEE3= 0.014  TEE4= 0.139
rank= 19 Lx=Ly=12 pg= 0.820 ids=  59 TEE1=-0.604 TEE2=-0.604 TEE3=-0.542  TEE4=-0.424
rank= 10 Lx=Ly=12 pg= 0.860 ids=  30 TEE1=-0.778 TEE2=-0.910 TEE3=-0.896  TEE4=-0.861
rank=  2 Lx=Ly=12 pg= 0.830 ids=  42 TEE1=-0.653 TEE2=-0.750 TEE3=-0.708  TEE4=-0.771
rank=  1 Lx=Ly=12 pg= 0.790 ids=  41 TEE1=-0.479 TEE2=-0.306 TEE3=-0.104  TEE4=-0.021
rank= 12 Lx=Ly=12 pg= 0.865 ids=  32 TEE1=-0.792 TEE2=-0.847 TEE3=-0.826  TEE4=-0.764
rank= 15 Lx=Ly=12 pg= 0.795 ids=  55 TEE1=-0.326 TEE2=-0.299 TEE3=-0.229  TEE4=-0.083
rank=  5 Lx=Ly=12 pg= 0.805 ids=  45 TEE1=-0.472 TEE2=-0.493 TEE3=-0.389  TEE4=-0.285
rank=  9 Lx=Ly=12 pg= 0.780 ids=  49 TEE1=-0.181 TEE2=-0.104 TEE3=-0.028  TEE4= 0.000
rank= 13 Lx=Ly=12 pg= 0.815 ids=  53 TEE1=-0.438 TEE2=-0.458 TEE3=-0.444  TEE4=-0.188
rank= 16 Lx=Ly=12 pg= 0.795 ids=  56 TEE1=-0.472 TEE2=-0.285 TEE3=-0.153  TEE4= 0.062
rank=  8 Lx=Ly=12 pg= 0.835 ids=  48 TEE1=-0.688 TEE2=-0.743 TEE3=-0.674  TEE4=-0.632
rank=  6 Lx=Ly=12 pg= 0.810 ids=  46 TEE1=-0.618 TEE2=-0.736 TEE3=-0.576  TEE4=-0.285
rank=  3 Lx=Ly=12 pg= 0.825 ids=  43 TEE1=-0.583 TEE2=-0.715 TEE3=-0.646  TEE4=-0.542
rank=  0 Lx=Ly=12 pg= 0.860 ids=  20 TEE1=-0.806 TEE2=-0.903 TEE3=-0.882  TEE4=-0.903
rank=  4 Lx=Ly=12 pg= 0.780 ids=  44 TEE1=-0.201 TEE2=-0.160 TEE3=-0.021  TEE4= 0.056
rank= 17 Lx=Ly=12 pg= 0.780 ids=  57 TEE1=-0.188 TEE2=-0.146 TEE3=-0.104  TEE4=-0.056
rank= 11 Lx=Ly=12 pg= 0.835 ids=  51 TEE1=-0.632 TEE2=-0.757 TEE3=-0.771  TEE4=-0.722
rank= 14 Lx=Ly=12 pg= 0.795 ids=  54 TEE1=-0.396 TEE2=-0.243 TEE3=-0.146  TEE4=-0.035
rank= 18 Lx=Ly=12 pg= 0.825 ids=  58 TEE1=-0.722 TEE2=-0.750 TEE3=-0.708  TEE4=-0.701
rank= 19 Lx=Ly=12 pg= 0.825 ids=  59 TEE1=-0.583 TEE2=-0.549 TEE3=-0.444  TEE4=-0.326
rank=  7 Lx=Ly=12 pg= 0.795 ids=  47 TEE1=-0.354 TEE2=-0.306 TEE3=-0.201  TEE4=-0.056
rank=  2 Lx=Ly=12 pg= 0.835 ids=  42 TEE1=-0.500 TEE2=-0.493 TEE3=-0.347  TEE4=-0.229
rank=  1 Lx=Ly=12 pg= 0.795 ids=  41 TEE1=-0.465 TEE2=-0.458 TEE3=-0.319  TEE4=-0.069
rank= 12 Lx=Ly=12 pg= 0.870 ids=  32 TEE1=-0.750 TEE2=-0.861 TEE3=-0.833  TEE4=-0.799
rank=  5 Lx=Ly=12 pg= 0.810 ids=  45 TEE1=-0.562 TEE2=-0.625 TEE3=-0.583  TEE4=-0.528
rank= 10 Lx=Ly=12 pg= 0.865 ids=  30 TEE1=-0.736 TEE2=-0.833 TEE3=-0.806  TEE4=-0.785
rank= 16 Lx=Ly=12 pg= 0.800 ids=  56 TEE1=-0.500 TEE2=-0.486 TEE3=-0.410  TEE4=-0.201
rank= 15 Lx=Ly=12 pg= 0.800 ids=  55 TEE1=-0.250 TEE2=-0.181 TEE3=-0.076  TEE4=-0.035
rank=  6 Lx=Ly=12 pg= 0.815 ids=  46 TEE1=-0.458 TEE2=-0.444 TEE3=-0.347  TEE4=-0.243
rank=  8 Lx=Ly=12 pg= 0.840 ids=  48 TEE1=-0.611 TEE2=-0.646 TEE3=-0.528  TEE4=-0.340
rank=  3 Lx=Ly=12 pg= 0.830 ids=  43 TEE1=-0.667 TEE2=-0.694 TEE3=-0.618  TEE4=-0.493
rank= 11 Lx=Ly=12 pg= 0.840 ids=  51 TEE1=-0.646 TEE2=-0.750 TEE3=-0.736  TEE4=-0.701
rank= 17 Lx=Ly=12 pg= 0.785 ids=  57 TEE1=-0.250 TEE2=-0.201 TEE3=-0.104  TEE4=-0.056
rank=  9 Lx=Ly=12 pg= 0.785 ids=  49 TEE1=-0.528 TEE2=-0.493 TEE3=-0.333  TEE4=-0.111
rank= 13 Lx=Ly=12 pg= 0.820 ids=  53 TEE1=-0.611 TEE2=-0.618 TEE3=-0.569  TEE4=-0.507
rank= 14 Lx=Ly=12 pg= 0.800 ids=  54 TEE1=-0.444 TEE2=-0.326 TEE3=-0.208  TEE4=-0.049
rank=  4 Lx=Ly=12 pg= 0.785 ids=  44 TEE1=-0.431 TEE2=-0.458 TEE3=-0.326  TEE4=-0.056
rank= 19 Lx=Ly=12 pg= 0.830 ids=  59 TEE1=-0.632 TEE2=-0.743 TEE3=-0.722  TEE4=-0.646
rank=  0 Lx=Ly=12 pg= 0.865 ids=  20 TEE1=-0.861 TEE2=-0.938 TEE3=-0.910  TEE4=-0.861
rank=  2 Lx=Ly=12 pg= 0.840 ids=  42 TEE1=-0.660 TEE2=-0.722 TEE3=-0.708  TEE4=-0.729
rank=  1 Lx=Ly=12 pg= 0.800 ids=  41 TEE1=-0.514 TEE2=-0.424 TEE3=-0.403  TEE4=-0.285
rank= 12 Lx=Ly=12 pg= 0.875 ids=  32 TEE1=-0.799 TEE2=-0.944 TEE3=-0.972  TEE4=-0.972
rank= 18 Lx=Ly=12 pg= 0.830 ids=  58 TEE1=-0.569 TEE2=-0.653 TEE3=-0.576  TEE4=-0.465
rank=  7 Lx=Ly=12 pg= 0.800 ids=  47 TEE1=-0.264 TEE2=-0.167 TEE3= 0.014  TEE4= 0.076
rank=  5 Lx=Ly=12 pg= 0.815 ids=  45 TEE1=-0.444 TEE2=-0.396 TEE3=-0.319  TEE4=-0.021
rank= 16 Lx=Ly=12 pg= 0.805 ids=  56 TEE1=-0.375 TEE2=-0.201 TEE3=-0.083  TEE4= 0.014
rank=  6 Lx=Ly=12 pg= 0.820 ids=  46 TEE1=-0.500 TEE2=-0.549 TEE3=-0.493  TEE4=-0.319
rank=  8 Lx=Ly=12 pg= 0.845 ids=  48 TEE1=-0.521 TEE2=-0.493 TEE3=-0.431  TEE4=-0.236
rank= 11 Lx=Ly=12 pg= 0.845 ids=  51 TEE1=-0.590 TEE2=-0.715 TEE3=-0.688  TEE4=-0.674
rank=  3 Lx=Ly=12 pg= 0.835 ids=  43 TEE1=-0.632 TEE2=-0.771 TEE3=-0.750  TEE4=-0.701
rank= 17 Lx=Ly=12 pg= 0.790 ids=  57 TEE1=-0.403 TEE2=-0.271 TEE3=-0.076  TEE4= 0.097
rank= 10 Lx=Ly=12 pg= 0.870 ids=  30 TEE1=-0.778 TEE2=-0.889 TEE3=-0.903  TEE4=-0.882
rank= 15 Lx=Ly=12 pg= 0.805 ids=  55 TEE1=-0.438 TEE2=-0.410 TEE3=-0.257  TEE4=-0.111
rank= 14 Lx=Ly=12 pg= 0.805 ids=  54 TEE1=-0.556 TEE2=-0.549 TEE3=-0.458  TEE4=-0.361
rank= 19 Lx=Ly=12 pg= 0.835 ids=  59 TEE1=-0.556 TEE2=-0.674 TEE3=-0.667  TEE4=-0.694
rank=  1 Lx=Ly=12 pg= 0.805 ids=  41 TEE1=-0.569 TEE2=-0.611 TEE3=-0.493  TEE4=-0.271
rank=  2 Lx=Ly=12 pg= 0.845 ids=  42 TEE1=-0.681 TEE2=-0.764 TEE3=-0.722  TEE4=-0.590
rank=  9 Lx=Ly=12 pg= 0.790 ids=  49 TEE1=-0.556 TEE2=-0.590 TEE3=-0.479  TEE4=-0.229
rank=  4 Lx=Ly=12 pg= 0.790 ids=  44 TEE1=-0.569 TEE2=-0.632 TEE3=-0.569  TEE4=-0.444
rank= 13 Lx=Ly=12 pg= 0.825 ids=  53 TEE1=-0.694 TEE2=-0.715 TEE3=-0.681  TEE4=-0.639
rank= 12 Lx=Ly=12 pg= 0.775 ids=  52 TEE1=-0.174 TEE2=-0.014 TEE3= 0.076  TEE4= 0.062
rank=  5 Lx=Ly=12 pg= 0.820 ids=  45 TEE1=-0.403 TEE2=-0.326 TEE3=-0.229  TEE4=-0.118
rank=  0 Lx=Ly=12 pg= 0.870 ids=  20 TEE1=-0.840 TEE2=-0.986 TEE3=-0.986  TEE4=-0.993
rank= 16 Lx=Ly=12 pg= 0.810 ids=  56 TEE1=-0.479 TEE2=-0.549 TEE3=-0.514  TEE4=-0.375
rank=  6 Lx=Ly=12 pg= 0.825 ids=  46 TEE1=-0.604 TEE2=-0.604 TEE3=-0.576  TEE4=-0.514
rank=  7 Lx=Ly=12 pg= 0.805 ids=  47 TEE1=-0.201 TEE2= 0.014 TEE3= 0.069  TEE4= 0.056
rank= 18 Lx=Ly=12 pg= 0.835 ids=  58 TEE1=-0.590 TEE2=-0.688 TEE3=-0.667  TEE4=-0.632
rank= 11 Lx=Ly=12 pg= 0.850 ids=  51 TEE1=-0.785 TEE2=-0.944 TEE3=-0.944  TEE4=-0.944
rank=  8 Lx=Ly=12 pg= 0.850 ids=  48 TEE1=-0.590 TEE2=-0.667 TEE3=-0.667  TEE4=-0.736
rank= 17 Lx=Ly=12 pg= 0.795 ids=  57 TEE1=-0.347 TEE2=-0.299 TEE3=-0.132  TEE4=-0.007
rank=  3 Lx=Ly=12 pg= 0.840 ids=  43 TEE1=-0.708 TEE2=-0.868 TEE3=-0.868  TEE4=-0.924
rank=  1 Lx=Ly=12 pg= 0.810 ids=  41 TEE1=-0.569 TEE2=-0.493 TEE3=-0.403  TEE4=-0.236
rank= 19 Lx=Ly=12 pg= 0.840 ids=  59 TEE1=-0.604 TEE2=-0.667 TEE3=-0.611  TEE4=-0.535
rank= 14 Lx=Ly=12 pg= 0.810 ids=  54 TEE1=-0.542 TEE2=-0.542 TEE3=-0.486  TEE4=-0.306
rank= 10 Lx=Ly=12 pg= 0.875 ids=  30 TEE1=-0.778 TEE2=-0.875 TEE3=-0.882  TEE4=-0.931
rank=  2 Lx=Ly=12 pg= 0.850 ids=  42 TEE1=-0.750 TEE2=-0.882 TEE3=-0.903  TEE4=-0.826
rank= 15 Lx=Ly=12 pg= 0.810 ids=  55 TEE1=-0.403 TEE2=-0.319 TEE3=-0.208  TEE4=-0.076
rank= 12 Lx=Ly=12 pg= 0.780 ids=  52 TEE1=-0.521 TEE2=-0.431 TEE3=-0.264  TEE4=-0.146
rank=  4 Lx=Ly=12 pg= 0.795 ids=  44 TEE1=-0.257 TEE2=-0.028 TEE3= 0.125  TEE4= 0.403
rank=  5 Lx=Ly=12 pg= 0.825 ids=  45 TEE1=-0.736 TEE2=-0.826 TEE3=-0.812  TEE4=-0.694
rank=  9 Lx=Ly=12 pg= 0.795 ids=  49 TEE1=-0.229 TEE2=-0.028 TEE3= 0.076  TEE4= 0.111
rank= 16 Lx=Ly=12 pg= 0.815 ids=  56 TEE1=-0.507 TEE2=-0.562 TEE3=-0.500  TEE4=-0.417
rank=  6 Lx=Ly=12 pg= 0.830 ids=  46 TEE1=-0.458 TEE2=-0.444 TEE3=-0.347  TEE4=-0.139
rank= 13 Lx=Ly=12 pg= 0.830 ids=  53 TEE1=-0.521 TEE2=-0.368 TEE3=-0.181  TEE4= 0.042
rank= 11 Lx=Ly=12 pg= 0.855 ids=  51 TEE1=-0.694 TEE2=-0.792 TEE3=-0.757  TEE4=-0.792
rank=  8 Lx=Ly=12 pg= 0.855 ids=  48 TEE1=-0.639 TEE2=-0.722 TEE3=-0.694  TEE4=-0.590
rank=  0 Lx=Ly=12 pg= 0.875 ids=  20 TEE1=-0.854 TEE2=-0.931 TEE3=-0.938  TEE4=-0.958
rank= 17 Lx=Ly=12 pg= 0.800 ids=  57 TEE1=-0.458 TEE2=-0.472 TEE3=-0.424  TEE4=-0.201
rank=  7 Lx=Ly=12 pg= 0.810 ids=  47 TEE1=-0.514 TEE2=-0.465 TEE3=-0.410  TEE4=-0.146
rank= 18 Lx=Ly=12 pg= 0.840 ids=  58 TEE1=-0.667 TEE2=-0.799 TEE3=-0.729  TEE4=-0.583
rank=  3 Lx=Ly=12 pg= 0.845 ids=  43 TEE1=-0.562 TEE2=-0.688 TEE3=-0.701  TEE4=-0.667
rank=  1 Lx=Ly=12 pg= 0.815 ids=  41 TEE1=-0.535 TEE2=-0.528 TEE3=-0.424  TEE4=-0.160
rank= 19 Lx=Ly=12 pg= 0.845 ids=  59 TEE1=-0.625 TEE2=-0.729 TEE3=-0.729  TEE4=-0.722
rank= 14 Lx=Ly=12 pg= 0.815 ids=  54 TEE1=-0.507 TEE2=-0.493 TEE3=-0.417  TEE4=-0.382
rank=  2 Lx=Ly=12 pg= 0.855 ids=  42 TEE1=-0.778 TEE2=-0.924 TEE3=-0.917  TEE4=-0.938
rank= 12 Lx=Ly=12 pg= 0.785 ids=  52 TEE1=-0.556 TEE2=-0.618 TEE3=-0.549  TEE4=-0.368
rank=  5 Lx=Ly=12 pg= 0.830 ids=  45 TEE1=-0.597 TEE2=-0.583 TEE3=-0.569  TEE4=-0.486
rank= 10 Lx=Ly=12 pg= 0.775 ids=  50 TEE1=-0.201 TEE2= 0.049 TEE3= 0.174  TEE4= 0.250
rank= 16 Lx=Ly=12 pg= 0.820 ids=  56 TEE1=-0.646 TEE2=-0.694 TEE3=-0.611  TEE4=-0.514
rank= 15 Lx=Ly=12 pg= 0.815 ids=  55 TEE1=-0.549 TEE2=-0.507 TEE3=-0.375  TEE4=-0.257
rank=  6 Lx=Ly=12 pg= 0.835 ids=  46 TEE1=-0.632 TEE2=-0.681 TEE3=-0.618  TEE4=-0.590
rank=  4 Lx=Ly=12 pg= 0.800 ids=  44 TEE1=-0.424 TEE2=-0.424 TEE3=-0.299  TEE4=-0.181
rank= 11 Lx=Ly=12 pg= 0.860 ids=  51 TEE1=-0.674 TEE2=-0.722 TEE3=-0.660  TEE4=-0.521
rank=  8 Lx=Ly=12 pg= 0.860 ids=  48 TEE1=-0.667 TEE2=-0.736 TEE3=-0.701  TEE4=-0.569
rank=  9 Lx=Ly=12 pg= 0.800 ids=  49 TEE1=-0.500 TEE2=-0.403 TEE3=-0.257  TEE4=-0.042
rank= 17 Lx=Ly=12 pg= 0.805 ids=  57 TEE1=-0.556 TEE2=-0.639 TEE3=-0.618  TEE4=-0.549
rank= 13 Lx=Ly=12 pg= 0.835 ids=  53 TEE1=-0.611 TEE2=-0.694 TEE3=-0.694  TEE4=-0.660
rank=  3 Lx=Ly=12 pg= 0.850 ids=  43 TEE1=-0.764 TEE2=-0.826 TEE3=-0.826  TEE4=-0.882
rank=  1 Lx=Ly=12 pg= 0.820 ids=  41 TEE1=-0.708 TEE2=-0.694 TEE3=-0.660  TEE4=-0.465
rank= 19 Lx=Ly=12 pg= 0.850 ids=  59 TEE1=-0.694 TEE2=-0.799 TEE3=-0.785  TEE4=-0.736
rank= 14 Lx=Ly=12 pg= 0.820 ids=  54 TEE1=-0.535 TEE2=-0.583 TEE3=-0.521  TEE4=-0.444
rank=  0 Lx=Ly=12 pg= 0.775 ids=  40 TEE1=-0.417 TEE2=-0.125 TEE3= 0.104  TEE4= 0.243
rank=  2 Lx=Ly=12 pg= 0.860 ids=  42 TEE1=-0.750 TEE2=-0.917 TEE3=-0.903  TEE4=-0.917
rank= 12 Lx=Ly=12 pg= 0.790 ids=  52 TEE1=-0.264 TEE2=-0.160 TEE3=-0.056  TEE4=-0.007
rank=  5 Lx=Ly=12 pg= 0.835 ids=  45 TEE1=-0.549 TEE2=-0.597 TEE3=-0.535  TEE4=-0.444
rank= 16 Lx=Ly=12 pg= 0.825 ids=  56 TEE1=-0.597 TEE2=-0.681 TEE3=-0.660  TEE4=-0.625
rank=  7 Lx=Ly=12 pg= 0.815 ids=  47 TEE1=-0.694 TEE2=-0.806 TEE3=-0.778  TEE4=-0.812
rank= 18 Lx=Ly=12 pg= 0.845 ids=  58 TEE1=-0.646 TEE2=-0.681 TEE3=-0.681  TEE4=-0.660
rank=  6 Lx=Ly=12 pg= 0.840 ids=  46 TEE1=-0.632 TEE2=-0.785 TEE3=-0.778  TEE4=-0.722
rank= 11 Lx=Ly=12 pg= 0.865 ids=  51 TEE1=-0.688 TEE2=-0.785 TEE3=-0.778  TEE4=-0.764
rank=  8 Lx=Ly=12 pg= 0.865 ids=  48 TEE1=-0.708 TEE2=-0.826 TEE3=-0.840  TEE4=-0.910
rank= 17 Lx=Ly=12 pg= 0.810 ids=  57 TEE1=-0.535 TEE2=-0.562 TEE3=-0.493  TEE4=-0.340
rank= 10 Lx=Ly=12 pg= 0.780 ids=  50 TEE1=-0.062 TEE2= 0.007 TEE3= 0.028  TEE4= 0.014
rank= 15 Lx=Ly=12 pg= 0.820 ids=  55 TEE1=-0.549 TEE2=-0.549 TEE3=-0.438  TEE4=-0.278
rank=  3 Lx=Ly=12 pg= 0.855 ids=  43 TEE1=-0.750 TEE2=-0.840 TEE3=-0.840  TEE4=-0.826
rank=  1 Lx=Ly=12 pg= 0.825 ids=  41 TEE1=-0.660 TEE2=-0.764 TEE3=-0.722  TEE4=-0.653
rank= 14 Lx=Ly=12 pg= 0.825 ids=  54 TEE1=-0.757 TEE2=-0.833 TEE3=-0.812  TEE4=-0.660
rank=  2 Lx=Ly=12 pg= 0.865 ids=  42 TEE1=-0.729 TEE2=-0.854 TEE3=-0.861  TEE4=-0.889
rank=  4 Lx=Ly=12 pg= 0.805 ids=  44 TEE1=-0.458 TEE2=-0.431 TEE3=-0.333  TEE4=-0.139
rank= 19 Lx=Ly=12 pg= 0.855 ids=  59 TEE1=-0.715 TEE2=-0.764 TEE3=-0.750  TEE4=-0.812
rank= 12 Lx=Ly=12 pg= 0.795 ids=  52 TEE1=-0.326 TEE2=-0.215 TEE3=-0.104  TEE4= 0.014
rank=  5 Lx=Ly=12 pg= 0.840 ids=  45 TEE1=-0.639 TEE2=-0.681 TEE3=-0.646  TEE4=-0.549
rank=  9 Lx=Ly=12 pg= 0.805 ids=  49 TEE1=-0.403 TEE2=-0.396 TEE3=-0.285  TEE4=-0.069
rank= 16 Lx=Ly=12 pg= 0.830 ids=  56 TEE1=-0.528 TEE2=-0.479 TEE3=-0.458  TEE4=-0.389
rank= 13 Lx=Ly=12 pg= 0.840 ids=  53 TEE1=-0.542 TEE2=-0.653 TEE3=-0.625  TEE4=-0.583
rank=  6 Lx=Ly=12 pg= 0.845 ids=  46 TEE1=-0.632 TEE2=-0.674 TEE3=-0.646  TEE4=-0.604
