4	0.0	0.0	0.0	0.0
4	0.1	0.085	0.07777500000000001	0.00986612515286092
4	0.2	0.28	0.32159999999999994	0.020062480627059526
4	0.3	0.46	0.37339999999999995	0.02161791312105859
4	0.4	0.705	0.587975	0.0271272669239541
4	0.5	0.8675	0.8024437499999999	0.03169085159937907
4	0.6	1.605	1.158975	0.038085849273629395
4	0.7	2.13625	1.0526859375000002	0.03629744208966819
4	0.8	2.49	0.8299	0.03222845546527317
4	0.9	2.885	0.251775	0.01775141236073911
4	1.0	3.025	0.074375	0.009648062312349498
6	0.0	0.0	0.0	0.0
6	0.1	0.20875	0.18767343749999998	0.015325971539499116
6	0.2	0.39625	0.47923593750000004	0.024490705690251316
6	0.3	0.72	0.7415999999999999	0.030465721725413182
6	0.4	1.0	0.96	0.034662687105108905
6	0.5	1.335	1.1027749999999998	0.037150962201410245
6	0.6	2.28	1.9216	0.04904086314312053
6	0.7	3.355	1.538975	0.04388765667029868
6	0.8	3.985	1.3247749999999998	0.040719053299739585
6	0.9	4.77	0.4871000000000001	0.024690829194417205
6	1.0	5.13375	0.18336093750000004	0.015148862396724503
8	0.0	0.0	0.0	0.0
8	0.1	0.295	0.22797500000000004	0.01689157798307926
8	0.2	0.52	0.5396000000000001	0.025987385020915084
8	0.3	0.855	0.663975	0.028827200859374697
8	0.4	1.335	0.962775	0.03471274936836448
8	0.5	1.905	1.3559749999999997	0.041195753575348035
8	0.6	2.81	2.0139	0.050204836988793605
8	0.7	4.57	2.3050999999999995	0.05371202124788421
8	0.8	5.62625	1.7790609375	0.047186962539106966
8	0.9	6.58625	0.6900609374999999	0.02938802037483879
8	1.0	7.22375	0.29118593749999994	0.019090258493186272
10	0.0	0.0	0.0	0.0
10	0.1	0.355	0.268975	0.018347739627452644
10	0.2	0.61	0.5679	0.026660147304879943
10	0.3	1.18	1.0475999999999999	0.0362096523547875
10	0.4	1.62	1.0555999999999999	0.036347646956840604
10	0.5	2.315	1.965775	0.049601351973984124
10	0.6	3.62875	2.9709234374999998	0.06097788266735113
10	0.7	5.6625	2.98109375	0.06108216577873017
10	0.8	7.27	2.3671	0.054429571216191595
10	0.9	8.455	0.717975	0.02997652398106699
10	1.0	9.115	0.36177500000000007	0.0212787389408687
12	0.0	0.0	0.0	0.0
12	0.1	0.38	0.2806	0.018740036985897095
12	0.2	0.715	0.563775	0.02656314648039033
12	0.3	1.375	1.244375	0.03946410418848056
12	0.4	1.93	1.3451	0.04103022482495657
12	0.5	2.775	2.354375	0.05428307346753085
12	0.6	4.46	3.4284000000000003	0.06550468364532679
12	0.7	6.77	3.0571	0.06185594310267528
12	0.8	8.98	2.6595999999999997	0.05769454762828582
12	0.9	10.26	0.8824	0.03323222044333621
12	1.0	11.095	0.43597500000000006	0.0233591697951125
14	0.0	0.0	0.0	0.0
14	0.1	0.48	0.28959999999999997	0.019038200186281162
14	0.2	0.825	0.574375	0.026811701441119128
14	0.3	1.605	1.3789749999999998	0.041543664921608665
14	0.4	2.345	1.5559749999999999	0.044129389342644355
14	0.5	3.405	2.990975	0.06118331469850968
14	0.6	5.185	3.8607750000000003	0.06951265180491382
14	0.7	7.82	3.2776	0.06404785444942296
14	0.8	10.585	3.5627749999999994	0.06677606272603595
14	0.9	11.9925	1.05994375	0.03642235470700657
14	1.0	12.985	0.48477500000000007	0.02463183222881899
16	0.0	0.0	0.0	0.0
16	0.1	0.505	0.34497500000000003	0.02077879804175581
16	0.2	0.97	0.6790999999999999	0.02915368624680628
16	0.3	1.78	1.4215999999999998	0.04218084909099799
16	0.4	2.73	1.8970999999999998	0.0487272298480103
16	0.5	4.075	3.369375	0.06493835528779855
16	0.6	6.04	4.8784	0.07813854388232522
16	0.7	8.83	3.8011	0.06897334015447622
16	0.8	12.21	4.1559	0.07212057071946343
16	0.9	13.735	1.3547750000000003	0.04117752099500549
16	1.0	14.86	0.7704000000000001	0.031051654651092483
18	0.0	0.0	0.0	0.0
18	0.1	0.615	0.4467749999999999	0.023646727250024393
18	0.2	1.17	0.9111000000000001	0.03376833391610159
18	0.3	1.93	1.4750999999999999	0.04296722854002237
18	0.4	3.055	2.1319749999999997	0.05165563018841899
18	0.5	4.51	3.5499	0.06665529732006326
18	0.6	6.96625	4.872610937499999	0.07809216769429562
18	0.7	10.14375	4.6755859375	0.07649704025866243
18	0.8	13.89875	3.8484984375000004	0.06940204501086125
18	0.9	15.505	1.459975	0.04274637781169329
18	1.0	16.895	0.783975	0.031324036203131116
20	0.0	0.0	0.0	0.0
20	0.1	0.695	0.491975	0.02481407711418633
20	0.2	1.245	0.934975	0.03420791541216824
20	0.3	2.14	1.5304	0.04376521727129324
20	0.4	3.4	2.27	0.05330151324439746
20	0.5	5.015	3.932275	0.0701533721179845
20	0.6	7.705	5.927975	0.08613502657748694
20	0.7	11.24375	5.5293359375	0.08318846267528837
20	0.8	15.54875	4.0751234375	0.07141624217524359
20	0.9	17.27625	1.5799359375	0.044467872238862685
20	1.0	18.935	0.8107749999999999	0.031854939514372495
22	0.0	0.0	0.0	0.0
22	0.1	0.75	0.59	0.027173940251387585
22	0.2	1.335	1.2127750000000002	0.038959800854255586
22	0.3	2.18125	2.0833984375	0.05106375849038097
22	0.4	3.48	2.5396000000000005	0.05637794862678319
22	0.5	5.02875	3.5629234375	0.0667774537721405
22	0.6	8.4575	5.925693750000001	0.08611845140322782
22	0.7	12.71	6.495900000000001	0.09016672083941872
22	0.8	17.13	4.543100000000001	0.07540545390154231
22	0.9	18.565	2.0057750000000003	0.05010345991914967
22	1.0	19.78	1.1816	0.03845580009180508
22	0.0	0.0	0.0	0.0
22	0.1	0.79	0.5759000000000001	0.026847271182793477
22	0.2	1.425	1.254375	0.03962235687026888
22	0.3	2.285	2.273775	0.053345814924532296
22	0.4	3.64	2.9003999999999994	0.060249792920255466
22	0.5	5.23	3.8771000000000004	0.0696594613149453
22	0.6	8.84	6.114400000000001	0.0874789443645379
22	0.7	13.145	7.153975	0.09462378573082214
22	0.8	17.865	4.886775	0.07820558734748724
22	0.9	19.555	1.796975	0.047423939498389765
22	1.0	20.705	1.2579749999999996	0.039679173328019235
22	0.0	0.0	0.0	0.0
22	0.1	0.78	0.7515999999999998	0.030670439266596874
22	0.2	1.325	1.019375	0.035718531841274215
22	0.3	2.105	1.323975	0.04070675681091012
22	0.4	3.55625	2.2143359375	0.05264393746733883
22	0.5	5.14	4.0604	0.07128711184635159
22	0.6	8.12875	6.0021734375	0.08667241158833745
22	0.7	11.925	6.859375	0.09265500492375885
22	0.8	16.58375	3.7554859375000005	0.06855824321528343
22	0.9	18.28	1.4816	0.04306179161822827
22	1.0	19.945	1.011975	0.03558864903202854
22	0.0	0.0	0.0	0.0
22	0.1	0.77375	0.7000609374999999	0.02960019233227437
22	0.2	1.335	1.002775	0.035426509098889024
22	0.3	2.11625	1.5752359375	0.04440168137031117
22	0.4	3.54	2.5534	0.05653091791976373
22	0.5	5.01875	4.0708984375	0.07137921116549453
22	0.6	8.37	6.2531	0.08846557351377653
22	0.7	12.045	6.9829750000000015	0.09348605941064242
22	0.8	16.885	4.021775	0.07094723841206134
22	0.9	18.2175	2.1676937499999998	0.052086547668856634
22	1.0	19.96	0.9083999999999999	0.03371826139407693
22	0.0	0.0	0.0	0.0
22	0.1	0.82	0.7276	0.030176784087644935
22	0.2	1.3	0.9899999999999999	0.03520012515622305
22	0.3	2.2	1.41	0.042008402520840295
22	0.4	3.525	2.1593750000000003	0.05198650782890987
22	0.5	5.125	4.189375	0.07241044704358145
22	0.6	8.025	6.364375	0.08924923266849354
22	0.7	11.895	6.453974999999999	0.08987527862061911
22	0.8	16.615	4.346775	0.07375817979287413
22	0.9	18.21	1.6258999999999997	0.04511007258152427
22	1.0	19.955	0.9729749999999997	0.034896144860968474
22	0.0	0.0	0.0	0.0
22	0.1	0.82	0.7575999999999999	0.030792616510121777
22	0.2	1.36	1.1129	0.03732112113272127
22	0.3	2.21	1.4258999999999997	0.04224459441391874
22	0.4	3.52	2.3396	0.054112477306535435
22	0.5	4.975	4.304375	0.07339756639999587
22	0.6	8.35	6.9075	0.09297946803916474
22	0.7	11.915	6.997775000000002	0.09358507604352626
22	0.8	16.765	3.899775	0.06986286406037473
22	0.9	18.255	1.8199750000000001	0.04772647085240047
22	1.0	19.94	0.9864	0.0351360666406147
22	0.0	0.0	0.0	0.0
22	0.1	0.81	0.6139000000000001	0.027718863960741472
22	0.2	1.37	1.3031	0.040384571831982644
22	0.3	2.135	2.1067750000000003	0.051349437249909105
22	0.4	3.47375	2.1268109375	0.05159303221454777
22	0.5	4.89	3.6178999999999997	0.06729067575678487
22	0.6	8.235	6.169775	0.08787417759991314
22	0.7	12.79	7.3059	0.09562324380580765
22	0.8	16.97125	4.282923437500001	0.07321444352243878
22	0.9	18.57	1.9701	0.049655887203003395
22	1.0	19.92	1.0635999999999999	0.0364851196372395
22	0.0	0.0	0.0	0.0
22	0.1	0.8	0.6875000000000001	0.02933343763018588
22	0.2	1.32625	1.0873109374999999	0.03688956114576193
22	0.3	2.16	1.8744000000000005	0.048434826473513874
22	0.4	3.62	2.5056	0.05599928481574424
22	0.5	4.915	3.357775	0.06482647483705828
22	0.6	8.38	6.855599999999999	0.09262950545912464
22	0.7	12.2625	6.80359375	0.09227749513090688
22	0.8	16.94125	4.2327984375	0.07278475164459211
22	0.9	18.355	2.2889749999999993	0.053523824131755646
22	1.0	19.88375	1.0202359375	0.03573361212737368
22	0.0	0.0	0.0	0.0
22	0.1	0.75	0.605	0.027517203630084294
22	0.2	1.375	1.254375	0.03962235687026888
22	0.3	2.1975	1.9709937499999999	0.0496671493006148
22	0.4	3.485	2.599775	0.05704196685316959
22	0.5	4.9325	3.6154437499999994	0.06726782952207365
22	0.6	8.36	5.8104	0.08527655077828136
22	0.7	12.48	7.1321	0.09447900747556019
22	0.8	16.82	4.3675999999999995	0.07393465301294908
22	0.9	18.405	2.1509750000000003	0.0518852951694266
22	1.0	19.89375	1.0449609375	0.036164014805238946
24	0.0	0.0	0.0	0.0
24	0.1	0.73375	0.5303609375	0.025763945699319755
24	0.2	1.585	1.2127749999999997	0.03895980085425557
24	0.3	2.185	2.540775	0.05639098934758548
24	0.4	3.91	3.101899999999999	0.062307525907637454
24	0.5	6.035	4.1537749999999996	0.07210212997154133
24	0.6	9.27375	5.5688109375	0.08348488383630567
24	0.7	13.545	7.897975	0.09942245612021572
24	0.8	18.745	3.9799749999999996	0.07057758315538346
24	0.9	20.49	2.1498999999999997	0.05187232810496156
24	1.0	21.645	1.278975	0.04000899460823719
24	0.0	0.0	0.0	0.0
24	0.1	0.76625	0.4966109375000001	0.02493071594684011
24	0.2	1.54	1.0684	0.036567355172755014
24	0.3	2.34	3.0644000000000005	0.06192975147412639
24	0.4	3.815	3.230775	0.06358870303711524
24	0.5	5.56	4.166399999999999	0.07221162058619515
24	0.6	9.17	6.191099999999999	0.08802590925901359
24	0.7	13.64	6.8304	0.09245910370169966
24	0.8	18.665	4.922775000000001	0.07849312207299412
24	0.9	20.44625	2.0846109375	0.05107861541845406
24	1.0	21.61	1.3279000000000003	0.04076705091799857
24	0.0	0.0	0.0	0.0
24	0.1	0.81	0.5239	0.02560653467911738
24	0.2	1.54	1.0784	0.036738087986258994
24	0.3	2.365	2.781775	0.05900483635594407
24	0.4	3.905	3.088475	0.062172546448693036
24	0.5	5.64	4.322900000000001	0.07355533960890416
24	0.6	9.15	6.5575	0.09059323328702175
24	0.7	13.765	6.7097750000000005	0.09163905223685254
24	0.8	18.795	4.242974999999999	0.0728721942572737
24	0.9	20.46	2.3084000000000002	0.05375045478167181
24	1.0	21.66	1.2844000000000002	0.04009375745341682
24	0.0	0.0	0.0	0.0
24	0.1	0.74125	0.5417984375	0.02604027009188024
24	0.2	1.62	1.0756	0.03669036288196824
24	0.3	2.3475	2.8817437499999996	0.060055707868273835
24	0.4	4.05	3.3975	0.06520882024540274
24	0.5	6.25375	4.4293609374999985	0.07445556198339266
24	0.6	9.405	5.610975000000001	0.08380033932561887
24	0.7	14.13	8.5431	0.10340328960132492
24	0.8	19.225	5.154375	0.08031832008126069
24	0.9	21.33875	2.1564984375	0.05195186996505595
24	1.0	22.505	1.3099750000000003	0.04049096377816421
24	0.0	0.0	0.0	0.0
24	0.1	0.725	0.549375	0.026221712811684762
24	0.2	1.595	0.9309750000000002	0.03413466301318617
24	0.3	2.1975	2.7859937500000003	0.059049561818346065
24	0.4	3.825	3.174375	0.06303122177657919
24	0.5	6.055	4.391975	0.07414067574381614
24	0.6	9.01	5.5924000000000005	0.08366151481611278
24	0.7	13.68	7.437600000000002	0.09648127173054588
24	0.8	18.435	5.055775	0.07954639077517406
24	0.9	20.54	1.9184	0.04900001277106421
24	1.0	21.645	1.2889749999999998	0.04016510044949031
24	0.0	0.0	0.0	0.0
24	0.1	0.775	0.5443750000000002	0.026102114866436127
24	0.2	1.61	1.2279	0.03920198968156772
24	0.3	2.265	2.8597749999999995	0.05982635490255241
24	0.4	3.965	3.293775	0.06420569845927467
24	0.5	5.9325	4.26044375	0.07302205120683113
24	0.6	9.165	5.987775000000002	0.0865683912172765
24	0.7	13.68	7.827600000000001	0.09897851247829258
24	0.8	18.73	4.2071000000000005	0.07256346753722759
24	0.9	20.48	2.1395999999999997	0.05174792081945341
24	1.0	21.62375	1.2871859374999997	0.04013721673314997
24	0.0	0.0	0.0	0.0
24	0.1	0.7825	0.5701937499999999	0.026713933261275094
24	0.2	1.535	1.208775	0.038895498772749726
24	0.3	2.35	2.9375	0.06063390625908324
24	0.4	3.955	3.232975	0.06361034975335916
24	0.5	5.895	4.393975	0.07415755476457424
24	0.6	9.24125	6.7830484375000015	0.09213806121674678
24	0.7	13.85	7.3475	0.09589509808794514
24	0.8	18.78125	4.4308984375	0.07446848320338789
24	0.9	20.6025	2.11699375	0.05147381985206365
24	1.0	21.7	1.2399999999999998	0.039394668737103664
24	0.0	0.0	0.0	0.0
24	0.1	0.735	0.5347750000000001	0.025870937009067896
24	0.2	1.555	1.156975	0.03805297341841342
24	0.3	2.175	2.804375	0.0592440382662054
24	0.4	3.905	2.8259749999999997	0.0594717568458164
24	0.5	6.135	4.3667750000000005	0.07392766989070693
24	0.6	9.17	5.491099999999999	0.08290033523440946
24	0.7	13.595	6.970975000000001	0.09340569859844382
24	0.8	18.6725	4.04274375	0.07113195048974541
24	0.9	20.54125	2.0907984374999997	0.051154364507196924
24	1.0	21.645	1.3589749999999998	0.04124129976137402
24	0.0	0.0	0.0	0.0
24	0.1	0.675	0.519375	0.025495711190539266
24	0.2	1.585	1.1327749999999999	0.03765290063405072
24	0.3	2.225	2.954375	0.06080781806990799
24	0.4	3.89	3.0778999999999996	0.0620660151596447
24	0.5	6.075	4.429375	0.07445568017544386
24	0.6	9.17	5.551099999999999	0.0833520212671033
24	0.7	13.545	7.007975	0.09365325629960444
24	0.8	18.43	4.475099999999999	0.07483900116328984
24	0.9	20.485	2.249775	0.053063531950189535
24	1.0	21.58125	1.3308984375	0.04081305156868247
26	0.0	0.0	0.0	0.0
26	0.1	0.735	0.524775	0.025627909340628318
26	0.2	1.41	0.9319	0.034151616596366
26	0.3	2.56	2.6814	0.057930518133052764
26	0.4	4.5	3.22	0.06348257671939338
26	0.5	6.625	4.004375	0.07079359728655525
26	0.6	10.02	7.2296000000000005	0.09512260713408238
26	0.7	15.465	8.918775	0.10565236285678388
26	0.8	21.32	5.097600000000001	0.0798747455001322
26	0.9	23.475	2.2993749999999995	0.053645279568896184
26	1.0	24.7	1.3924999999999996	0.04174689814082568
26	0.0	0.0	0.0	0.0
26	0.1	0.76	0.5623999999999999	0.026530734060938935
26	0.2	1.5375	1.14859375	0.037914893002476434
26	0.3	2.41	2.4119	0.0549422270242842
26	0.4	4.105	3.8939749999999997	0.06981089242285973
26	0.5	6.24	4.6824	0.07655276224120491
26	0.6	9.74125	4.729298437499999	0.07693517936649782
26	0.7	15.03	9.689100000000002	0.1101205392579335
26	0.8	20.56	5.346400000000001	0.08180075919731168
26	0.9	22.39	2.5579	0.05658070979495685
26	1.0	23.7	1.17	0.03826657043708346
26	0.0	0.0	0.0	0.0
26	0.1	0.685	0.515775	0.025407196954236003
26	0.2	1.625	1.254375	0.03962235687026888
26	0.3	2.4	2.36	0.05434788050277517
26	0.4	4.115	3.341775	0.06467183937782069
26	0.5	6.41	4.1719	0.07225926758686554
26	0.6	9.67	4.561099999999999	0.07555468640857343
26	0.7	14.71	8.2059	0.10134205822834588
26	0.8	20.195	5.076975	0.07971299424695304
26	0.9	22.2	2.35	0.05423261445466404
26	1.0	23.6	1.27	0.039868369148652376
26	0.0	0.0	0.0	0.0
26	0.1	0.735	0.524775	0.025627909340628318
26	0.2	1.395	0.9289750000000001	0.03409797780092891
26	0.3	2.455	2.4579750000000002	0.05546453049182286
26	0.4	4.21	2.9959000000000002	0.06123366682177828
26	0.5	6.355	3.5189749999999997	0.06636432799356554
26	0.6	9.78	6.5716	0.09069057821086088
26	0.7	14.97	8.6491	0.104042809134826
26	0.8	20.71	4.7734000000000005	0.0772930641921723
26	0.9	22.55	2.2575000000000003	0.05315455538754943
26	1.0	23.75	1.1875	0.03855168985905463
26	0.0	0.0	0.0	0.0
26	0.1	0.785	0.5487749999999999	0.026207389875856225
26	0.2	1.445	1.016975	0.03567645949646284
26	0.3	2.395	2.6189750000000003	0.057252214105875686
26	0.4	4.24125	3.6955484375000003	0.06800894844217387
26	0.5	6.375	3.884375	0.0697247852782827
26	0.6	9.86	6.030399999999999	0.0868759707448848
26	0.7	14.94	9.6764	0.11004834527548489
26	0.8	20.6275	4.55624375	0.07551445377151658
26	0.9	22.38	2.5355999999999996	0.05633353205278298
26	1.0	23.71	1.3559	0.04119461427549278
26	0.0	0.0	0.0	0.0
26	0.1	0.785	0.5487749999999999	0.026207389875856225
26	0.2	1.51	1.0399	0.03607633403419315
26	0.3	2.385	2.499275	0.055928559383318345
26	0.4	4.145	3.883975000000001	0.06972119517277656
26	0.5	6.265	4.634775	0.07616245564293442
26	0.6	9.81	5.8439	0.08552202945383357
26	0.7	14.85	9.4975	0.10902629690478789
26	0.8	20.6	5.42	0.08236188043741159
26	0.9	22.44	2.7464	0.058628462548287665
26	1.0	23.675	1.189375	0.03858211339912484
26	0.0	0.0	0.0	0.0
26	0.1	0.735	0.544775	0.026111702860649542
26	0.2	1.605	1.0389749999999998	0.036060285359731714
26	0.3	2.545	2.387975	0.05466904636801785
26	0.4	4.15	3.4175000000000004	0.06540047038751813
26	0.5	6.47625	3.949435937499999	0.07030628449095894
26	0.6	9.735	5.724774999999999	0.08464587943977347
26	0.7	14.6	9.04	0.10636795888963901
26	0.8	20.14	5.1304	0.08013130650908898
26	0.9	22.175	2.5543750000000003	0.05654170988036393
26	1.0	23.54	1.1884000000000001	0.03856629615349066
26	0.0	0.0	0.0	0.0
26	0.1	0.71	0.5559000000000001	0.026376972549006904
26	0.2	1.5775	1.10899375	0.03725556547616323
26	0.3	2.5075	2.47994375	0.05571184298972382
26	0.4	4.025	3.329375	0.06455174210864938
26	0.5	6.4	3.74	0.06841674549282352
26	0.6	9.73	5.0171	0.07924155494459675
26	0.7	14.79	8.915899999999999	0.10563533276992014
26	0.8	20.1625	4.89859375	0.07830010102020762
26	0.9	22.135	2.1692750000000003	0.05210554178161326
26	1.0	23.605	1.2089750000000001	0.03889871640134274
26	0.0	0.0	0.0	0.0
26	0.1	0.725	0.549375	0.026221712811684762
26	0.2	1.56	1.2164	0.03901798308158295
26	0.3	2.465	2.478775	0.055698713480242905
26	0.4	4.11	3.6678999999999995	0.06775406457610664
26	0.5	6.335	4.082774999999999	0.07148325727110935
26	0.6	9.73	4.4071	0.07426822814730519
26	0.7	14.985	8.844775	0.10521314560219834
26	0.8	20.345	5.065975	0.07962659256054791
26	0.9	22.29	2.5259	0.056225676148205665
26	1.0	23.695	1.201975	0.038785940577522465
28	0.0	0.0	0.0	0.0
28	0.1	0.83	0.6711000000000001	0.028981457971135025
28	0.2	1.53	0.9390999999999999	0.034283293018980567
28	0.3	2.7	3.6800000000000006	0.06786572917530334
28	0.4	4.55	2.3475	0.05420375964312173
28	0.5	7.17	5.271100000000001	0.08122266556665196
28	0.6	10.39	8.367899999999999	0.10233751124470293
28	0.7	15.73	9.8271	0.11090197951942361
28	0.8	21.985	7.014775000000001	0.09369868224162639
28	0.9	24.52375	2.4369359375	0.05522664574166027
28	1.0	25.5	2.07	0.050899296881477506
28	0.0	0.0	0.0	0.0
28	0.1	0.8	0.67	0.02895769647661118
28	0.2	1.48	0.9996	0.03537038068479379
28	0.3	2.785	3.688775	0.06794659428251898
28	0.4	4.52	3.5496000000000003	0.06665248076020398
28	0.5	7.11	5.1678999999999995	0.08042362805753929
28	0.6	10.22	9.161599999999998	0.10708096430339606
28	0.7	15.79625	9.8722359375	0.11115637451972991
28	0.8	21.735	7.094774999999999	0.09423146083056777
28	0.9	24.55	1.9575000000000002	0.04949684254351202
28	1.0	25.39	1.8379000000000003	0.04796092485441783
28	0.0	0.0	0.0	0.0
28	0.1	0.755	0.664975	0.028848900738889564
28	0.2	1.48	0.9396000000000001	0.03429241843983982
28	0.3	2.725	3.629375	0.06739730518301466
28	0.4	4.55	2.8775	0.06001147157753362
28	0.5	7.28	4.9816	0.07896070853193271
28	0.6	10.3	9.29	0.10782872433744312
28	0.7	15.8	10.35	0.11381428783392675
28	0.8	21.86	7.380399999999997	0.09610955367644182
28	0.9	24.465	2.1637750000000002	0.05203944542219693
28	1.0	25.45	2.1875	0.05232396436202247
28	0.0	0.0	0.0	0.0
28	0.1	0.745	0.569975	0.02670880848265613
28	0.2	1.455	0.8579750000000002	0.03276905573505604
28	0.3	2.65125	3.1771234375000006	0.06305850272034427
28	0.4	4.7	3.29	0.06416889479197478
28	0.5	7.125	4.909375	0.07838621848935771
28	0.6	10.39	7.8279	0.09898040918157587
28	0.7	16.125	10.979375	0.11722369851855025
28	0.8	22.0275	6.29174375	0.08873850821966364
28	0.9	24.53625	2.5786859375	0.056810136960333185
28	1.0	25.44	1.8964	0.04871823922867007
28	0.0	0.0	0.0	0.0
28	0.1	0.84875	0.6908734375000002	0.029405316486514652
28	0.2	1.58625	0.9950609374999999	0.035289983005105365
28	0.3	2.68	3.9375999999999998	0.07020085612191856
28	0.4	4.515	2.469775	0.055597505368982766
28	0.5	7.195	6.156975	0.08778297707317624
28	0.6	10.395	9.108975000000001	0.10677298036802588
28	0.7	15.7	9.45	0.1087533176741354
28	0.8	22.105	6.383975	0.08938655489078912
28	0.9	24.525	2.169375	0.052106742757545316
28	1.0	25.49	2.2998999999999996	0.053651403442633305
28	0.0	0.0	0.0	0.0
28	0.1	0.785	0.598775	0.027375271813876192
28	0.2	1.43	0.8451	0.03252225578587303
28	0.3	2.7975	3.8614937499999997	0.06951912199462554
28	0.4	4.59	3.2519000000000005	0.06379625735939636
28	0.5	6.965	5.5237750000000005	0.08314662019927933
28	0.6	10.28	8.3216	0.1020539993016777
28	0.7	16.24	10.4224	0.11421166920121235
28	0.8	21.88	6.9856	0.09350362913184723
28	0.9	24.495	2.139975	0.05175245545679218
28	1.0	25.42	1.8235999999999997	0.04777397765705165
28	0.0	0.0	0.0	0.0
28	0.1	0.915	0.6752750000000001	0.029071466900290194
28	0.2	1.675	1.159375	0.03809242103983212
28	0.3	2.74	3.9024	0.06988637300228327
28	0.4	4.655	2.5659750000000003	0.0566699488607485
28	0.5	7.31	6.1239	0.08754687641179339
28	0.6	10.705	9.587974999999998	0.10954436868633917
28	0.7	16.24	10.2424	0.11322112779744184
28	0.8	22.71	6.685900000000001	0.09147587000675023
28	0.9	25.435	2.4857750000000003	0.05577730393756209
28	1.0	26.46	2.1284000000000005	0.05161230267323908
28	0.0	0.0	0.0	0.0
28	0.1	0.77375	0.6075609375	0.027575381664946344
28	0.2	1.4825	0.9096937499999999	0.033742263749690714
28	0.3	2.585	3.0277749999999997	0.061558553990991596
28	0.4	4.665	3.162775	0.06291595005214261
28	0.5	6.8775	4.55249375	0.07548337142511673
28	0.6	10.385	6.836775	0.09250224094975162
28	0.7	16.07	9.9351	0.11150972165030347
28	0.8	22.025	5.724375	0.08464292221060446
28	0.9	24.40375	2.4207359375	0.055042774781933174
28	1.0	25.46625	1.8288609374999998	0.0478428400448222
28	0.0	0.0	0.0	0.0
28	0.1	0.755	0.6449750000000001	0.028411754340957433
28	0.2	1.485	0.9197749999999999	0.03392871493471867
28	0.3	2.785	3.8587749999999996	0.06949464462848953
28	0.4	4.515	2.899775	0.06024330103130916
28	0.5	7.22375	5.0411859375	0.07943153739725559
28	0.6	10.275	9.109375	0.10677532468905475
28	0.7	15.78	9.9216	0.11143393514714435
28	0.8	21.775	7.144375	0.09456027605320891
28	0.9	24.54	2.1684	0.052095032061193904
28	1.0	25.42	1.9535999999999996	0.049447510760406335
30	0.0	0.0	0.0	0.0
30	0.1	1.015	0.8447749999999999	0.032516001644631705
30	0.2	1.97	1.2391	0.03938036968968321
30	0.3	2.99375	2.7387109375	0.0585463343297795
30	0.4	4.90625	3.0524609375	0.061808992965338275
30	0.5	7.33	7.141099999999999	0.09453860023115998
30	0.6	11.16875	10.5877734375	0.11511420806311223
30	0.7	16.6325	8.51244375	0.10321759553261459
30	0.8	23.8	4.48	0.07487996234608554
30	0.9	26.32	2.9375999999999998	0.060634938316789365
30	1.0	27.385	1.846775	0.048076584190583804
30	0.0	0.0	0.0	0.0
30	0.1	0.975	0.841875	0.03246014211356045
30	0.2	1.97	1.1291	0.03759177339237242
30	0.3	3.105	2.5839749999999997	0.056868367868966485
30	0.4	4.955	3.980475	0.07058201630927564
30	0.5	7.055	6.581975	0.09076213944947975
30	0.6	11.3	10.52	0.11474518757922154
30	0.7	17.0625	9.50609375	0.1090756116132796
30	0.8	23.975	3.874375	0.0696349771131357
30	0.9	26.08375	3.6142359374999997	0.06725659249037799
30	1.0	27.28125	1.6721484375	0.04574714798554128
30	0.0	0.0	0.0	0.0
30	0.1	1.02	0.8846	0.03327362194587096
30	0.2	1.865	1.116775	0.037386038769420135
30	0.3	3.09	3.5618999999999996	0.06676786228637896
30	0.4	4.895	3.0939750000000004	0.06222788070005699
30	0.5	7.64125	7.795048437499999	0.09877249391311971
30	0.6	11.0	11.1	0.11786587910341578
30	0.7	16.63	10.623099999999999	0.11530608989970977
30	0.8	23.48625	5.987310937499999	0.08656503655528176
30	0.9	26.29	2.3158999999999996	0.05383770168435235
30	1.0	27.37	1.7331	0.046573451213619915
30	0.0	0.0	0.0	0.0
30	0.1	1.035	0.853775	0.03268875101703669
30	0.2	1.955	1.252975	0.03960023956641104
30	0.3	3.08	3.2436000000000003	0.06371479002621845
30	0.4	4.885	2.831775	0.0595327551535305
30	0.5	7.44	7.596399999999999	0.09750581639208944
30	0.6	11.0125	10.37234375	0.11393707367862341
30	0.7	16.485	9.009775	0.10618999078386977
30	0.8	23.57	4.9276	0.0785315797069184
30	0.9	26.23	2.5771	0.05679266465352775
30	1.0	27.395	1.628975	0.045152709874505474
30	0.0	0.0	0.0	0.0
30	0.1	1.01	0.9299	0.03411494961500079
30	0.2	2.005	1.224975	0.03915527000240455
30	0.3	3.155	2.630975	0.057383227457959034
30	0.4	4.795	3.1029749999999994	0.06231832167605808
30	0.5	7.08	7.143599999999999	0.09455514710900727
30	0.6	11.01625	10.9734859375	0.1171922563698913
30	0.7	17.015	9.204775	0.10733298286880129
30	0.8	23.895	3.403975	0.06527092857962923
30	0.9	26.095	3.4359750000000004	0.06557700954012222
30	1.0	27.31	1.7839	0.047251093450737865
30	0.0	0.0	0.0	0.0
30	0.1	1.015	0.844775	0.03251600164463171
30	0.2	1.99	1.2898999999999998	0.04017950959430751
30	0.3	3.06	2.9764	0.06103405971715257
30	0.4	4.86	3.2004	0.06328907396703246
30	0.5	7.185	7.070775000000001	0.09407194408179924
30	0.6	11.16	10.1944	0.11295551640295094
30	0.7	16.90125	9.9264984375	0.11146144002587083
30	0.8	23.795	3.9979749999999994	0.07073700166288728
30	0.9	26.315	3.2857749999999997	0.06412767888360492
30	1.0	27.36	1.8804000000000003	0.04851228506525761
30	0.0	0.0	0.0	0.0
30	0.1	1.01	0.8798999999999999	0.03318511058374778
30	0.2	1.995	1.154975	0.03802006913554129
30	0.3	3.255	2.789975	0.059091738355944556
30	0.4	5.105	4.643975	0.07623800917228356
30	0.5	7.335	6.4327749999999995	0.08972754616435158
30	0.6	11.7	11.47	0.11981420744378242
30	0.7	17.535	9.828775	0.11091143057318185
30	0.8	24.62625	4.0115609375	0.0708570891352863
30	0.9	27.05875	3.2752984375	0.064025362988094
30	1.0	28.265	1.5347750000000002	0.04382772909125707
30	0.0	0.0	0.0	0.0
30	0.1	1.015	0.8172750000000001	0.031982375465645634
30	0.2	1.995	1.284975	0.04010273103287816
30	0.3	3.095	2.7259749999999996	0.05841004551248838
30	0.4	4.92125	3.4400484375	0.06561586964913492
30	0.5	6.9825	7.002193749999999	0.09361461856201006
30	0.6	11.08	10.2536	0.1132830141796511
30	0.7	16.995	9.614975	0.10969850022306132
30	0.8	23.8175	3.9741937500000004	0.07052630457528813
30	0.9	26.3	3.18	0.06308704279573492
30	1.0	27.32	1.7275999999999996	0.046499491969717276
30	0.0	0.0	0.0	0.0
30	0.1	1.02	0.8696	0.032990308433890156
30	0.2	1.9925	1.1974437500000001	0.03871276320599971
30	0.3	3.0275	2.8567437500000006	0.05979463969429211
30	0.4	4.9	3.31	0.06436364150617116
30	0.5	7.44375	7.1493359375	0.0945931009128064
30	0.6	11.0775	11.09899375	0.11786053652553771
30	0.7	16.6075	8.403443750000001	0.1025546269159873
30	0.8	23.64	4.2204	0.07267807529293381
30	0.9	26.275	2.986875	0.06114136556562207
30	1.0	27.42	1.6135999999999995	0.04493911887773149
32	0.0	0.0	0.0	0.0
32	0.1	1.03375	0.8426109375000002	0.0324743267712983
32	0.2	2.05125	1.4161234375	0.04209952207654907
32	0.3	3.37875	2.7827984374999994	0.05901568953582798
32	0.4	5.31	3.8239	0.06917989102081662
32	0.5	7.71	5.8559	0.08560979088497536
32	0.6	12.2875	11.34984375	0.11918498652836777
32	0.7	18.495	9.649975000000001	0.10989797863079155
32	0.8	25.22625	4.4250609375	0.07441941267642388
32	0.9	27.895	3.0239749999999996	0.06151991242297621
32	1.0	29.19625	1.5852359374999998	0.04454239500819789
32	0.0	0.0	0.0	0.0
32	0.1	1.005	0.774975	0.03114371788908549
32	0.2	2.055	1.431975	0.04233448961856137
32	0.3	3.49	2.8599	0.059827662385247046
32	0.4	5.4875	3.95484375	0.07035440188666973
32	0.5	8.06375	5.474685937500001	0.08277633916029976
32	0.6	12.145	9.453975	0.10877618799094912
32	0.7	18.385	7.1167750000000005	0.09437744766778425
32	0.8	25.04	4.828399999999999	0.07773708135292699
32	0.9	27.985	2.334775	0.05405664993090295
32	1.0	29.265	1.6847750000000006	0.04591954383083569
32	0.0	0.0	0.0	0.0
32	0.1	1.005	0.774975	0.03114371788908549
32	0.2	2.045	1.242975	0.039441898143490146
32	0.3	3.58	2.9636	0.06090267991251006
32	0.4	5.415	3.3027749999999996	0.06429335731429359
32	0.5	8.015	5.634775000000001	0.08397787866534505
32	0.6	12.285	10.523775	0.11476577333164496
32	0.7	18.605	8.728975	0.10452212609564754
32	0.8	25.07	4.2151	0.07263242620669393
32	0.9	27.93	2.3650999999999995	0.05440657215693094
32	1.0	29.235	1.4597750000000003	0.04274344982718301
32	0.0	0.0	0.0	0.0
32	0.1	0.94	0.6863999999999999	0.02930996148586481
32	0.2	2.0525	1.3672437500000008	0.041366576841690685
32	0.3	3.35	2.8675	0.05990710372189121
32	0.4	5.41375	4.6950609375	0.07665618948335245
32	0.5	7.93	5.3850999999999996	0.08209628340970807
32	0.6	12.03	8.6491	0.104042809134826
32	0.7	18.4925	8.96744375	0.10594023718502107
32	0.8	24.91875	5.1396484375	0.08020349929085464
32	0.9	27.995	2.6149750000000007	0.05720847631429064
32	1.0	29.24	1.6024	0.04478288605711456
32	0.0	0.0	0.0	0.0
32	0.1	0.935	0.680775	0.029189617884451662
32	0.2	2.195	1.3469749999999998	0.04105881187444025
32	0.3	3.42	3.1236	0.06252508883173834
32	0.4	5.605	4.468975	0.07478776813643082
32	0.5	8.225	5.024375	0.0792989858790881
32	0.6	12.385	8.856775	0.10528449449456562
32	0.7	18.91	8.7219	0.10447975892502474
32	0.8	25.725	5.009375	0.07918052598093975
32	0.9	28.84875	2.5933734374999995	0.05697169485273358
32	1.0	30.175	1.864375	0.04830512893940265
32	0.0	0.0	0.0	0.0
32	0.1	0.915	0.657775	0.028692295303133258
32	0.2	2.04375	1.3593359375	0.04124677614739352
32	0.3	3.345	2.765975	0.05883702911427244
32	0.4	5.455	4.347975	0.07376836018039598
32	0.5	8.15	4.8175	0.07764928695555344
32	0.6	12.0225	9.06449375	0.10651196263909299
32	0.7	18.405	8.510975	0.10320869048796376
32	0.8	24.995	5.154975	0.08032299471103643
32	0.9	28.04	2.4208999999999996	0.05504463997963934
32	1.0	29.26	1.5024000000000002	0.04336300771449739
32	0.0	0.0	0.0	0.0
32	0.1	1.015	0.8647750000000001	0.03289865729881816
32	0.2	2.0275	1.22674375	0.03918352809015531
32	0.3	3.45625	2.5855859375	0.05688609193990429
32	0.4	5.35	3.2875	0.06414450987952598
32	0.5	7.815	6.648275000000001	0.09121811596854576
32	0.6	12.335	10.612775	0.11525004106270935
32	0.7	18.625	9.624375	0.10975211003471112
32	0.8	25.22	4.531600000000001	0.07530995609385636
32	0.9	27.91	2.8118999999999996	0.059323469998102514
32	1.0	29.19	1.6939000000000004	0.04604372955451276
32	0.0	0.0	0.0	0.0
32	0.1	1.04	0.8383999999999999	0.032393080118282
32	0.2	2.045	1.242975	0.039441898143490146
32	0.3	3.42	2.6536	0.05762943205775261
32	0.4	5.31125	3.7068734374999996	0.06811307536493699
32	0.5	7.79375	6.5512109375	0.09054978050946833
32	0.6	12.13	10.1431	0.11267095202085854
32	0.7	18.24	9.1224	0.10685163353681991
32	0.8	25.2425	4.2736937500000005	0.07313551251949603
32	0.9	28.0	3.39	0.06513680606523838
32	1.0	29.24	1.4924000000000002	0.0432184543163203
32	0.0	0.0	0.0	0.0
32	0.1	1.015	0.8047749999999999	0.03173685215535582
32	0.2	2.02	1.2695999999999998	0.03986209017087525
32	0.3	3.53	3.0041	0.06131741009677611
32	0.4	5.485	3.3597750000000004	0.06484577834146868
32	0.5	7.995	5.674975	0.08427690666039722
32	0.6	12.21625	10.519485937499999	0.11474238401845151
32	0.7	18.43	7.8651	0.09921531937911289
32	0.8	25.01	4.6099	0.07595779738598048
32	0.9	27.91	2.4918999999999993	0.05584597986277563
32	1.0	29.205	1.6329749999999996	0.04520811284308981
34	0.0	0.0	0.0	0.0
34	0.1	0.91	0.6544	0.028618591504905613
34	0.2	2.21875	1.9208984375	0.04903191009061259
34	0.3	3.275	3.129375	0.06258286121733078
34	0.4	5.635	4.771775	0.07727990670268027
34	0.5	8.22	5.411600000000001	0.08229803283043709
34	0.6	12.69	9.743900000000002	0.11043151225362839
34	0.7	19.435	8.605775000000001	0.10378189679625384
34	0.8	26.38	4.185599999999999	0.07237781555995966
34	0.9	29.62	2.3056	0.05371784627813136
34	1.0	31.185	1.720775	0.04640755139018369
34	0.0	0.0	0.0	0.0
34	0.1	0.92	0.6136	0.02771209032060595
34	0.2	2.195	2.376975	0.054542986916534204
34	0.3	3.32625	3.1073109375000003	0.0623618466835069
34	0.4	5.465	4.178775000000001	0.07231878219261079
34	0.5	8.05375	6.078360937499999	0.08722075726280337
34	0.6	12.64	10.6054	0.1152099894848375
34	0.7	19.375	8.844375	0.10521076647248208
34	0.8	26.29	5.415899999999999	0.08233072291021529
34	0.9	29.565	2.3257750000000006	0.05395236159476307
34	1.0	31.115	1.6017750000000002	0.044774151648242035
34	0.0	0.0	0.0	0.0
34	0.1	0.8675	0.61744375	0.027798752684491383
34	0.2	2.27	2.4171	0.05500142221394776
34	0.3	3.305	2.961975	0.06088598055616216
34	0.4	5.54125	4.3182984375	0.07351618075577747
34	0.5	8.1	5.37	0.08198110225172633
34	0.6	12.6	9.8	0.11074895784873429
34	0.7	19.245	8.614975	0.1038373559737512
34	0.8	26.285	4.473775	0.07482792107372267
34	0.9	29.58	2.2036	0.05251616355268981
34	1.0	31.15	1.5375000000000003	0.04386662000243519
34	0.0	0.0	0.0	0.0
34	0.1	1.03	0.7990999999999999	0.03162475543692879
34	0.2	2.24	2.3524000000000003	0.05426030063758956
34	0.3	3.74	3.1123999999999996	0.062412892991067094
34	0.4	5.525	4.099375	0.07162843038940657
34	0.5	8.215	6.658775	0.09129012053686063
34	0.6	12.865	10.656774999999998	0.1154887042138808
34	0.7	19.81	9.0339	0.1063320654138203
34	0.8	27.315	5.705775000000001	0.08450529676580544
34	0.9	30.41	2.9219000000000004	0.060472689560895264
34	1.0	31.975	1.584375	0.0445302979362688
34	0.0	0.0	0.0	0.0
34	0.1	0.995	0.7149749999999999	0.02991383119262352
34	0.2	2.19	2.2039	0.05251973822887484
34	0.3	3.4675	2.88894375	0.06013068527498709
34	0.4	5.535	3.9487750000000004	0.07030040137183644
34	0.5	8.12875	5.804673437499999	0.0852345173656964
34	0.6	12.775	10.594375	0.11515008979142707
34	0.7	19.32	8.797600000000003	0.10493218502593901
34	0.8	26.465	5.128775000000001	0.08011861513164882
34	0.9	29.685	2.205775	0.05254207444499817
34	1.0	31.16	1.5844000000000003	0.04453064925873253
34	0.0	0.0	0.0	0.0
34	0.1	0.9175	0.5956937500000001	0.027304745446623032
34	0.2	2.3	1.81	0.047595500465702906
34	0.3	3.345	3.0359749999999996	0.06164185589352007
34	0.4	5.73	4.4571000000000005	0.07468833868093899
34	0.5	8.37	5.8131	0.0852963618020771
34	0.6	12.805	9.986975	0.11180046032401131
34	0.7	19.405	9.190975	0.10725249471237269
34	0.8	26.52	4.8796	0.07814815364035639
34	0.9	29.67375	2.8823109375000002	0.0600616176877887
34	1.0	31.15875	1.8385484375000005	0.047969384759633645
34	0.0	0.0	0.0	0.0
34	0.1	0.88	0.5856000000000001	0.027072424072873066
34	0.2	2.265	1.644775	0.0453711574396032
34	0.3	3.35	2.9475	0.06073702522177876
34	0.4	5.71	4.245900000000001	0.07289730805662427
34	0.5	8.32	5.617600000000001	0.08384979717093542
34	0.6	12.895	9.473975000000001	0.10889118588275955
34	0.7	19.42	8.2836	0.10182072148710787
34	0.8	26.44625	5.3096109375000005	0.08151883415676311
34	0.9	29.74	2.8874	0.06011461726578041
34	1.0	31.15	1.8475	0.04808602012710743
34	0.0	0.0	0.0	0.0
34	0.1	0.865	0.6567750000000001	0.02867047689360317
34	0.2	2.23	2.1771	0.05219943463506358
34	0.3	3.22	2.971600000000001	0.060984825458225374
34	0.4	5.595	4.760974999999999	0.07719240301904598
34	0.5	8.04	5.838399999999999	0.0854817753523916
34	0.6	12.5625	9.78609375	0.11067035328564946
34	0.7	19.34	9.3444	0.10814397301108962
34	0.8	26.26	4.8524	0.07793004147442278
34	0.9	29.64	2.4504	0.055378999105503965
34	1.0	31.105	1.876475	0.048461628240956844
34	0.0	0.0	0.0	0.0
34	0.1	1.005	0.724975	0.030122299732531558
34	0.2	2.205	2.252975	0.05310125638143234
34	0.3	3.6	3.215	0.06343326985624988
34	0.4	5.445	4.146975000000001	0.07204308785813646
34	0.5	7.9975	6.667493750000001	0.09134986691414246
34	0.6	12.605	10.178975000000001	0.11287002836949303
34	0.7	19.31	9.1439	0.10697747531738447
34	0.8	26.61125	5.2326234375	0.0809256788896744
34	0.9	29.56625	2.7056109374999995	0.05819146397861947
34	1.0	31.11625	1.5352359375000004	0.04383430996705503
36	0.0	0.0	0.0	0.0
36	0.1	1.0825	0.72569375	0.030137227860719224
36	0.2	2.27625	2.0074359375000004	0.05012420040467239
36	0.3	3.94125	3.0477984375	0.06176176966469746
36	0.4	5.66875	4.0590234375	0.071275026893705
36	0.5	8.6425	6.334693750000001	0.08904087563820351
36	0.6	12.8975	10.359493750000002	0.11386647511534725
36	0.7	20.01875	8.0308984375	0.10025560847485455
36	0.8	27.96	7.588399999999999	0.0974544596960206
36	0.9	31.24	2.7374000000000005	0.05853232047916642
36	0.0	0.0	0.0	0.0
36	0.1	1.07	0.7350999999999999	0.030331914401981148
36	0.2	2.315	2.0757749999999997	0.05097024826072264
36	0.3	3.93	3.0850999999999997	0.0621385669441881
36	0.4	5.72875	4.3876734375	0.07410435963572776
36	0.5	8.415	6.0577749999999995	0.08707293419793143
36	0.6	12.75625	10.4843359375	0.11455052247643627
36	0.7	20.0825	9.13569375	0.10692946074150045
36	0.8	28.085	7.322775	0.09573361429577736
36	0.9	31.24375	2.6218359375	0.05728347639336876
36	1.0	32.94375	1.6030859374999997	0.044792470110480036
36	0.0	0.0	0.0	0.0
36	0.1	1.08	0.7935999999999999	0.03151573498968292
36	0.2	2.385	1.9867750000000002	0.04986558904910297
36	0.3	3.93	3.2551	0.06382763867889955
36	0.4	5.635	4.321775	0.07354576789298423
36	0.5	8.54	6.008400000000002	0.086717356249159
36	0.6	12.8075	11.17544375	0.11826575232380628
36	0.7	20.30875	9.2109234375	0.10736882404751709
36	0.8	28.11	5.8779	0.08577045361540149
36	0.9	31.32	2.6376	0.0574554297522002
36	1.0	32.985	1.4372750000000003	0.04241276108529835
