rank= 3 Lx=Ly=22 pg= 0.500 ids=   3 TEE=0
rank= 1 Lx=Ly=22 pg= 0.500 ids=   1 TEE=0
rank=67 Lx=Ly=22 pg= 0.500 ids=  67 TEE=0
rank= 7 Lx=Ly=22 pg= 0.500 ids=   7 TEE=0
rank=65 Lx=Ly=22 pg= 0.500 ids=  65 TEE=0
rank=75 Lx=Ly=22 pg= 0.500 ids=  75 TEE=0
rank=73 Lx=Ly=22 pg= 0.500 ids=  73 TEE=0
rank=79 Lx=Ly=22 pg= 0.500 ids=  79 TEE=0
rank=42 Lx=Ly=22 pg= 0.500 ids=  42 TEE=0
rank=33 Lx=Ly=22 pg= 0.500 ids=  33 TEE=0
rank=44 Lx=Ly=22 pg= 0.500 ids=  44 TEE=0
rank=43 Lx=Ly=22 pg= 0.500 ids=  43 TEE=0
rank=47 Lx=Ly=22 pg= 0.500 ids=  47 TEE=0
rank=97 Lx=Ly=22 pg= 0.500 ids=  97 TEE=0
rank=72 Lx=Ly=22 pg= 0.500 ids=  72 TEE=0
rank=71 Lx=Ly=22 pg= 0.500 ids=  71 TEE=0
rank=39 Lx=Ly=22 pg= 0.500 ids=  39 TEE=0
rank=105 Lx=Ly=22 pg= 0.525 ids=   5 TEE=0
rank=11 Lx=Ly=22 pg= 0.500 ids=  11 TEE=0
rank=107 Lx=Ly=22 pg= 0.525 ids=   7 TEE=0
rank=109 Lx=Ly=22 pg= 0.525 ids=   9 TEE=0
rank=103 Lx=Ly=22 pg= 0.525 ids=   3 TEE=0
rank=15 Lx=Ly=22 pg= 0.500 ids=  15 TEE=0
rank= 2 Lx=Ly=22 pg= 0.500 ids=   2 TEE=0
rank= 6 Lx=Ly=22 pg= 0.500 ids=   6 TEE=0
rank=74 Lx=Ly=22 pg= 0.500 ids=  74 TEE=0
rank=40 Lx=Ly=22 pg= 0.500 ids=  40 TEE=0
rank=37 Lx=Ly=22 pg= 0.500 ids=  37 TEE=0
rank= 9 Lx=Ly=22 pg= 0.500 ids=   9 TEE=0
rank=45 Lx=Ly=22 pg= 0.500 ids=  45 TEE=0
rank=101 Lx=Ly=22 pg= 0.525 ids=   1 TEE=0
rank= 0 Lx=Ly=22 pg= 0.500 ids=   0 TEE=0
rank=35 Lx=Ly=22 pg= 0.500 ids=  35 TEE=0
rank=99 Lx=Ly=22 pg= 0.500 ids=  99 TEE=0
rank=10 Lx=Ly=22 pg= 0.500 ids=  10 TEE=0
rank=78 Lx=Ly=22 pg= 0.500 ids=  78 TEE=0
rank=32 Lx=Ly=22 pg= 0.500 ids=  32 TEE=0
rank= 8 Lx=Ly=22 pg= 0.500 ids=   8 TEE=0
rank=38 Lx=Ly=22 pg= 0.500 ids=  38 TEE=0
rank=13 Lx=Ly=22 pg= 0.500 ids=  13 TEE=0
rank=111 Lx=Ly=22 pg= 0.525 ids=  11 TEE=0
rank=14 Lx=Ly=22 pg= 0.500 ids=  14 TEE=0
rank=41 Lx=Ly=22 pg= 0.500 ids=  41 TEE=0
rank=34 Lx=Ly=22 pg= 0.500 ids=  34 TEE=0
rank= 4 Lx=Ly=22 pg= 0.500 ids=   4 TEE=0
rank=69 Lx=Ly=22 pg= 0.500 ids=  69 TEE=0
rank=12 Lx=Ly=22 pg= 0.500 ids=  12 TEE=0
rank=64 Lx=Ly=22 pg= 0.500 ids=  64 TEE=0
rank=77 Lx=Ly=22 pg= 0.500 ids=  77 TEE=0
rank=70 Lx=Ly=22 pg= 0.500 ids=  70 TEE=0
rank=89 Lx=Ly=22 pg= 0.500 ids=  89 TEE=0
rank=66 Lx=Ly=22 pg= 0.500 ids=  66 TEE=0
rank= 5 Lx=Ly=22 pg= 0.500 ids=   5 TEE=0
rank=93 Lx=Ly=22 pg= 0.500 ids=  93 TEE=0
rank=68 Lx=Ly=22 pg= 0.500 ids=  68 TEE=0
rank=95 Lx=Ly=22 pg= 0.500 ids=  95 TEE=0
rank=76 Lx=Ly=22 pg= 0.500 ids=  76 TEE=0
rank=17 Lx=Ly=22 pg= 0.500 ids=  17 TEE=0
rank=81 Lx=Ly=22 pg= 0.500 ids=  81 TEE=0
rank=46 Lx=Ly=22 pg= 0.500 ids=  46 TEE=0
rank=27 Lx=Ly=22 pg= 0.500 ids=  27 TEE=0
rank=29 Lx=Ly=22 pg= 0.500 ids=  29 TEE=0
rank=104 Lx=Ly=22 pg= 0.525 ids=   4 TEE=0
rank=91 Lx=Ly=22 pg= 0.500 ids=  91 TEE=0
rank=113 Lx=Ly=22 pg= 0.525 ids=  13 TEE=0
rank=31 Lx=Ly=22 pg= 0.500 ids=  31 TEE=0
rank=110 Lx=Ly=22 pg= 0.525 ids=  10 TEE=0
rank=23 Lx=Ly=22 pg= 0.500 ids=  23 TEE=0
rank=36 Lx=Ly=22 pg= 0.500 ids=  36 TEE=0
rank=59 Lx=Ly=22 pg= 0.500 ids=  59 TEE=0
rank=63 Lx=Ly=22 pg= 0.500 ids=  63 TEE=0
rank=85 Lx=Ly=22 pg= 0.500 ids=  85 TEE=0
rank=117 Lx=Ly=22 pg= 0.525 ids=  17 TEE=0
rank=49 Lx=Ly=22 pg= 0.500 ids=  49 TEE=0
rank=57 Lx=Ly=22 pg= 0.500 ids=  57 TEE=0
rank=51 Lx=Ly=22 pg= 0.500 ids=  51 TEE=0
rank=16 Lx=Ly=22 pg= 0.500 ids=  16 TEE=0
rank=19 Lx=Ly=22 pg= 0.500 ids=  19 TEE=0
rank=106 Lx=Ly=22 pg= 0.525 ids=   6 TEE=0
rank=18 Lx=Ly=22 pg= 0.500 ids=  18 TEE=0
rank=123 Lx=Ly=22 pg= 0.525 ids=  23 TEE=0
rank=48 Lx=Ly=22 pg= 0.500 ids=  48 TEE=0
rank=102 Lx=Ly=22 pg= 0.525 ids=   2 TEE=0
rank=55 Lx=Ly=22 pg= 0.500 ids=  55 TEE=0
rank=125 Lx=Ly=22 pg= 0.525 ids=  25 TEE=0
rank=53 Lx=Ly=22 pg= 0.500 ids=  53 TEE=0
rank=100 Lx=Ly=22 pg= 0.525 ids=   0 TEE=0
rank=98 Lx=Ly=22 pg= 0.500 ids=  98 TEE=0
rank=90 Lx=Ly=22 pg= 0.500 ids=  90 TEE=0
rank=52 Lx=Ly=22 pg= 0.500 ids=  52 TEE=0
rank=50 Lx=Ly=22 pg= 0.500 ids=  50 TEE=0
rank=121 Lx=Ly=22 pg= 0.525 ids=  21 TEE=0
rank=84 Lx=Ly=22 pg= 0.500 ids=  84 TEE=0
rank=83 Lx=Ly=22 pg= 0.500 ids=  83 TEE=0
rank=25 Lx=Ly=22 pg= 0.500 ids=  25 TEE=0
rank=82 Lx=Ly=22 pg= 0.500 ids=  82 TEE=0
rank=26 Lx=Ly=22 pg= 0.500 ids=  26 TEE=0
rank=94 Lx=Ly=22 pg= 0.500 ids=  94 TEE=0
rank=80 Lx=Ly=22 pg= 0.500 ids=  80 TEE=0
rank=24 Lx=Ly=22 pg= 0.500 ids=  24 TEE=0
rank=28 Lx=Ly=22 pg= 0.500 ids=  28 TEE=0
rank=127 Lx=Ly=22 pg= 0.525 ids=  27 TEE=0
rank=61 Lx=Ly=22 pg= 0.500 ids=  61 TEE=0
rank=119 Lx=Ly=22 pg= 0.525 ids=  19 TEE=0
rank=62 Lx=Ly=22 pg= 0.500 ids=  62 TEE=0
rank=58 Lx=Ly=22 pg= 0.500 ids=  58 TEE=0
rank=92 Lx=Ly=22 pg= 0.500 ids=  92 TEE=0
rank=20 Lx=Ly=22 pg= 0.500 ids=  20 TEE=1
rank=22 Lx=Ly=22 pg= 0.500 ids=  22 TEE=0
rank=21 Lx=Ly=22 pg= 0.500 ids=  21 TEE=0
rank=54 Lx=Ly=22 pg= 0.500 ids=  54 TEE=0
rank=87 Lx=Ly=22 pg= 0.500 ids=  87 TEE=0
rank=56 Lx=Ly=22 pg= 0.500 ids=  56 TEE=0
rank=108 Lx=Ly=22 pg= 0.525 ids=   8 TEE=0
rank=30 Lx=Ly=22 pg= 0.500 ids=  30 TEE=0
rank=96 Lx=Ly=22 pg= 0.500 ids=  96 TEE=0
rank=60 Lx=Ly=22 pg= 0.500 ids=  60 TEE=0
rank=88 Lx=Ly=22 pg= 0.500 ids=  88 TEE=0
rank=112 Lx=Ly=22 pg= 0.525 ids=  12 TEE=0
rank=114 Lx=Ly=22 pg= 0.525 ids=  14 TEE=0
rank=115 Lx=Ly=22 pg= 0.525 ids=  15 TEE=0
rank=120 Lx=Ly=22 pg= 0.525 ids=  20 TEE=0
rank=86 Lx=Ly=22 pg= 0.500 ids=  86 TEE=0
rank=124 Lx=Ly=22 pg= 0.525 ids=  24 TEE=0
rank=116 Lx=Ly=22 pg= 0.525 ids=  16 TEE=0
rank=126 Lx=Ly=22 pg= 0.525 ids=  26 TEE=0
rank=122 Lx=Ly=22 pg= 0.525 ids=  22 TEE=0
rank=118 Lx=Ly=22 pg= 0.525 ids=  18 TEE=0
rank= 3 Lx=Ly=22 pg= 0.525 ids=  31 TEE=0
rank= 1 Lx=Ly=22 pg= 0.525 ids=  29 TEE=0
rank= 7 Lx=Ly=22 pg= 0.525 ids=  35 TEE=0
rank=67 Lx=Ly=22 pg= 0.525 ids=  95 TEE=0
rank=42 Lx=Ly=22 pg= 0.525 ids=  70 TEE=0
rank=73 Lx=Ly=22 pg= 0.550 ids=   1 TEE=0
rank=75 Lx=Ly=22 pg= 0.550 ids=   3 TEE=0
rank=79 Lx=Ly=22 pg= 0.550 ids=   7 TEE=0
rank=43 Lx=Ly=22 pg= 0.525 ids=  71 TEE=0
rank=11 Lx=Ly=22 pg= 0.525 ids=  39 TEE=0
rank=33 Lx=Ly=22 pg= 0.525 ids=  61 TEE=0
rank=47 Lx=Ly=22 pg= 0.525 ids=  75 TEE=0
rank= 2 Lx=Ly=22 pg= 0.525 ids=  30 TEE=0
rank= 6 Lx=Ly=22 pg= 0.525 ids=  34 TEE=0
rank=97 Lx=Ly=22 pg= 0.550 ids=  25 TEE=0
rank=71 Lx=Ly=22 pg= 0.525 ids=  99 TEE=0
rank=44 Lx=Ly=22 pg= 0.525 ids=  72 TEE=0
rank=103 Lx=Ly=22 pg= 0.550 ids=  31 TEE=0
rank=72 Lx=Ly=22 pg= 0.550 ids=   0 TEE=0
rank=40 Lx=Ly=22 pg= 0.525 ids=  68 TEE=0
rank=105 Lx=Ly=22 pg= 0.550 ids=  33 TEE=0
rank=107 Lx=Ly=22 pg= 0.550 ids=  35 TEE=0
rank=109 Lx=Ly=22 pg= 0.550 ids=  37 TEE=0
rank=37 Lx=Ly=22 pg= 0.525 ids=  65 TEE=0
rank=74 Lx=Ly=22 pg= 0.550 ids=   2 TEE=0
rank=15 Lx=Ly=22 pg= 0.525 ids=  43 TEE=0
rank=65 Lx=Ly=22 pg= 0.525 ids=  93 TEE=0
rank=45 Lx=Ly=22 pg= 0.525 ids=  73 TEE=0
rank= 9 Lx=Ly=22 pg= 0.525 ids=  37 TEE=0
rank=35 Lx=Ly=22 pg= 0.525 ids=  63 TEE=0
rank=99 Lx=Ly=22 pg= 0.550 ids=  27 TEE=0
rank= 4 Lx=Ly=22 pg= 0.525 ids=  32 TEE=0
rank=13 Lx=Ly=22 pg= 0.525 ids=  41 TEE=0
rank= 8 Lx=Ly=22 pg= 0.525 ids=  36 TEE=0
rank=10 Lx=Ly=22 pg= 0.525 ids=  38 TEE=0
rank=78 Lx=Ly=22 pg= 0.550 ids=   6 TEE=0
rank=69 Lx=Ly=22 pg= 0.525 ids=  97 TEE=0
rank=32 Lx=Ly=22 pg= 0.525 ids=  60 TEE=0
rank=34 Lx=Ly=22 pg= 0.525 ids=  62 TEE=0
rank=39 Lx=Ly=22 pg= 0.525 ids=  67 TEE=0
rank=41 Lx=Ly=22 pg= 0.525 ids=  69 TEE=0
rank=12 Lx=Ly=22 pg= 0.525 ids=  40 TEE=0
rank=38 Lx=Ly=22 pg= 0.525 ids=  66 TEE=0
rank=111 Lx=Ly=22 pg= 0.550 ids=  39 TEE=0
rank=14 Lx=Ly=22 pg= 0.525 ids=  42 TEE=0
rank=89 Lx=Ly=22 pg= 0.550 ids=  17 TEE=0
rank=64 Lx=Ly=22 pg= 0.525 ids=  92 TEE=0
rank= 0 Lx=Ly=22 pg= 0.525 ids=  28 TEE=1
rank=70 Lx=Ly=22 pg= 0.525 ids=  98 TEE=0
rank=101 Lx=Ly=22 pg= 0.550 ids=  29 TEE=0
rank=66 Lx=Ly=22 pg= 0.525 ids=  94 TEE=0
rank=77 Lx=Ly=22 pg= 0.550 ids=   5 TEE=0
rank=68 Lx=Ly=22 pg= 0.525 ids=  96 TEE=0
rank=36 Lx=Ly=22 pg= 0.525 ids=  64 TEE=0
rank=46 Lx=Ly=22 pg= 0.525 ids=  74 TEE=0
rank=93 Lx=Ly=22 pg= 0.550 ids=  21 TEE=0
rank=95 Lx=Ly=22 pg= 0.550 ids=  23 TEE=0
rank=27 Lx=Ly=22 pg= 0.525 ids=  55 TEE=0
rank= 5 Lx=Ly=22 pg= 0.525 ids=  33 TEE=0
rank=81 Lx=Ly=22 pg= 0.550 ids=   9 TEE=0
rank=91 Lx=Ly=22 pg= 0.550 ids=  19 TEE=0
rank=17 Lx=Ly=22 pg= 0.525 ids=  45 TEE=0
rank=76 Lx=Ly=22 pg= 0.550 ids=   4 TEE=0
rank=29 Lx=Ly=22 pg= 0.525 ids=  57 TEE=0
rank=59 Lx=Ly=22 pg= 0.525 ids=  87 TEE=0
rank=85 Lx=Ly=22 pg= 0.550 ids=  13 TEE=0
rank=57 Lx=Ly=22 pg= 0.525 ids=  85 TEE=0
rank=63 Lx=Ly=22 pg= 0.525 ids=  91 TEE=0
rank=31 Lx=Ly=22 pg= 0.525 ids=  59 TEE=0
rank=113 Lx=Ly=22 pg= 0.550 ids=  41 TEE=0
rank=49 Lx=Ly=22 pg= 0.525 ids=  77 TEE=0
rank=51 Lx=Ly=22 pg= 0.525 ids=  79 TEE=0
rank=55 Lx=Ly=22 pg= 0.525 ids=  83 TEE=0
rank=123 Lx=Ly=22 pg= 0.550 ids=  51 TEE=0
rank=23 Lx=Ly=22 pg= 0.525 ids=  51 TEE=0
rank=18 Lx=Ly=22 pg= 0.525 ids=  46 TEE=0
rank=117 Lx=Ly=22 pg= 0.550 ids=  45 TEE=0
rank=53 Lx=Ly=22 pg= 0.525 ids=  81 TEE=0
rank=104 Lx=Ly=22 pg= 0.550 ids=  32 TEE=0
rank=16 Lx=Ly=22 pg= 0.525 ids=  44 TEE=0
rank=110 Lx=Ly=22 pg= 0.550 ids=  38 TEE=0
rank=106 Lx=Ly=22 pg= 0.550 ids=  34 TEE=0
rank=48 Lx=Ly=22 pg= 0.525 ids=  76 TEE=0
rank=19 Lx=Ly=22 pg= 0.525 ids=  47 TEE=0
rank=125 Lx=Ly=22 pg= 0.550 ids=  53 TEE=0
rank=121 Lx=Ly=22 pg= 0.550 ids=  49 TEE=0
rank=90 Lx=Ly=22 pg= 0.550 ids=  18 TEE=0
rank=102 Lx=Ly=22 pg= 0.550 ids=  30 TEE=0
rank=84 Lx=Ly=22 pg= 0.550 ids=  12 TEE=0
rank=50 Lx=Ly=22 pg= 0.525 ids=  78 TEE=0
rank=25 Lx=Ly=22 pg= 0.525 ids=  53 TEE=0
rank=52 Lx=Ly=22 pg= 0.525 ids=  80 TEE=0
rank=80 Lx=Ly=22 pg= 0.550 ids=   8 TEE=0
rank=100 Lx=Ly=22 pg= 0.550 ids=  28 TEE=0
rank=127 Lx=Ly=22 pg= 0.550 ids=  55 TEE=0
rank=94 Lx=Ly=22 pg= 0.550 ids=  22 TEE=0
rank=119 Lx=Ly=22 pg= 0.550 ids=  47 TEE=0
rank=83 Lx=Ly=22 pg= 0.550 ids=  11 TEE=0
rank=24 Lx=Ly=22 pg= 0.525 ids=  52 TEE=0
rank=82 Lx=Ly=22 pg= 0.550 ids=  10 TEE=0
rank=26 Lx=Ly=22 pg= 0.525 ids=  54 TEE=0
rank=28 Lx=Ly=22 pg= 0.525 ids=  56 TEE=0
rank=20 Lx=Ly=22 pg= 0.525 ids=  48 TEE=0
rank=22 Lx=Ly=22 pg= 0.525 ids=  50 TEE=0
rank=61 Lx=Ly=22 pg= 0.525 ids=  89 TEE=0
rank=58 Lx=Ly=22 pg= 0.525 ids=  86 TEE=0
rank=115 Lx=Ly=22 pg= 0.550 ids=  43 TEE=0
rank=21 Lx=Ly=22 pg= 0.525 ids=  49 TEE=0
rank=62 Lx=Ly=22 pg= 0.525 ids=  90 TEE=0
rank=56 Lx=Ly=22 pg= 0.525 ids=  84 TEE=0
rank=98 Lx=Ly=22 pg= 0.550 ids=  26 TEE=0
rank=60 Lx=Ly=22 pg= 0.525 ids=  88 TEE=0
rank=87 Lx=Ly=22 pg= 0.550 ids=  15 TEE=0
rank=30 Lx=Ly=22 pg= 0.525 ids=  58 TEE=0
rank=54 Lx=Ly=22 pg= 0.525 ids=  82 TEE=0
rank=96 Lx=Ly=22 pg= 0.550 ids=  24 TEE=0
rank=88 Lx=Ly=22 pg= 0.550 ids=  16 TEE=0
rank=108 Lx=Ly=22 pg= 0.550 ids=  36 TEE=0
rank=86 Lx=Ly=22 pg= 0.550 ids=  14 TEE=0
rank=112 Lx=Ly=22 pg= 0.550 ids=  40 TEE=0
rank=114 Lx=Ly=22 pg= 0.550 ids=  42 TEE=0
rank=120 Lx=Ly=22 pg= 0.550 ids=  48 TEE=0
rank=92 Lx=Ly=22 pg= 0.550 ids=  20 TEE=0
rank=116 Lx=Ly=22 pg= 0.550 ids=  44 TEE=0
rank=124 Lx=Ly=22 pg= 0.550 ids=  52 TEE=0
rank=126 Lx=Ly=22 pg= 0.550 ids=  54 TEE=0
rank=122 Lx=Ly=22 pg= 0.550 ids=  50 TEE=0
rank=118 Lx=Ly=22 pg= 0.550 ids=  46 TEE=0
srun: Job step aborted: Waiting up to 42 seconds for job step to finish.
slurmstepd: error: *** JOB 2615519 ON c15u06n1 CANCELLED AT 2025-07-24T02:44:07 ***
