Lx=Ly=10 rank= 0 ids=   0 pg= 0.000 it=   0 TEE=0
Lx=Ly=10 rank= 1 ids=   1 pg= 0.000 it=   0 TEE=0
Lx=Ly=10 rank= 2 ids=   2 pg= 0.000 it=   0 TEE=0
Lx=Ly=10 rank= 3 ids=   3 pg= 0.000 it=   0 TEE=0
Lx=Ly=10 rank= 4 ids=   4 pg= 0.000 it=   0 TEE=0
Lx=Ly=10 rank= 5 ids=   5 pg= 0.000 it=   0 TEE=0
Lx=Ly=10 rank= 6 ids=   6 pg= 0.000 it=   0 TEE=0
Lx=Ly=10 rank= 7 ids=   7 pg= 0.000 it=   0 TEE=0
Lx=Ly=10 rank= 8 ids=   8 pg= 0.000 it=   0 TEE=0
Lx=Ly=10 rank= 9 ids=   9 pg= 0.000 it=   0 TEE=0
Lx=Ly=10 rank=10 ids=   0 pg= 0.050 it=   0 TEE=0
Lx=Ly=10 rank=11 ids=   1 pg= 0.050 it=   0 TEE=0
Lx=Ly=10 rank=12 ids=   2 pg= 0.050 it=   0 TEE=0
Lx=Ly=10 rank=13 ids=   3 pg= 0.050 it=   0 TEE=0
Lx=Ly=10 rank=14 ids=   4 pg= 0.050 it=   0 TEE=0
Lx=Ly=10 rank=15 ids=   5 pg= 0.050 it=   0 TEE=0
Lx=Ly=10 rank=16 ids=   6 pg= 0.050 it=   0 TEE=0
Lx=Ly=10 rank=17 ids=   7 pg= 0.050 it=   0 TEE=0
Lx=Ly=10 rank=18 ids=   8 pg= 0.050 it=   0 TEE=0
Lx=Ly=10 rank=19 ids=   9 pg= 0.050 it=   0 TEE=0
Lx=Ly=10 rank=20 ids=   0 pg= 0.100 it=   0 TEE=0
Lx=Ly=10 rank=21 ids=   1 pg= 0.100 it=   0 TEE=0
Lx=Ly=10 rank=22 ids=   2 pg= 0.100 it=   0 TEE=0
Lx=Ly=10 rank=23 ids=   3 pg= 0.100 it=   0 TEE=0
Lx=Ly=10 rank=24 ids=   4 pg= 0.100 it=   0 TEE=0
Lx=Ly=10 rank=25 ids=   5 pg= 0.100 it=   0 TEE=0
Lx=Ly=10 rank=26 ids=   6 pg= 0.100 it=   0 TEE=0
Lx=Ly=10 rank=27 ids=   7 pg= 0.100 it=   0 TEE=0
Lx=Ly=10 rank=28 ids=   8 pg= 0.100 it=   0 TEE=0
Lx=Ly=10 rank=29 ids=   9 pg= 0.100 it=   0 TEE=0
Lx=Ly=10 rank=30 ids=   0 pg= 0.150 it=   0 TEE=0
Lx=Ly=10 rank=31 ids=   1 pg= 0.150 it=   0 TEE=0
Lx=Ly=10 rank=32 ids=   2 pg= 0.150 it=   0 TEE=0
Lx=Ly=10 rank=33 ids=   3 pg= 0.150 it=   0 TEE=0
Lx=Ly=10 rank=34 ids=   4 pg= 0.150 it=   0 TEE=0
Lx=Ly=10 rank=35 ids=   5 pg= 0.150 it=   0 TEE=0
Lx=Ly=10 rank=36 ids=   6 pg= 0.150 it=   0 TEE=0
Lx=Ly=10 rank=37 ids=   7 pg= 0.150 it=   0 TEE=0
Lx=Ly=10 rank=38 ids=   8 pg= 0.150 it=   0 TEE=0
Lx=Ly=10 rank=39 ids=   9 pg= 0.150 it=   0 TEE=0
Lx=Ly=10 rank=40 ids=   0 pg= 0.200 it=   0 TEE=0
Lx=Ly=10 rank=41 ids=   1 pg= 0.200 it=   0 TEE=0
Lx=Ly=10 rank=42 ids=   2 pg= 0.200 it=   0 TEE=0
Lx=Ly=10 rank=43 ids=   3 pg= 0.200 it=   0 TEE=0
Lx=Ly=10 rank=44 ids=   4 pg= 0.200 it=   0 TEE=0
Lx=Ly=10 rank=45 ids=   5 pg= 0.200 it=   0 TEE=0
Lx=Ly=10 rank=46 ids=   6 pg= 0.200 it=   0 TEE=0
Lx=Ly=10 rank=47 ids=   7 pg= 0.200 it=   0 TEE=0
Lx=Ly=10 rank=48 ids=   8 pg= 0.200 it=   0 TEE=0
Lx=Ly=10 rank=49 ids=   9 pg= 0.200 it=   0 TEE=0
Lx=Ly=10 rank=50 ids=   0 pg= 0.250 it=   0 TEE=0
Lx=Ly=10 rank=51 ids=   1 pg= 0.250 it=   0 TEE=0
Lx=Ly=10 rank=52 ids=   2 pg= 0.250 it=   0 TEE=0
Lx=Ly=10 rank=53 ids=   3 pg= 0.250 it=   0 TEE=0
Lx=Ly=10 rank=54 ids=   4 pg= 0.250 it=   0 TEE=0
Lx=Ly=10 rank=55 ids=   5 pg= 0.250 it=   0 TEE=0
Lx=Ly=10 rank=56 ids=   6 pg= 0.250 it=   0 TEE=0
Lx=Ly=10 rank=57 ids=   7 pg= 0.250 it=   0 TEE=0
Lx=Ly=10 rank=58 ids=   8 pg= 0.250 it=   0 TEE=0
Lx=Ly=10 rank=59 ids=   9 pg= 0.250 it=   0 TEE=0
Lx=Ly=10 rank=60 ids=   0 pg= 0.300 it=   0 TEE=0
Lx=Ly=10 rank=61 ids=   1 pg= 0.300 it=   0 TEE=0
Lx=Ly=10 rank=62 ids=   2 pg= 0.300 it=   0 TEE=0
Lx=Ly=10 rank=63 ids=   3 pg= 0.300 it=   0 TEE=0
Lx=Ly=10 rank=64 ids=   4 pg= 0.300 it=   0 TEE=0
Lx=Ly=10 rank=65 ids=   5 pg= 0.300 it=   0 TEE=0
Lx=Ly=10 rank=66 ids=   6 pg= 0.300 it=   0 TEE=0
Lx=Ly=10 rank=67 ids=   7 pg= 0.300 it=   0 TEE=0
Lx=Ly=10 rank=68 ids=   8 pg= 0.300 it=   0 TEE=0
Lx=Ly=10 rank=69 ids=   9 pg= 0.300 it=   0 TEE=0
Lx=Ly=10 rank=70 ids=   0 pg= 0.350 it=   0 TEE=0
Lx=Ly=10 rank=71 ids=   1 pg= 0.350 it=   0 TEE=0
Lx=Ly=10 rank=72 ids=   2 pg= 0.350 it=   0 TEE=0
Lx=Ly=10 rank=73 ids=   3 pg= 0.350 it=   0 TEE=0
Lx=Ly=10 rank=74 ids=   4 pg= 0.350 it=   0 TEE=0
Lx=Ly=10 rank=75 ids=   5 pg= 0.350 it=   0 TEE=0
Lx=Ly=10 rank=76 ids=   6 pg= 0.350 it=   0 TEE=0
Lx=Ly=10 rank=77 ids=   7 pg= 0.350 it=   0 TEE=0
Lx=Ly=10 rank=78 ids=   8 pg= 0.350 it=   0 TEE=0
Lx=Ly=10 rank=79 ids=   9 pg= 0.350 it=   0 TEE=0
Lx=Ly=10 rank=80 ids=   0 pg= 0.400 it=   0 TEE=0
Lx=Ly=10 rank=81 ids=   1 pg= 0.400 it=   0 TEE=0
Lx=Ly=10 rank=82 ids=   2 pg= 0.400 it=   0 TEE=0
Lx=Ly=10 rank=83 ids=   3 pg= 0.400 it=   0 TEE=0
Lx=Ly=10 rank=84 ids=   4 pg= 0.400 it=   0 TEE=0
Lx=Ly=10 rank=85 ids=   5 pg= 0.400 it=   0 TEE=0
Lx=Ly=10 rank=86 ids=   6 pg= 0.400 it=   0 TEE=0
Lx=Ly=10 rank=87 ids=   7 pg= 0.400 it=   0 TEE=0
Lx=Ly=10 rank=88 ids=   8 pg= 0.400 it=   0 TEE=0
Lx=Ly=10 rank=89 ids=   9 pg= 0.400 it=   0 TEE=0
Lx=Ly=10 rank=90 ids=   0 pg= 0.450 it=   0 TEE=0
Lx=Ly=10 rank=91 ids=   1 pg= 0.450 it=   0 TEE=0
Lx=Ly=10 rank=92 ids=   2 pg= 0.450 it=   0 TEE=0
Lx=Ly=10 rank=93 ids=   3 pg= 0.450 it=   0 TEE=0
Lx=Ly=10 rank=94 ids=   4 pg= 0.450 it=   0 TEE=0
Lx=Ly=10 rank=95 ids=   5 pg= 0.450 it=   0 TEE=0
Lx=Ly=10 rank=96 ids=   6 pg= 0.450 it=   0 TEE=0
Lx=Ly=10 rank=97 ids=   7 pg= 0.450 it=   0 TEE=0
Lx=Ly=10 rank=98 ids=   8 pg= 0.450 it=   0 TEE=0
Lx=Ly=10 rank=99 ids=   9 pg= 0.450 it=   0 TEE=0
Lx=Ly=10 rank=100 ids=   0 pg= 0.500 it=   0 TEE=0
Lx=Ly=10 rank=101 ids=   1 pg= 0.500 it=   0 TEE=0
Lx=Ly=10 rank=102 ids=   2 pg= 0.500 it=   0 TEE=0
Lx=Ly=10 rank=103 ids=   3 pg= 0.500 it=   0 TEE=0
Lx=Ly=10 rank=104 ids=   4 pg= 0.500 it=   0 TEE=0
Lx=Ly=10 rank=105 ids=   5 pg= 0.500 it=   0 TEE=0
Lx=Ly=10 rank=106 ids=   6 pg= 0.500 it=   0 TEE=0
Lx=Ly=10 rank=107 ids=   7 pg= 0.500 it=   0 TEE=0
Lx=Ly=10 rank=108 ids=   8 pg= 0.500 it=   0 TEE=0
Lx=Ly=10 rank=109 ids=   9 pg= 0.500 it=   0 TEE=0
Lx=Ly=10 rank=110 ids=   0 pg= 0.550 it=   0 TEE=0
Lx=Ly=10 rank=111 ids=   1 pg= 0.550 it=   0 TEE=0
Lx=Ly=10 rank=112 ids=   2 pg= 0.550 it=   0 TEE=0
Lx=Ly=10 rank=113 ids=   3 pg= 0.550 it=   0 TEE=0
Lx=Ly=10 rank=114 ids=   4 pg= 0.550 it=   0 TEE=0
Lx=Ly=10 rank=115 ids=   5 pg= 0.550 it=   0 TEE=0
Lx=Ly=10 rank=116 ids=   6 pg= 0.550 it=   0 TEE=0
Lx=Ly=10 rank=117 ids=   7 pg= 0.550 it=   0 TEE=0
Lx=Ly=10 rank=118 ids=   8 pg= 0.550 it=   0 TEE=0
Lx=Ly=10 rank=119 ids=   9 pg= 0.550 it=   0 TEE=0
Lx=Ly=10 rank=120 ids=   0 pg= 0.600 it=   0 TEE=0
Lx=Ly=10 rank=121 ids=   1 pg= 0.600 it=   0 TEE=0
Lx=Ly=10 rank=122 ids=   2 pg= 0.600 it=   0 TEE=0
Lx=Ly=10 rank=123 ids=   3 pg= 0.600 it=   0 TEE=0
Lx=Ly=10 rank=124 ids=   4 pg= 0.600 it=   0 TEE=0
Lx=Ly=10 rank=125 ids=   5 pg= 0.600 it=   0 TEE=0
Lx=Ly=10 rank=126 ids=   6 pg= 0.600 it=   0 TEE=0
Lx=Ly=10 rank=127 ids=   7 pg= 0.600 it=   0 TEE=0
Lx=Ly=10 rank=21 ids=   1 pg= 0.100 it=4499 TEE=0
Lx=Ly=10 rank=21 ids=   9 pg= 0.700 it=   0 TEE=0
Lx=Ly=10 rank=49 ids=   9 pg= 0.200 it=4499 TEE=0
Lx=Ly=10 rank=49 ids=   7 pg= 0.850 it=   0 TEE=0
Lx=Ly=10 rank=45 ids=   5 pg= 0.200 it=4499 TEE=0
Lx=Ly=10 rank=45 ids=   3 pg= 0.850 it=   0 TEE=0
Lx=Ly=10 rank=15 ids=   5 pg= 0.050 it=4499 TEE=0
Lx=Ly=10 rank=15 ids=   3 pg= 0.700 it=   0 TEE=0
Lx=Ly=10 rank=33 ids=   3 pg= 0.150 it=4499 TEE=0
Lx=Ly=10 rank=33 ids=   1 pg= 0.800 it=   0 TEE=0
Lx=Ly=10 rank=75 ids=   5 pg= 0.350 it=4499 TEE=0
Lx=Ly=10 rank=75 ids=   3 pg= 1.000 it=   0 TEE=0
Lx=Ly=10 rank=17 ids=   7 pg= 0.050 it=4499 TEE=0
Lx=Ly=10 rank=17 ids=   5 pg= 0.700 it=   0 TEE=0
Lx=Ly=10 rank=31 ids=   1 pg= 0.150 it=4499 TEE=0
Lx=Ly=10 rank=31 ids=   9 pg= 0.750 it=   0 TEE=0
Lx=Ly=10 rank=53 ids=   3 pg= 0.250 it=4499 TEE=0
Lx=Ly=10 rank=53 ids=   1 pg= 0.900 it=   0 TEE=0
Lx=Ly=10 rank=61 ids=   1 pg= 0.300 it=4499 TEE=0
Lx=Ly=10 rank=61 ids=   9 pg= 0.900 it=   0 TEE=0
Lx=Ly=10 rank= 7 ids=   7 pg= 0.000 it=4499 TEE=0
Lx=Ly=10 rank= 7 ids=   5 pg= 0.650 it=   0 TEE=0
Lx=Ly=10 rank=59 ids=   9 pg= 0.250 it=4499 TEE=0
Lx=Ly=10 rank= 1 ids=   1 pg= 0.000 it=4499 TEE=0
Lx=Ly=10 rank=59 ids=   7 pg= 0.900 it=   0 TEE=0
Lx=Ly=10 rank= 1 ids=   9 pg= 0.600 it=   0 TEE=0
Lx=Ly=10 rank=41 ids=   1 pg= 0.200 it=4499 TEE=0
Lx=Ly=10 rank=41 ids=   9 pg= 0.800 it=   0 TEE=0
Lx=Ly=10 rank=103 ids=   3 pg= 0.500 it=4499 TEE=0
Lx=Ly=10 rank=19 ids=   9 pg= 0.050 it=4499 TEE=0
Lx=Ly=10 rank=19 ids=   7 pg= 0.700 it=   0 TEE=0
Lx=Ly=10 rank=37 ids=   7 pg= 0.150 it=4499 TEE=0
Lx=Ly=10 rank= 9 ids=   9 pg= 0.000 it=4499 TEE=0
Lx=Ly=10 rank=37 ids=   5 pg= 0.800 it=   0 TEE=0
Lx=Ly=10 rank=71 ids=   1 pg= 0.350 it=4499 TEE=0
Lx=Ly=10 rank= 9 ids=   7 pg= 0.650 it=   0 TEE=0
Lx=Ly=10 rank=71 ids=   9 pg= 0.950 it=   0 TEE=0
Lx=Ly=10 rank=63 ids=   3 pg= 0.300 it=4499 TEE=0
Lx=Ly=10 rank=63 ids=   1 pg= 0.950 it=   0 TEE=0
Lx=Ly=10 rank=89 ids=   9 pg= 0.400 it=4499 TEE=0
Lx=Ly=10 rank=47 ids=   7 pg= 0.200 it=4499 TEE=0
Lx=Ly=10 rank=55 ids=   5 pg= 0.250 it=4499 TEE=0
Lx=Ly=10 rank=47 ids=   5 pg= 0.850 it=   0 TEE=0
Lx=Ly=10 rank=55 ids=   3 pg= 0.900 it=   0 TEE=0
Lx=Ly=10 rank=65 ids=   5 pg= 0.300 it=4499 TEE=0
Lx=Ly=10 rank=65 ids=   3 pg= 0.950 it=   0 TEE=0
Lx=Ly=10 rank=23 ids=   3 pg= 0.100 it=4499 TEE=0
Lx=Ly=10 rank=35 ids=   5 pg= 0.150 it=4499 TEE=0
Lx=Ly=10 rank=23 ids=   1 pg= 0.750 it=   0 TEE=0
Lx=Ly=10 rank=35 ids=   3 pg= 0.800 it=   0 TEE=0
Lx=Ly=10 rank=57 ids=   7 pg= 0.250 it=4499 TEE=0
Lx=Ly=10 rank=57 ids=   5 pg= 0.900 it=   0 TEE=0
Lx=Ly=10 rank=29 ids=   9 pg= 0.100 it=4499 TEE=0
Lx=Ly=10 rank=29 ids=   7 pg= 0.750 it=   0 TEE=0
Lx=Ly=10 rank=43 ids=   3 pg= 0.200 it=4499 TEE=0
Lx=Ly=10 rank=43 ids=   1 pg= 0.850 it=   0 TEE=0
Lx=Ly=10 rank=79 ids=   9 pg= 0.350 it=4499 TEE=0
Lx=Ly=10 rank=13 ids=   3 pg= 0.050 it=4499 TEE=0
Lx=Ly=10 rank=79 ids=   7 pg= 1.000 it=   0 TEE=0
Lx=Ly=10 rank=13 ids=   1 pg= 0.700 it=   0 TEE=0
Lx=Ly=10 rank= 5 ids=   5 pg= 0.000 it=4499 TEE=0
Lx=Ly=10 rank=11 ids=   1 pg= 0.050 it=4499 TEE=0
Lx=Ly=10 rank= 5 ids=   3 pg= 0.650 it=   0 TEE=0
Lx=Ly=10 rank=11 ids=   9 pg= 0.650 it=   0 TEE=0
Lx=Ly=10 rank=34 ids=   4 pg= 0.150 it=4499 TEE=0
Lx=Ly=10 rank=34 ids=   2 pg= 0.800 it=   0 TEE=0
Lx=Ly=10 rank=25 ids=   5 pg= 0.100 it=4499 TEE=0
Lx=Ly=10 rank=25 ids=   3 pg= 0.750 it=   0 TEE=0
Lx=Ly=10 rank=39 ids=   9 pg= 0.150 it=4499 TEE=0
Lx=Ly=10 rank=39 ids=   7 pg= 0.800 it=   0 TEE=0
Lx=Ly=10 rank=24 ids=   4 pg= 0.100 it=4499 TEE=0
Lx=Ly=10 rank=36 ids=   6 pg= 0.150 it=4499 TEE=0
Lx=Ly=10 rank=24 ids=   2 pg= 0.750 it=   0 TEE=0
Lx=Ly=10 rank= 3 ids=   3 pg= 0.000 it=4499 TEE=0
Lx=Ly=10 rank=36 ids=   4 pg= 0.800 it=   0 TEE=0
Lx=Ly=10 rank=121 ids=   1 pg= 0.600 it=4499 TEE=0
Lx=Ly=10 rank= 3 ids=   1 pg= 0.650 it=   0 TEE=0
Lx=Ly=10 rank=69 ids=   9 pg= 0.300 it=4499 TEE=0
Lx=Ly=10 rank=69 ids=   7 pg= 0.950 it=   0 TEE=0
Lx=Ly=10 rank=10 ids=   0 pg= 0.050 it=4499 TEE=0
Lx=Ly=10 rank=10 ids=   8 pg= 0.650 it=   0 TEE=0
Lx=Ly=10 rank=107 ids=   7 pg= 0.500 it=4499 TEE=0
Lx=Ly=10 rank=26 ids=   6 pg= 0.100 it=4499 TEE=0
Lx=Ly=10 rank=26 ids=   4 pg= 0.750 it=   0 TEE=0
Lx=Ly=10 rank=127 ids=   7 pg= 0.600 it=4499 TEE=0
Lx=Ly=10 rank=109 ids=   9 pg= 0.500 it=4499 TEE=0
Lx=Ly=10 rank=78 ids=   8 pg= 0.350 it=4499 TEE=0
Lx=Ly=10 rank=78 ids=   6 pg= 1.000 it=   0 TEE=0
Lx=Ly=10 rank=125 ids=   5 pg= 0.600 it=4499 TEE=0
Lx=Ly=10 rank=111 ids=   1 pg= 0.550 it=4499 TEE=0
Lx=Ly=10 rank=27 ids=   7 pg= 0.100 it=4499 TEE=0
Lx=Ly=10 rank=27 ids=   5 pg= 0.750 it=   0 TEE=0
Lx=Ly=10 rank=51 ids=   1 pg= 0.250 it=4499 TEE=0
Lx=Ly=10 rank=119 ids=   9 pg= 0.550 it=4499 TEE=0
Lx=Ly=10 rank=51 ids=   9 pg= 0.850 it=   0 TEE=0
Lx=Ly=10 rank= 4 ids=   4 pg= 0.000 it=4499 TEE=0
Lx=Ly=10 rank= 4 ids=   2 pg= 0.650 it=   0 TEE=0
Lx=Ly=10 rank=87 ids=   7 pg= 0.400 it=4499 TEE=0
Lx=Ly=10 rank=123 ids=   3 pg= 0.600 it=4499 TEE=0
Lx=Ly=10 rank=30 ids=   0 pg= 0.150 it=4499 TEE=0
Lx=Ly=10 rank=30 ids=   8 pg= 0.750 it=   0 TEE=0
Lx=Ly=10 rank=67 ids=   7 pg= 0.300 it=4499 TEE=0
Lx=Ly=10 rank=70 ids=   0 pg= 0.350 it=4499 TEE=0
Lx=Ly=10 rank=67 ids=   5 pg= 0.950 it=   0 TEE=0
Lx=Ly=10 rank=77 ids=   7 pg= 0.350 it=4499 TEE=0
Lx=Ly=10 rank=70 ids=   8 pg= 0.950 it=   0 TEE=0
Lx=Ly=10 rank= 8 ids=   8 pg= 0.000 it=4499 TEE=0
Lx=Ly=10 rank=77 ids=   5 pg= 1.000 it=   0 TEE=0
Lx=Ly=10 rank= 8 ids=   6 pg= 0.650 it=   0 TEE=0
Lx=Ly=10 rank=18 ids=   8 pg= 0.050 it=4499 TEE=0
Lx=Ly=10 rank=81 ids=   1 pg= 0.400 it=4499 TEE=0
Lx=Ly=10 rank=38 ids=   8 pg= 0.150 it=4499 TEE=0
Lx=Ly=10 rank=28 ids=   8 pg= 0.100 it=4499 TEE=0
Lx=Ly=10 rank=18 ids=   6 pg= 0.700 it=   0 TEE=0
Lx=Ly=10 rank=81 ids=   9 pg= 1.000 it=   0 TEE=0
Lx=Ly=10 rank=38 ids=   6 pg= 0.800 it=   0 TEE=0
Lx=Ly=10 rank=115 ids=   5 pg= 0.550 it=4499 TEE=0
Lx=Ly=10 rank=28 ids=   6 pg= 0.750 it=   0 TEE=0
Lx=Ly=10 rank=20 ids=   0 pg= 0.100 it=4499 TEE=0
Lx=Ly=10 rank=93 ids=   3 pg= 0.450 it=4499 TEE=0
Lx=Ly=10 rank=20 ids=   8 pg= 0.700 it=   0 TEE=0
Lx=Ly=10 rank=46 ids=   6 pg= 0.200 it=4499 TEE=0
Lx=Ly=10 rank=46 ids=   4 pg= 0.850 it=   0 TEE=0
Lx=Ly=10 rank=12 ids=   2 pg= 0.050 it=4499 TEE=0
Lx=Ly=10 rank=12 ids=   0 pg= 0.700 it=   0 TEE=0
Lx=Ly=10 rank=92 ids=   2 pg= 0.450 it=4499 TEE=0
Lx=Ly=10 rank=50 ids=   0 pg= 0.250 it=4499 TEE=0
Lx=Ly=10 rank=50 ids=   8 pg= 0.850 it=   0 TEE=0
Lx=Ly=10 rank= 2 ids=   2 pg= 0.000 it=4499 TEE=0
Lx=Ly=10 rank= 0 ids=   0 pg= 0.000 it=4499 TEE=0
Lx=Ly=10 rank=56 ids=   6 pg= 0.250 it=4499 TEE=0
Lx=Ly=10 rank= 2 ids=   0 pg= 0.650 it=   0 TEE=0
Lx=Ly=10 rank= 0 ids=   8 pg= 0.600 it=   0 TEE=0
Lx=Ly=10 rank=64 ids=   4 pg= 0.300 it=4499 TEE=0
Lx=Ly=10 rank=56 ids=   4 pg= 0.900 it=   0 TEE=0
Lx=Ly=10 rank=64 ids=   2 pg= 0.950 it=   0 TEE=0
Lx=Ly=10 rank=68 ids=   8 pg= 0.300 it=4499 TEE=0
Lx=Ly=10 rank=16 ids=   6 pg= 0.050 it=4499 TEE=0
Lx=Ly=10 rank=68 ids=   6 pg= 0.950 it=   0 TEE=0
Lx=Ly=10 rank=16 ids=   4 pg= 0.700 it=   0 TEE=0
Lx=Ly=10 rank=73 ids=   3 pg= 0.350 it=4499 TEE=0
Lx=Ly=10 rank=73 ids=   1 pg= 1.000 it=   0 TEE=0
Lx=Ly=10 rank=97 ids=   7 pg= 0.450 it=4499 TEE=0
Lx=Ly=10 rank=99 ids=   9 pg= 0.450 it=4499 TEE=0
Lx=Ly=10 rank=95 ids=   5 pg= 0.450 it=4499 TEE=0
Lx=Ly=10 rank=48 ids=   8 pg= 0.200 it=4499 TEE=0
Lx=Ly=10 rank=120 ids=   0 pg= 0.600 it=4499 TEE=0
Lx=Ly=10 rank=42 ids=   2 pg= 0.200 it=4499 TEE=0
Lx=Ly=10 rank=83 ids=   3 pg= 0.400 it=4499 TEE=0
Lx=Ly=10 rank=48 ids=   6 pg= 0.850 it=   0 TEE=0
Lx=Ly=10 rank=42 ids=   0 pg= 0.850 it=   0 TEE=0
Lx=Ly=10 rank=80 ids=   0 pg= 0.400 it=4499 TEE=0
Lx=Ly=10 rank=80 ids=   8 pg= 1.000 it=   0 TEE=0
Lx=Ly=10 rank=122 ids=   2 pg= 0.600 it=4499 TEE=0
Lx=Ly=10 rank=66 ids=   6 pg= 0.300 it=4499 TEE=0
Lx=Ly=10 rank=66 ids=   4 pg= 0.950 it=   0 TEE=0
Lx=Ly=10 rank=105 ids=   5 pg= 0.500 it=4499 TEE=0
Lx=Ly=10 rank=85 ids=   5 pg= 0.400 it=4499 TEE=0
Lx=Ly=10 rank=91 ids=   1 pg= 0.450 it=4499 TEE=0
Lx=Ly=10 rank=117 ids=   7 pg= 0.550 it=4499 TEE=0
Lx=Ly=10 rank=118 ids=   8 pg= 0.550 it=4499 TEE=0
Lx=Ly=10 rank=88 ids=   8 pg= 0.400 it=4499 TEE=0
Lx=Ly=10 rank=112 ids=   2 pg= 0.550 it=4499 TEE=0
Lx=Ly=10 rank=94 ids=   4 pg= 0.450 it=4499 TEE=0
Lx=Ly=10 rank=40 ids=   0 pg= 0.200 it=4499 TEE=0
Lx=Ly=10 rank=40 ids=   8 pg= 0.800 it=   0 TEE=0
Lx=Ly=10 rank=44 ids=   4 pg= 0.200 it=4499 TEE=0
Lx=Ly=10 rank=76 ids=   6 pg= 0.350 it=4499 TEE=0
Lx=Ly=10 rank=44 ids=   2 pg= 0.850 it=   0 TEE=0
Lx=Ly=10 rank=76 ids=   4 pg= 1.000 it=   0 TEE=0
Lx=Ly=10 rank=52 ids=   2 pg= 0.250 it=4499 TEE=0
Lx=Ly=10 rank=96 ids=   6 pg= 0.450 it=4499 TEE=0
Lx=Ly=10 rank=52 ids=   0 pg= 0.900 it=   0 TEE=0
Lx=Ly=10 rank=58 ids=   8 pg= 0.250 it=4499 TEE=0
Lx=Ly=10 rank=58 ids=   6 pg= 0.900 it=   0 TEE=0
Lx=Ly=10 rank=106 ids=   6 pg= 0.500 it=4499 TEE=0
Lx=Ly=10 rank=124 ids=   4 pg= 0.600 it=4499 TEE=0
Lx=Ly=10 rank=62 ids=   2 pg= 0.300 it=4499 TEE=0
Lx=Ly=10 rank=86 ids=   6 pg= 0.400 it=4499 TEE=0
Lx=Ly=10 rank=62 ids=   0 pg= 0.950 it=   0 TEE=0
Lx=Ly=10 rank=82 ids=   2 pg= 0.400 it=4499 TEE=0
Lx=Ly=10 rank=32 ids=   2 pg= 0.150 it=4499 TEE=0
Lx=Ly=10 rank=32 ids=   0 pg= 0.800 it=   0 TEE=0
Lx=Ly=10 rank=101 ids=   1 pg= 0.500 it=4499 TEE=0
Lx=Ly=10 rank=113 ids=   3 pg= 0.550 it=4499 TEE=0
Lx=Ly=10 rank=116 ids=   6 pg= 0.550 it=4499 TEE=0
Lx=Ly=10 rank=14 ids=   4 pg= 0.050 it=4499 TEE=0
Lx=Ly=10 rank=100 ids=   0 pg= 0.500 it=4499 TEE=0
Lx=Ly=10 rank=14 ids=   2 pg= 0.700 it=   0 TEE=0
Lx=Ly=10 rank=126 ids=   6 pg= 0.600 it=4499 TEE=0
Lx=Ly=10 rank= 6 ids=   6 pg= 0.000 it=4499 TEE=0
Lx=Ly=10 rank= 6 ids=   4 pg= 0.650 it=   0 TEE=0
Lx=Ly=10 rank=22 ids=   2 pg= 0.100 it=4499 TEE=0
Lx=Ly=10 rank=54 ids=   4 pg= 0.250 it=4499 TEE=0
Lx=Ly=10 rank=22 ids=   0 pg= 0.750 it=   0 TEE=0
Lx=Ly=10 rank=54 ids=   2 pg= 0.900 it=   0 TEE=0
Lx=Ly=10 rank=74 ids=   4 pg= 0.350 it=4499 TEE=0
Lx=Ly=10 rank=74 ids=   2 pg= 1.000 it=   0 TEE=0
Lx=Ly=10 rank=104 ids=   4 pg= 0.500 it=4499 TEE=0
Lx=Ly=10 rank=108 ids=   8 pg= 0.500 it=4499 TEE=0
Lx=Ly=10 rank=98 ids=   8 pg= 0.450 it=4499 TEE=0
Lx=Ly=10 rank=84 ids=   4 pg= 0.400 it=4499 TEE=0
Lx=Ly=10 rank=72 ids=   2 pg= 0.350 it=4499 TEE=0
Lx=Ly=10 rank=102 ids=   2 pg= 0.500 it=4499 TEE=0
Lx=Ly=10 rank=72 ids=   0 pg= 1.000 it=   0 TEE=0
Lx=Ly=10 rank=114 ids=   4 pg= 0.550 it=4499 TEE=0
Lx=Ly=10 rank=110 ids=   0 pg= 0.550 it=4499 TEE=0
Lx=Ly=10 rank=90 ids=   0 pg= 0.450 it=4499 TEE=0
Lx=Ly=10 rank=60 ids=   0 pg= 0.300 it=4499 TEE=0
Lx=Ly=10 rank=60 ids=   8 pg= 0.900 it=   0 TEE=0
Lx=Ly=10 rank=15 ids=   3 pg= 0.700 it=4499 TEE=0
Lx=Ly=10 rank=21 ids=   9 pg= 0.700 it=4499 TEE=0
Lx=Ly=10 rank= 3 ids=   1 pg= 0.650 it=4499 TEE=0
Lx=Ly=10 rank= 9 ids=   7 pg= 0.650 it=4499 TEE=0
Lx=Ly=10 rank= 7 ids=   5 pg= 0.650 it=4499 TEE=0
Lx=Ly=10 rank= 1 ids=   9 pg= 0.600 it=4499 TEE=0
Lx=Ly=10 rank=19 ids=   7 pg= 0.700 it=4499 TEE=0
Lx=Ly=10 rank= 5 ids=   3 pg= 0.650 it=4499 TEE=0
Lx=Ly=10 rank=13 ids=   1 pg= 0.700 it=4499 TEE=0
Lx=Ly=10 rank=11 ids=   9 pg= 0.650 it=4499 TEE=0
Lx=Ly=10 rank=17 ids=   5 pg= 0.700 it=4499 TEE=0
Lx=Ly=10 rank= 4 ids=   2 pg= 0.650 it=4499 TEE=0
Lx=Ly=10 rank= 2 ids=   0 pg= 0.650 it=4499 TEE=0
Lx=Ly=10 rank=10 ids=   8 pg= 0.650 it=4499 TEE=0
Lx=Ly=10 rank=25 ids=   3 pg= 0.750 it=4499 TEE=0
Lx=Ly=10 rank=20 ids=   8 pg= 0.700 it=4499 TEE=0
Lx=Ly=10 rank= 0 ids=   8 pg= 0.600 it=4499 TEE=0
Lx=Ly=10 rank=31 ids=   9 pg= 0.750 it=4499 TEE=-1
Lx=Ly=10 rank=27 ids=   5 pg= 0.750 it=4499 TEE=0
Lx=Ly=10 rank= 8 ids=   6 pg= 0.650 it=4499 TEE=0
Lx=Ly=10 rank=23 ids=   1 pg= 0.750 it=4499 TEE=-1
Lx=Ly=10 rank=12 ids=   0 pg= 0.700 it=4499 TEE=-1
Lx=Ly=10 rank=18 ids=   6 pg= 0.700 it=4499 TEE=0
Lx=Ly=10 rank=16 ids=   4 pg= 0.700 it=4499 TEE=0
Lx=Ly=10 rank=29 ids=   7 pg= 0.750 it=4499 TEE=-1
Lx=Ly=10 rank=37 ids=   5 pg= 0.800 it=4499 TEE=-1
Lx=Ly=10 rank= 6 ids=   4 pg= 0.650 it=4499 TEE=0
Lx=Ly=10 rank=24 ids=   2 pg= 0.750 it=4499 TEE=0
Lx=Ly=10 rank=35 ids=   3 pg= 0.800 it=4499 TEE=-1
Lx=Ly=10 rank=33 ids=   1 pg= 0.800 it=4499 TEE=-1
Lx=Ly=10 rank=28 ids=   6 pg= 0.750 it=4499 TEE=0
Lx=Ly=10 rank=14 ids=   2 pg= 0.700 it=4499 TEE=0
Lx=Ly=10 rank=49 ids=   7 pg= 0.850 it=4499 TEE=-1
Lx=Ly=10 rank=26 ids=   4 pg= 0.750 it=4499 TEE=0
Lx=Ly=10 rank=41 ids=   9 pg= 0.800 it=4499 TEE=-1
Lx=Ly=10 rank=34 ids=   2 pg= 0.800 it=4499 TEE=-1
Lx=Ly=10 rank=45 ids=   3 pg= 0.850 it=4499 TEE=-1
Lx=Ly=10 rank=39 ids=   7 pg= 0.800 it=4499 TEE=-1
Lx=Ly=10 rank=30 ids=   8 pg= 0.750 it=4499 TEE=0
Lx=Ly=10 rank=47 ids=   5 pg= 0.850 it=4499 TEE=-1
Lx=Ly=10 rank=36 ids=   4 pg= 0.800 it=4499 TEE=-1
Lx=Ly=10 rank=32 ids=   0 pg= 0.800 it=4499 TEE=-1
Lx=Ly=10 rank=43 ids=   1 pg= 0.850 it=4499 TEE=-1
Lx=Ly=10 rank=38 ids=   6 pg= 0.800 it=4499 TEE=0
Lx=Ly=10 rank=51 ids=   9 pg= 0.850 it=4499 TEE=-1
Lx=Ly=10 rank=40 ids=   8 pg= 0.800 it=4499 TEE=-1
Lx=Ly=10 rank=22 ids=   0 pg= 0.750 it=4499 TEE=-1
Lx=Ly=10 rank=53 ids=   1 pg= 0.900 it=4499 TEE=-1
Lx=Ly=10 rank=57 ids=   5 pg= 0.900 it=4499 TEE=-1
Lx=Ly=10 rank=75 ids=   3 pg= 1.000 it=4499 TEE=-1
Lx=Ly=10 rank=79 ids=   7 pg= 1.000 it=4499 TEE=-1
Lx=Ly=10 rank=50 ids=   8 pg= 0.850 it=4499 TEE=-1
Lx=Ly=10 rank=81 ids=   9 pg= 1.000 it=4499 TEE=-1
Lx=Ly=10 rank=55 ids=   3 pg= 0.900 it=4499 TEE=-1
Lx=Ly=10 rank=59 ids=   7 pg= 0.900 it=4499 TEE=-1
Lx=Ly=10 rank=46 ids=   4 pg= 0.850 it=4499 TEE=-1
Lx=Ly=10 rank=61 ids=   9 pg= 0.900 it=4499 TEE=-1
Lx=Ly=10 rank=48 ids=   6 pg= 0.850 it=4499 TEE=-1
Lx=Ly=10 rank=42 ids=   0 pg= 0.850 it=4499 TEE=-1
Lx=Ly=10 rank=80 ids=   8 pg= 1.000 it=4499 TEE=-1
Lx=Ly=10 rank=44 ids=   2 pg= 0.850 it=4499 TEE=-1
Lx=Ly=10 rank=78 ids=   6 pg= 1.000 it=4499 TEE=-1
Lx=Ly=10 rank=73 ids=   1 pg= 1.000 it=4499 TEE=-1
Lx=Ly=10 rank=77 ids=   5 pg= 1.000 it=4499 TEE=-1
Lx=Ly=10 rank=71 ids=   9 pg= 0.950 it=4499 TEE=-1
Lx=Ly=10 rank=65 ids=   3 pg= 0.950 it=4499 TEE=-1
Lx=Ly=10 rank=67 ids=   5 pg= 0.950 it=4499 TEE=-1
Lx=Ly=10 rank=63 ids=   1 pg= 0.950 it=4499 TEE=-1
Lx=Ly=10 rank=69 ids=   7 pg= 0.950 it=4499 TEE=-1
Lx=Ly=10 rank=56 ids=   4 pg= 0.900 it=4499 TEE=-1
Lx=Ly=10 rank=72 ids=   0 pg= 1.000 it=4499 TEE=-1
Lx=Ly=10 rank=70 ids=   8 pg= 0.950 it=4499 TEE=-1
Lx=Ly=10 rank=52 ids=   0 pg= 0.900 it=4499 TEE=-1
Lx=Ly=10 rank=74 ids=   2 pg= 1.000 it=4499 TEE=-1
Lx=Ly=10 rank=64 ids=   2 pg= 0.950 it=4499 TEE=-1
Lx=Ly=10 rank=54 ids=   2 pg= 0.900 it=4499 TEE=-1
Lx=Ly=10 rank=76 ids=   4 pg= 1.000 it=4499 TEE=-1
Lx=Ly=10 rank=58 ids=   6 pg= 0.900 it=4499 TEE=-1
Lx=Ly=10 rank=66 ids=   4 pg= 0.950 it=4499 TEE=-1
Lx=Ly=10 rank=68 ids=   6 pg= 0.950 it=4499 TEE=-1
Lx=Ly=10 rank=62 ids=   0 pg= 0.950 it=4499 TEE=-1
Lx=Ly=10 rank=60 ids=   8 pg= 0.900 it=4499 TEE=-1
